Component: Arm Compiler for Embedded 6.22 Tool: armlink [5ee90200]

==============================================================================

Section Cross References

    main.o(.ARM.exidx.text.PLL_Config) refers to main.o(.text.PLL_Config) for [Anonymous Symbol]
    main.o(.ARM.exidx.text.LED_Init) refers to main.o(.text.LED_Init) for [Anonymous Symbol]
    main.o(.ARM.exidx.text.Init_Timer2) refers to main.o(.text.Init_Timer2) for [Anonymous Symbol]
    main.o(.text.TIM2_IRQHandler) refers to main.o(.text.Toggle_LED1) for Toggle_LED1
    main.o(.ARM.exidx.text.TIM2_IRQHandler) refers to main.o(.text.TIM2_IRQHandler) for [Anonymous Symbol]
    main.o(.ARM.exidx.text.Toggle_LED1) refers to main.o(.text.Toggle_LED1) for [Anonymous Symbol]
    main.o(.ARM.exidx.text.USART_SendData) refers to main.o(.text.USART_SendData) for [Anonymous Symbol]
    main.o(.text.USART_SendString) refers to main.o(.text.USART_SendData) for USART_SendData
    main.o(.ARM.exidx.text.USART_SendString) refers to main.o(.text.USART_SendString) for [Anonymous Symbol]
    main.o(.ARM.exidx.text.init_USART) refers to main.o(.text.init_USART) for [Anonymous Symbol]
    main.o(.ARM.exidx.text.ADC_LED_Init) refers to main.o(.text.ADC_LED_Init) for [Anonymous Symbol]
    main.o(.ARM.exidx.text.TIM3_Init) refers to main.o(.text.TIM3_Init) for [Anonymous Symbol]
    main.o(.ARM.exidx.text.init_ADC) refers to main.o(.text.init_ADC) for [Anonymous Symbol]
    main.o(.ARM.exidx.text.Control_LEDs) refers to main.o(.text.Control_LEDs) for [Anonymous Symbol]
    main.o(.text.CONTROL_LED_FUNCTION) refers to main.o(.text.read_adc) for read_adc
    main.o(.text.CONTROL_LED_FUNCTION) refers to main.o(.text.Control_LEDs) for Control_LEDs
    main.o(.ARM.exidx.text.CONTROL_LED_FUNCTION) refers to main.o(.text.CONTROL_LED_FUNCTION) for [Anonymous Symbol]
    main.o(.ARM.exidx.text.read_adc) refers to main.o(.text.read_adc) for [Anonymous Symbol]
    main.o(.ARM.exidx.text.PWM_Init) refers to main.o(.text.PWM_Init) for [Anonymous Symbol]
    main.o(.ARM.exidx.text.TIM4_Init) refers to main.o(.text.TIM4_Init) for [Anonymous Symbol]
    main.o(.ARM.exidx.text.TIM4_IRQHandler) refers to main.o(.text.TIM4_IRQHandler) for [Anonymous Symbol]
    main.o(.ARM.exidx.text.TIM3_IRQHandler) refers to main.o(.text.TIM3_IRQHandler) for [Anonymous Symbol]
    main.o(.ARM.exidx.text.TIM6_Delay) refers to main.o(.text.TIM6_Delay) for [Anonymous Symbol]
    main.o(.ARM.exidx.text.Delay_us) refers to main.o(.text.Delay_us) for [Anonymous Symbol]
    main.o(.text.Delay_ms) refers to main.o(.text.Delay_us) for Delay_us
    main.o(.ARM.exidx.text.Delay_ms) refers to main.o(.text.Delay_ms) for [Anonymous Symbol]
    main.o(.ARM.exidx.text.IWDG_Init) refers to main.o(.text.IWDG_Init) for [Anonymous Symbol]
    main.o(.text.IWDG_Reset) refers to main.o(.text.Delay_ms) for Delay_ms
    main.o(.ARM.exidx.text.IWDG_Reset) refers to main.o(.text.IWDG_Reset) for [Anonymous Symbol]
    main.o(.ARM.exidx.text.I2C_Config) refers to main.o(.text.I2C_Config) for [Anonymous Symbol]
    main.o(.ARM.exidx.text.I2C_Start) refers to main.o(.text.I2C_Start) for [Anonymous Symbol]
    main.o(.ARM.exidx.text.I2C_Write) refers to main.o(.text.I2C_Write) for [Anonymous Symbol]
    main.o(.ARM.exidx.text.I2C_Address) refers to main.o(.text.I2C_Address) for [Anonymous Symbol]
    main.o(.ARM.exidx.text.I2C_Stop) refers to main.o(.text.I2C_Stop) for [Anonymous Symbol]
    main.o(.ARM.exidx.text.I2C_WriteMulti) refers to main.o(.text.I2C_WriteMulti) for [Anonymous Symbol]
    main.o(.ARM.exidx.text.I2C_Read) refers to main.o(.text.I2C_Read) for [Anonymous Symbol]
    main.o(.ARM.exidx.text.DAC_Init) refers to main.o(.text.DAC_Init) for [Anonymous Symbol]
    main.o(.ARM.exidx.text.Set_Voltage) refers to main.o(.text.Set_Voltage) for [Anonymous Symbol]
    main.o(.text.Timer6_Init) refers to main.o(.text.__NVIC_EnableIRQ) for __NVIC_EnableIRQ
    main.o(.ARM.exidx.text.Timer6_Init) refers to main.o(.text.Timer6_Init) for [Anonymous Symbol]
    main.o(.ARM.exidx.text.__NVIC_EnableIRQ) refers to main.o(.text.__NVIC_EnableIRQ) for [Anonymous Symbol]
    main.o(.text.Generate_Sine_Wave) refers to dflt_clz.o(x$fpl$dflt) for __aeabi_i2d
    main.o(.text.Generate_Sine_Wave) refers to dmul.o(x$fpl$dmul) for __aeabi_dmul
    main.o(.text.Generate_Sine_Wave) refers to ddiv.o(x$fpl$ddiv) for __aeabi_ddiv
    main.o(.text.Generate_Sine_Wave) refers to sin.o(i.__hardfp_sin) for __hardfp_sin
    main.o(.text.Generate_Sine_Wave) refers to daddsub_clz.o(x$fpl$dadd) for __aeabi_dadd
    main.o(.text.Generate_Sine_Wave) refers to dfix.o(x$fpl$dfix) for __aeabi_d2iz
    main.o(.text.Generate_Sine_Wave) refers to main.o(.bss.sine_wave) for sine_wave
    main.o(.ARM.exidx.text.Generate_Sine_Wave) refers to main.o(.text.Generate_Sine_Wave) for [Anonymous Symbol]
    main.o(.text.TIM6_DAC_IRQHandler) refers to main.o(.bss.index) for index
[...]
    sin.o(i.sin) refers to sin.o(i.__hardfp_sin) for __hardfp_sin
    __rtentry.o(.ARM.Collect$$rtentry$$00000000) refers (Special) to __rtentry2.o(.ARM.Collect$$rtentry$$0000000A) for __rt_entry_li
    __rtentry.o(.ARM.Collect$$rtentry$$00000000) refers (Special) to __rtentry2.o(.ARM.Collect$$rtentry$$0000000D) for __rt_entry_main
    __rtentry.o(.ARM.Collect$$rtentry$$00000000) refers (Special) to __rtentry2.o(.ARM.Collect$$rtentry$$0000000C) for __rt_entry_postli_1
    __rtentry.o(.ARM.Collect$$rtentry$$00000000) refers (Special) to __rtentry2.o(.ARM.Collect$$rtentry$$00000009) for __rt_entry_postsh_1
    __rtentry.o(.ARM.Collect$$rtentry$$00000000) refers (Special) to __rtentry2.o(.ARM.Collect$$rtentry$$00000002) for __rt_entry_presh_1
    __rtentry.o(.ARM.Collect$$rtentry$$00000000) refers (Special) to __rtentry4.o(.ARM.Collect$$rtentry$$00000004) for __rt_entry_sh
    _rserrno.o(.text) refers to rt_errno_addr_intlibspace.o(.text) for __aeabi_errno_addr
    basic.o(x$fpl$basic) refers (Special) to usenofp.o(x$fpl$usenofp) for __I$use$fp
    dnaninf.o(x$fpl$dnaninf) refers (Special) to usenofp.o(x$fpl$usenofp) for __I$use$fp
    dretinf.o(x$fpl$dretinf) refers (Special) to usenofp.o(x$fpl$usenofp) for __I$use$fp
    cos_i.o(i.__kernel_cos) refers (Special) to usenofp.o(x$fpl$usenofp) for __I$use$fp
    cos_i.o(i.__kernel_cos) refers to dfix.o(x$fpl$dfix) for __aeabi_d2iz
    cos_i.o(i.__kernel_cos) refers to dmul.o(x$fpl$dmul) for __aeabi_dmul
    cos_i.o(i.__kernel_cos) refers to poly.o(i.__kernel_poly) for __kernel_poly
    cos_i.o(i.__kernel_cos) refers to daddsub_clz.o(x$fpl$dsub) for __aeabi_dsub
    cos_i.o(i.__kernel_cos) refers to daddsub_clz.o(x$fpl$drsb) for __aeabi_drsub
    cos_i.o(i.__kernel_cos) refers to cos_i.o(.constdata) for .constdata
    cos_i.o(.constdata) refers (Special) to usenofp.o(x$fpl$usenofp) for __I$use$fp
    dunder.o(i.__mathlib_dbl_divzero) refers to ddiv.o(x$fpl$ddiv) for __aeabi_ddiv
    dunder.o(i.__mathlib_dbl_infnan) refers to daddsub_clz.o(x$fpl$dadd) for __aeabi_dadd
    dunder.o(i.__mathlib_dbl_infnan2) refers to daddsub_clz.o(x$fpl$dadd) for __aeabi_dadd
    dunder.o(i.__mathlib_dbl_invalid) refers to ddiv.o(x$fpl$ddiv) for __aeabi_ddiv
    dunder.o(i.__mathlib_dbl_overflow) refers to dmul.o(x$fpl$dmul) for __aeabi_dmul
    dunder.o(i.__mathlib_dbl_posinfnan) refers to dmul.o(x$fpl$dmul) for __aeabi_dmul
    dunder.o(i.__mathlib_dbl_underflow) refers to dmul.o(x$fpl$dmul) for __aeabi_dmul
    rred.o(i.__ieee754_rem_pio2) refers (Special) to usenofp.o(x$fpl$usenofp) for __I$use$fp
    rred.o(i.__ieee754_rem_pio2) refers to daddsub_clz.o(x$fpl$dsub) for __aeabi_dsub
    rred.o(i.__ieee754_rem_pio2) refers to daddsub_clz.o(x$fpl$dadd) for __aeabi_dadd
    rred.o(i.__ieee754_rem_pio2) refers to fabs.o(i.fabs) for fabs
    rred.o(i.__ieee754_rem_pio2) refers to dmul.o(x$fpl$dmul) for __aeabi_dmul
    rred.o(i.__ieee754_rem_pio2) refers to dfix.o(x$fpl$dfix) for __aeabi_d2iz
    rred.o(i.__ieee754_rem_pio2) refers to dflt_clz.o(x$fpl$dflt) for __aeabi_i2d
    rred.o(i.__ieee754_rem_pio2) refers to daddsub_clz.o(x$fpl$drsb) for __aeabi_drsub
    rred.o(i.__ieee754_rem_pio2) refers to basic.o(x$fpl$basic) for __aeabi_dneg
    rred.o(i.__ieee754_rem_pio2) refers to dflt_clz.o(x$fpl$dfltu) for __aeabi_ui2d
    rred.o(i.__ieee754_rem_pio2) refers to rred.o(.constdata) for .constdata
    rred.o(i.__use_accurate_range_reduction) refers (Special) to usenofp.o(x$fpl$usenofp) for __I$use$fp
    rred.o(.constdata) refers (Special) to usenofp.o(x$fpl$usenofp) for __I$use$fp
    sin_i.o(i.__kernel_sin) refers (Special) to usenofp.o(x$fpl$usenofp) for __I$use$fp
    sin_i.o(i.__kernel_sin) refers to fpclassify.o(i.__ARM_fpclassify) for __ARM_fpclassify
    sin_i.o(i.__kernel_sin) refers to dunder.o(i.__mathlib_dbl_underflow) for __mathlib_dbl_underflow
    sin_i.o(i.__kernel_sin) refers to dmul.o(x$fpl$dmul) for __aeabi_dmul
    sin_i.o(i.__kernel_sin) refers to poly.o(i.__kernel_poly) for __kernel_poly
    sin_i.o(i.__kernel_sin) refers to daddsub_clz.o(x$fpl$dsub) for __aeabi_dsub
    sin_i.o(i.__kernel_sin) refers to daddsub_clz.o(x$fpl$drsb) for __aeabi_drsub
    sin_i.o(i.__kernel_sin) refers to daddsub_clz.o(x$fpl$dadd) for __aeabi_dadd
    sin_i.o(i.__kernel_sin) refers to sin_i.o(.constdata) for .constdata
    sin_i.o(.constdata) refers (Special) to usenofp.o(x$fpl$usenofp) for __I$use$fp
    __rtentry2.o(.ARM.Collect$$rtentry$$00000008) refers to boardinit2.o(.text) for _platform_post_stackheap_init
    __rtentry2.o(.ARM.Collect$$rtentry$$0000000A) refers to libinit.o(.ARM.Collect$$libinit$$00000000) for __rt_lib_init
    __rtentry2.o(.ARM.Collect$$rtentry$$0000000B) refers to boardinit3.o(.text) for _platform_post_lib_init
    __rtentry2.o(.ARM.Collect$$rtentry$$0000000D) refers to main.o(.text.main) for main
    __rtentry2.o(.ARM.Collect$$rtentry$$0000000D) refers to exit.o(.text) for exit
    __rtentry2.o(.ARM.exidx) refers to __rtentry2.o(.ARM.Collect$$rtentry$$00000001) for .ARM.Collect$$rtentry$$00000001
    __rtentry2.o(.ARM.exidx) refers to __rtentry2.o(.ARM.Collect$$rtentry$$00000008) for .ARM.Collect$$rtentry$$00000008
    __rtentry2.o(.ARM.exidx) refers to __rtentry2.o(.ARM.Collect$$rtentry$$0000000A) for .ARM.Collect$$rtentry$$0000000A
    __rtentry2.o(.ARM.exidx) refers to __rtentry2.o(.ARM.Collect$$rtentry$$0000000B) for .ARM.Collect$$rtentry$$0000000B
    __rtentry2.o(.ARM.exidx) refers to __rtentry2.o(.ARM.Collect$$rtentry$$0000000D) for .ARM.Collect$$rtentry$$0000000D
    __rtentry4.o(.ARM.Collect$$rtentry$$00000004) refers to sys_stackheap_outer.o(.text) for __user_setup_stackheap
    __rtentry4.o(.ARM.exidx) refers to __rtentry4.o(.ARM.Collect$$rtentry$$00000004) for .ARM.Collect$$rtentry$$00000004
    rt_errno_addr.o(.text) refers to rt_errno_addr.o(.bss) for __aeabi_errno_addr_data
    rt_errno_addr_intlibspace.o(.text) refers to libspace.o(.bss) for __libspace_start
    fabs.o(i.__hardfp_fabs) refers (Special) to usenofp.o(x$fpl$usenofp) for __I$use$fp
    fabs.o(i.__softfp_fabs) refers (Special) to usenofp.o(x$fpl$usenofp) for __I$use$fp
    fabs.o(i.fabs) refers (Special) to usenofp.o(x$fpl$usenofp) for __I$use$fp
    fpclassify.o(i.__ARM_fpclassify) refers (Special) to usenofp.o(x$fpl$usenofp) for __I$use$fp
    poly.o(i.__kernel_poly) refers (Special) to usenofp.o(x$fpl$usenofp) for __I$use$fp
    poly.o(i.__kernel_poly) refers to dmul.o(x$fpl$dmul) for __aeabi_dmul
    poly.o(i.__kernel_poly) refers to daddsub_clz.o(x$fpl$dadd) for __aeabi_dadd
    libspace.o(.text) refers to libspace.o(.bss) for __libspace_start
    sys_stackheap_outer.o(.text) refers to libspace.o(.text) for __user_perproc_libspace
    sys_stackheap_outer.o(.text) refers to startup_stm32f429xx.o(.text) for __user_initial_stackheap
    exit.o(.text) refers to rtexit.o(.ARM.Collect$$rtexit$$00000000) for __rt_exit
    libinit.o(.ARM.Collect$$libinit$$00000000) refers (Special) to libinit2.o(.ARM.Collect$$libinit$$00000030) for __rt_lib_init_alloca_1
    libinit.o(.ARM.Collect$$libinit$$00000000) refers (Special) to libinit2.o(.ARM.Collect$$libinit$$0000002E) for __rt_lib_init_argv_1
    libinit.o(.ARM.Collect$$libinit$$00000000) refers (Special) to libinit2.o(.ARM.Collect$$libinit$$0000001D) for __rt_lib_init_atexit_1
    libinit.o(.ARM.Collect$$libinit$$00000000) refers (Special) to libinit2.o(.ARM.Collect$$libinit$$00000023) for __rt_lib_init_clock_1
    libinit.o(.ARM.Collect$$libinit$$00000000) refers (Special) to libinit2.o(.ARM.Collect$$libinit$$00000034) for __rt_lib_init_cpp_1
    libinit.o(.ARM.Collect$$libinit$$00000000) refers (Special) to libinit2.o(.ARM.Collect$$libinit$$00000032) for __rt_lib_init_exceptions_1
    libinit.o(.ARM.Collect$$libinit$$00000000) refers (Special) to libinit2.o(.ARM.Collect$$libinit$$00000001) for __rt_lib_init_fp_1
    libinit.o(.ARM.Collect$$libinit$$00000000) refers (Special) to libinit2.o(.ARM.Collect$$libinit$$00000021) for __rt_lib_init_fp_trap_1
    libinit.o(.ARM.Collect$$libinit$$00000000) refers (Special) to libinit2.o(.ARM.Collect$$libinit$$00000025) for __rt_lib_init_getenv_1
    libinit.o(.ARM.Collect$$libinit$$00000000) refers (Special) to libinit2.o(.ARM.Collect$$libinit$$0000000C) for __rt_lib_init_heap_1
    libinit.o(.ARM.Collect$$libinit$$00000000) refers (Special) to libinit2.o(.ARM.Collect$$libinit$$00000013) for __rt_lib_init_lc_collate_1
    libinit.o(.ARM.Collect$$libinit$$00000000) refers (Special) to libinit2.o(.ARM.Collect$$libinit$$00000015) for __rt_lib_init_lc_ctype_1
    libinit.o(.ARM.Collect$$libinit$$00000000) refers (Special) to libinit2.o(.ARM.Collect$$libinit$$00000017) for __rt_lib_init_lc_monetary_1
    libinit.o(.ARM.Collect$$libinit$$00000000) refers (Special) to libinit2.o(.ARM.Collect$$libinit$$00000019) for __rt_lib_init_lc_numeric_1
    libinit.o(.ARM.Collect$$libinit$$00000000) refers (Special) to libinit2.o(.ARM.Collect$$libinit$$0000001B) for __rt_lib_init_lc_time_1
    libinit.o(.ARM.Collect$$libinit$$00000000) refers (Special) to libinit2.o(.ARM.Collect$$libinit$$00000006) for __rt_lib_init_preinit_1
    libinit.o(.ARM.Collect$$libinit$$00000000) refers (Special) to libinit2.o(.ARM.Collect$$libinit$$00000010) for __rt_lib_init_rand_1
    libinit.o(.ARM.Collect$$libinit$$00000000) refers (Special) to libinit2.o(.ARM.Collect$$libinit$$00000004) for __rt_lib_init_relocate_pie_1
    libinit.o(.ARM.Collect$$libinit$$00000000) refers (Special) to libinit2.o(.ARM.Collect$$libinit$$00000035) for __rt_lib_init_return
    libinit.o(.ARM.Collect$$libinit$$00000000) refers (Special) to libinit2.o(.ARM.Collect$$libinit$$0000001F) for __rt_lib_init_signal_1
    libinit.o(.ARM.Collect$$libinit$$00000000) refers (Special) to libinit2.o(.ARM.Collect$$libinit$$00000027) for __rt_lib_init_stdio_1
    libinit.o(.ARM.Collect$$libinit$$00000000) refers (Special) to libinit2.o(.ARM.Collect$$libinit$$0000000E) for __rt_lib_init_user_alloc_1
    rtexit.o(.ARM.Collect$$rtexit$$00000000) refers (Special) to rtexit2.o(.ARM.Collect$$rtexit$$00000004) for __rt_exit_exit
    rtexit.o(.ARM.Collect$$rtexit$$00000000) refers (Special) to rtexit2.o(.ARM.Collect$$rtexit$$00000003) for __rt_exit_ls
    rtexit.o(.ARM.Collect$$rtexit$$00000000) refers (Special) to rtexit2.o(.ARM.Collect$$rtexit$$00000002) for __rt_exit_prels_1
    rtexit.o(.ARM.exidx) refers (Special) to rtexit2.o(.ARM.Collect$$rtexit$$00000004) for __rt_exit_exit
    rtexit.o(.ARM.exidx) refers (Special) to rtexit2.o(.ARM.Collect$$rtexit$$00000003) for __rt_exit_ls
    rtexit.o(.ARM.exidx) refers (Special) to rtexit2.o(.ARM.Collect$$rtexit$$00000002) for __rt_exit_prels_1
    rtexit.o(.ARM.exidx) refers to rtexit.o(.ARM.Collect$$rtexit$$00000000) for .ARM.Collect$$rtexit$$00000000
    libinit2.o(.ARM.Collect$$libinit$$00000001) refers to fpinit.o(x$fpl$fpinit) for _fp_init
    libinit2.o(.ARM.Collect$$libinit$$00000012) refers to libinit2.o(.ARM.Collect$$libinit$$00000011) for .ARM.Collect$$libinit$$00000011
    libinit2.o(.ARM.Collect$$libinit$$00000014) refers to libinit2.o(.ARM.Collect$$libinit$$00000011) for .ARM.Collect$$libinit$$00000011
    libinit2.o(.ARM.Collect$$libinit$$00000016) refers to libinit2.o(.ARM.Collect$$libinit$$00000011) for .ARM.Collect$$libinit$$00000011
    libinit2.o(.ARM.Collect$$libinit$$00000018) refers to libinit2.o(.ARM.Collect$$libinit$$00000011) for .ARM.Collect$$libinit$$00000011
    libinit2.o(.ARM.Collect$$libinit$$0000001A) refers to libinit2.o(.ARM.Collect$$libinit$$00000011) for .ARM.Collect$$libinit$$00000011
    libinit2.o(.ARM.Collect$$libinit$$00000028) refers to argv_veneer.o(.emb_text) for __ARM_argv_veneer
    libinit2.o(.ARM.Collect$$libinit$$00000029) refers to argv_veneer.o(.emb_text) for __ARM_argv_veneer
    rtexit2.o(.ARM.Collect$$rtexit$$00000003) refers to libshutdown.o(.ARM.Collect$$libshutdown$$00000000) for __rt_lib_shutdown
    rtexit2.o(.ARM.Collect$$rtexit$$00000004) refers to sys_exit.o(.text) for _sys_exit
    rtexit2.o(.ARM.exidx) refers to rtexit2.o(.ARM.Collect$$rtexit$$00000001) for .ARM.Collect$$rtexit$$00000001
    rtexit2.o(.ARM.exidx) refers to rtexit2.o(.ARM.Collect$$rtexit$$00000003) for .ARM.Collect$$rtexit$$00000003
    rtexit2.o(.ARM.exidx) refers to rtexit2.o(.ARM.Collect$$rtexit$$00000004) for .ARM.Collect$$rtexit$$00000004
    argv_veneer.o(.emb_text) refers to no_argv.o(.text) for __ARM_get_argv
    sys_exit.o(.text) refers (Special) to use_no_semi.o(.text) for __I$use$semihosting
    sys_exit.o(.text) refers (Special) to indicate_semi.o(.text) for __semihosting_library_function
    sys_exit_hlt.o(.text) refers (Special) to use_no_semi.o(.text) for __I$use$semihosting
    sys_exit_hlt.o(.text) refers (Special) to indicate_semi.o(.text) for __semihosting_library_function
    _get_argv_nomalloc.o(.text) refers (Special) to hrguard.o(.text) for __heap_region$guard
    _get_argv_nomalloc.o(.text) refers to defsig_rtmem_outer.o(.text) for __rt_SIGRTMEM
    _get_argv_nomalloc.o(.text) refers to sys_command.o(.text) for _sys_command_string
    libshutdown.o(.ARM.Collect$$libshutdown$$00000000) refers (Special) to libshutdown2.o(.ARM.Collect$$libshutdown$$00000002) for __rt_lib_shutdown_cpp_1
    libshutdown.o(.ARM.Collect$$libshutdown$$00000000) refers (Special) to libshutdown2.o(.ARM.Collect$$libshutdown$$00000007) for __rt_lib_shutdown_fp_trap_1
    libshutdown.o(.ARM.Collect$$libshutdown$$00000000) refers (Special) to libshutdown2.o(.ARM.Collect$$libshutdown$$0000000F) for __rt_lib_shutdown_heap_1
    libshutdown.o(.ARM.Collect$$libshutdown$$00000000) refers (Special) to libshutdown2.o(.ARM.Collect$$libshutdown$$00000010) for __rt_lib_shutdown_return
    libshutdown.o(.ARM.Collect$$libshutdown$$00000000) refers (Special) to libshutdown2.o(.ARM.Collect$$libshutdown$$0000000A) for __rt_lib_shutdown_signal_1
    libshutdown.o(.ARM.Collect$$libshutdown$$00000000) refers (Special) to libshutdown2.o(.ARM.Collect$$libshutdown$$00000004) for __rt_lib_shutdown_stdio_1
    libshutdown.o(.ARM.Collect$$libshutdown$$00000000) refers (Special) to libshutdown2.o(.ARM.Collect$$libshutdown$$0000000C) for __rt_lib_shutdown_user_alloc_1
    sys_command.o(.text) refers (Special) to use_no_semi.o(.text) for __I$use$semihosting
    sys_command.o(.text) refers (Special) to indicate_semi.o(.text) for __semihosting_library_function
    sys_command_hlt.o(.text) refers (Special) to use_no_semi.o(.text) for __I$use$semihosting
    sys_command_hlt.o(.text) refers (Special) to indicate_semi.o(.text) for __semihosting_library_function
    defsig_rtmem_outer.o(.text) refers to defsig_rtmem_inner.o(.text) for __rt_SIGRTMEM_inner
    defsig_rtmem_outer.o(.text) refers to defsig_exit.o(.text) for __sig_exit
    defsig_rtmem_formal.o(.text) refers to rt_raise.o(.text) for __rt_raise
    rt_raise.o(.text) refers to __raise.o(.text) for __raise
    rt_raise.o(.text) refers to sys_exit.o(.text) for _sys_exit
    defsig_exit.o(.text) refers to sys_exit.o(.text) for _sys_exit
    defsig_rtmem_inner.o(.text) refers to defsig_general.o(.text) for __default_signal_display
    __raise.o(.text) refers to defsig.o(CL$$defsig) for __default_signal_handler
    defsig_general.o(.text) refers to sys_wrch.o(.text) for _ttywrch
    sys_wrch.o(.text) refers (Special) to use_no_semi.o(.text) for __I$use$semihosting
    sys_wrch.o(.text) refers (Special) to indicate_semi.o(.text) for __semihosting_library_function
    sys_wrch_hlt.o(.text) refers (Special) to use_no_semi.o(.text) for __I$use$semihosting
    sys_wrch_hlt.o(.text) refers (Special) to indicate_semi.o(.text) for __semihosting_library_function
    defsig.o(CL$$defsig) refers to defsig_rtmem_inner.o(.text) for __rt_SIGRTMEM_inner
    defsig_abrt_inner.o(.text) refers to defsig_general.o(.text) for __default_signal_display
    defsig_fpe_inner.o(.text) refers to defsig_general.o(.text) for __default_signal_display
    defsig_rtred_inner.o(.text) refers to defsig_general.o(.text) for __default_signal_display
    defsig_stak_inner.o(.text) refers to defsig_general.o(.text) for __default_signal_display
    defsig_pvfn_inner.o(.text) refers to defsig_general.o(.text) for __default_signal_display
    defsig_cppl_inner.o(.text) refers to defsig_general.o(.text) for __default_signal_display
    defsig_segv_inner.o(.text) refers to defsig_general.o(.text) for __default_signal_display
    defsig_other.o(.text) refers to defsig_general.o(.text) for __default_signal_display


==============================================================================

Removing Unused input sections from the image.

    Removing main.o(.text), (0 bytes).
    Removing main.o(.ARM.exidx.text.PLL_Config), (8 bytes).
    Removing main.o(.ARM.exidx.text.LED_Init), (8 bytes).
    Removing main.o(.ARM.exidx.text.Init_Timer2), (8 bytes).
    Removing main.o(.ARM.exidx.text.TIM2_IRQHandler), (8 bytes).
    Removing main.o(.ARM.exidx.text.Toggle_LED1), (8 bytes).
    Removing main.o(.text.USART_SendData), (46 bytes).
    Removing main.o(.ARM.exidx.text.USART_SendData), (8 bytes).
    Removing main.o(.text.USART_SendString), (42 bytes).
    Removing main.o(.ARM.exidx.text.USART_SendString), (8 bytes).
    Removing main.o(.ARM.exidx.text.init_USART), (8 bytes).
    Removing main.o(.ARM.exidx.text.ADC_LED_Init), (8 bytes).
    Removing main.o(.ARM.exidx.text.TIM3_Init), (8 bytes).
    Removing main.o(.ARM.exidx.text.init_ADC), (8 bytes).
    Removing main.o(.text.Control_LEDs), (162 bytes).
    Removing main.o(.ARM.exidx.text.Control_LEDs), (8 bytes).
    Removing main.o(.text.CONTROL_LED_FUNCTION), (70 bytes).
    Removing main.o(.ARM.exidx.text.CONTROL_LED_FUNCTION), (8 bytes).
    Removing main.o(.text.read_adc), (76 bytes).
    Removing main.o(.ARM.exidx.text.read_adc), (8 bytes).
    Removing main.o(.ARM.exidx.text.PWM_Init), (8 bytes).
    Removing main.o(.ARM.exidx.text.TIM4_Init), (8 bytes).
    Removing main.o(.ARM.exidx.text.TIM4_IRQHandler), (8 bytes).
    Removing main.o(.ARM.exidx.text.TIM3_IRQHandler), (8 bytes).
    Removing main.o(.ARM.exidx.text.TIM6_Delay), (8 bytes).
    Removing main.o(.text.Delay_us), (46 bytes).
    Removing main.o(.ARM.exidx.text.Delay_us), (8 bytes).
    Removing main.o(.text.Delay_ms), (56 bytes).
    Removing main.o(.ARM.exidx.text.Delay_ms), (8 bytes).
    Removing main.o(.ARM.exidx.text.IWDG_Init), (8 bytes).
    Removing main.o(.text.IWDG_Reset), (26 bytes).
    Removing main.o(.ARM.exidx.text.IWDG_Reset), (8 bytes).
    Removing main.o(.ARM.exidx.text.I2C_Config), (8 bytes).
    Removing main.o(.text.I2C_Start), (46 bytes).
    Removing main.o(.ARM.exidx.text.I2C_Start), (8 bytes).
    Removing main.o(.text.I2C_Write), (68 bytes).
    Removing main.o(.ARM.exidx.text.I2C_Write), (8 bytes).
    Removing main.o(.text.I2C_Address), (72 bytes).
    Removing main.o(.ARM.exidx.text.I2C_Address), (8 bytes).
    Removing main.o(.text.I2C_Stop), (18 bytes).
    Removing main.o(.ARM.exidx.text.I2C_Stop), (8 bytes).
    Removing main.o(.text.I2C_WriteMulti), (118 bytes).
    Removing main.o(.ARM.exidx.text.I2C_WriteMulti), (8 bytes).
    Removing main.o(.text.I2C_Read), (424 bytes).
    Removing main.o(.ARM.exidx.text.I2C_Read), (8 bytes).
    Removing main.o(.ARM.exidx.text.DAC_Init), (8 bytes).
    Removing main.o(.text.Set_Voltage), (36 bytes).
    Removing main.o(.ARM.exidx.text.Set_Voltage), (8 bytes).
    Removing main.o(.ARM.exidx.text.Timer6_Init), (8 bytes).
    Removing main.o(.ARM.exidx.text.__NVIC_EnableIRQ), (8 bytes).
    Removing main.o(.ARM.exidx.text.Generate_Sine_Wave), (8 bytes).
    Removing main.o(.ARM.exidx.text.TIM6_DAC_IRQHandler), (8 bytes).
    Removing main.o(.ARM.exidx.text.lcd_delayus), (8 bytes).
    Removing main.o(.ARM.exidx.text.WaitLcdBusy), (8 bytes).
    Removing main.o(.ARM.exidx.text.read_LCD_busy_flag), (8 bytes).
    Removing main.o(.ARM.exidx.text.set_LCD_data), (8 bytes).
    Removing main.o(.ARM.exidx.text.LCD_strobe), (8 bytes).
    Removing main.o(.ARM.exidx.text.cmdLCD), (8 bytes).
    Removing main.o(.ARM.exidx.text.putLCD), (8 bytes).
    Removing main.o(.ARM.exidx.text.initLCD), (8 bytes).
    Removing main.o(.ARM.exidx.text.scrollTextA), (8 bytes).
    Removing main.o(.text.LED_INIT), (74 bytes).
    Removing main.o(.ARM.exidx.text.LED_INIT), (8 bytes).
    Removing main.o(.text.BTN_INIT), (34 bytes).
    Removing main.o(.ARM.exidx.text.BTN_INIT), (8 bytes).
    Removing main.o(.text.LED_ON), (34 bytes).
    Removing main.o(.ARM.exidx.text.LED_ON), (8 bytes).
    Removing main.o(.text.LED_OFF), (34 bytes).
    Removing main.o(.ARM.exidx.text.LED_OFF), (8 bytes).
    Removing main.o(.text.LED_MODE), (34 bytes).
    Removing main.o(.ARM.exidx.text.LED_MODE), (8 bytes).
    Removing main.o(.text.delay), (58 bytes).
    Removing main.o(.ARM.exidx.text.delay), (8 bytes).
    Removing main.o(.ARM.exidx.text.main), (8 bytes).
    Removing main.o(.bss.tick), (4 bytes).
    Removing main.o(.bss.press_start), (4 bytes).
    Removing main.o(.bss.press_duration), (4 bytes).
    Removing main.o(.bss.button_was_pressed), (4 bytes).
    Removing main.o(.bss.j), (4 bytes).
    Removing main.o(.bss.LDR_value), (2 bytes).
    Removing main.o(.bss.POT_value), (2 bytes).
    Removing main.o(.bss.MIC_value), (2 bytes).
    Removing main.o(.bss.period), (4 bytes).
    Removing main.o(.bss.x), (4 bytes).
    Removing main.o(.ARM.use_no_argv), (4 bytes).
    Removing system_stm32f4xx.o(.text), (0 bytes).
    Removing system_stm32f4xx.o(.ARM.exidx.text.SystemInit), (8 bytes).
    Removing system_stm32f4xx.o(.ARM.exidx.text.SystemCoreClockUpdate), (8 bytes).

88 unused section(s) (total 2044 bytes) removed from the image.

==============================================================================

Image Symbol Table

    Local Symbols

    Symbol Name                              Value     Ov Type        Size  Object(Section)

    ../clib/angel/boardlib.s                 0x00000000   Number         0  boardinit1.o ABSOLUTE
    ../clib/angel/boardlib.s                 0x00000000   Number         0  boardinit2.o ABSOLUTE
    ../clib/angel/boardlib.s                 0x00000000   Number         0  boardinit3.o ABSOLUTE
    ../clib/angel/boardlib.s                 0x00000000   Number         0  boardshut.o ABSOLUTE
    ../clib/angel/handlers.s                 0x00000000   Number         0  __scatter_copy.o ABSOLUTE
    ../clib/angel/handlers.s                 0x00000000   Number         0  __scatter_zi.o ABSOLUTE
    ../clib/angel/kernel.s                   0x00000000   Number         0  __rtentry.o ABSOLUTE
    ../clib/angel/kernel.s                   0x00000000   Number         0  __rtentry2.o ABSOLUTE
    ../clib/angel/kernel.s                   0x00000000   Number         0  __rtentry4.o ABSOLUTE
    ../clib/angel/kernel.s                   0x00000000   Number         0  rtexit.o ABSOLUTE
    ../clib/angel/kernel.s                   0x00000000   Number         0  rtexit2.o ABSOLUTE
    ../clib/angel/rt.s                       0x00000000   Number         0  rt_errno_addr.o ABSOLUTE
    ../clib/angel/rt.s                       0x00000000   Number         0  rt_errno_addr_intlibspace.o ABSOLUTE
    ../clib/angel/rt.s                       0x00000000   Number         0  rt_raise.o ABSOLUTE
    ../clib/angel/scatter.s                  0x00000000   Number         0  __scatter.o ABSOLUTE
    ../clib/angel/startup.s                  0x00000000   Number         0  __main.o ABSOLUTE
    ../clib/angel/sys.s                      0x00000000   Number         0  libspace.o ABSOLUTE
    ../clib/angel/sys.s                      0x00000000   Number         0  sys_stackheap_outer.o ABSOLUTE
    ../clib/angel/sys.s                      0x00000000   Number         0  use_no_semi.o ABSOLUTE
    ../clib/angel/sys.s                      0x00000000   Number         0  indicate_semi.o ABSOLUTE
    ../clib/angel/sysapp.c                   0x00000000   Number         0  sys_exit.o ABSOLUTE
    ../clib/angel/sysapp.c                   0x00000000   Number         0  sys_exit_hlt.o ABSOLUTE
    ../clib/angel/sysapp.c                   0x00000000   Number         0  sys_command.o ABSOLUTE
    ../clib/angel/sysapp.c                   0x00000000   Number         0  sys_command_hlt.o ABSOLUTE
    ../clib/angel/sysapp.c                   0x00000000   Number         0  sys_wrch.o ABSOLUTE
    ../clib/angel/sysapp.c                   0x00000000   Number         0  sys_wrch_hlt.o ABSOLUTE
    ../clib/armsys.c                         0x00000000   Number         0  argv_veneer.o ABSOLUTE
    ../clib/armsys.c                         0x00000000   Number         0  argv_veneer.o ABSOLUTE
    ../clib/armsys.c                         0x00000000   Number         0  _get_argv_nomalloc.o ABSOLUTE
    ../clib/armsys.c                         0x00000000   Number         0  no_argv.o ABSOLUTE
    ../clib/fenv.c                           0x00000000   Number         0  _rserrno.o ABSOLUTE
    ../clib/heapalloc.c                      0x00000000   Number         0  hrguard.o ABSOLUTE
    ../clib/heapaux.c                        0x00000000   Number         0  heapauxi.o ABSOLUTE
    ../clib/libinit.s                        0x00000000   Number         0  libinit.o ABSOLUTE
    ../clib/libinit.s                        0x00000000   Number         0  libinit2.o ABSOLUTE
    ../clib/libinit.s                        0x00000000   Number         0  libshutdown.o ABSOLUTE
    ../clib/libinit.s                        0x00000000   Number         0  libshutdown2.o ABSOLUTE
    ../clib/signal.c                         0x00000000   Number         0  defsig_rtmem_outer.o ABSOLUTE
    ../clib/signal.c                         0x00000000   Number         0  defsig_rtmem_formal.o ABSOLUTE
    ../clib/signal.c                         0x00000000   Number         0  defsig_exit.o ABSOLUTE
    ../clib/signal.c                         0x00000000   Number         0  defsig_rtmem_inner.o ABSOLUTE
    ../clib/signal.c                         0x00000000   Number         0  __raise.o ABSOLUTE
    ../clib/signal.c                         0x00000000   Number         0  defsig_general.o ABSOLUTE
    ../clib/signal.c                         0x00000000   Number         0  defsig_abrt_inner.o ABSOLUTE
    ../clib/signal.c                         0x00000000   Number         0  defsig_fpe_inner.o ABSOLUTE
    ../clib/signal.c                         0x00000000   Number         0  defsig_rtred_inner.o ABSOLUTE
    ../clib/signal.c                         0x00000000   Number         0  defsig_stak_inner.o ABSOLUTE
    ../clib/signal.c                         0x00000000   Number         0  defsig_pvfn_inner.o ABSOLUTE
    ../clib/signal.c                         0x00000000   Number         0  defsig_cppl_inner.o ABSOLUTE
    ../clib/signal.c                         0x00000000   Number         0  defsig_segv_inner.o ABSOLUTE
    ../clib/signal.c                         0x00000000   Number         0  defsig_other.o ABSOLUTE
    ../clib/signal.s                         0x00000000   Number         0  defsig.o ABSOLUTE
    ../clib/stdlib.c                         0x00000000   Number         0  exit.o ABSOLUTE
    ../fplib/basic.s                         0x00000000   Number         0  basic.o ABSOLUTE
    ../fplib/daddsub.s                       0x00000000   Number         0  daddsub_clz.o ABSOLUTE
    ../fplib/ddiv.s                          0x00000000   Number         0  ddiv.o ABSOLUTE
    ../fplib/dfix.s                          0x00000000   Number         0  dfix.o ABSOLUTE
    ../fplib/dflt.s                          0x00000000   Number         0  dflt_clz.o ABSOLUTE
    ../fplib/dmul.s                          0x00000000   Number         0  dmul.o ABSOLUTE
    ../fplib/dnaninf.s                       0x00000000   Number         0  dnaninf.o ABSOLUTE
    ../fplib/dretinf.s                       0x00000000   Number         0  dretinf.o ABSOLUTE
    ../fplib/fpinit.s                        0x00000000   Number         0  fpinit.o ABSOLUTE
    ../fplib/usenofp.s                       0x00000000   Number         0  usenofp.o ABSOLUTE
    ../mathlib/cos_i.c                       0x00000000   Number         0  cos_i.o ABSOLUTE
    ../mathlib/dunder.c                      0x00000000   Number         0  dunder.o ABSOLUTE
    ../mathlib/fabs.c                        0x00000000   Number         0  fabs.o ABSOLUTE
    ../mathlib/fpclassify.c                  0x00000000   Number         0  fpclassify.o ABSOLUTE
    ../mathlib/poly.c                        0x00000000   Number         0  poly.o ABSOLUTE
    ../mathlib/rred.c                        0x00000000   Number         0  rred.o ABSOLUTE
    ../mathlib/sin.c                         0x00000000   Number         0  sin.o ABSOLUTE
    ../mathlib/sin_i.c                       0x00000000   Number         0  sin_i.o ABSOLUTE
    RTE/Device/STM32F429ZITx/startup_stm32f429xx.s 0x00000000   Number         0  startup_stm32f429xx.o ABSOLUTE
    dc.s                                     0x00000000   Number         0  dc.o ABSOLUTE
    main.c                                   0x00000000   Number         0  main.o ABSOLUTE
    system_stm32f4xx.c                       0x00000000   Number         0  system_stm32f4xx.o ABSOLUTE
    RESET                                    0x08000000   Section      428  startup_stm32f429xx.o(RESET)
    !!!main                                  0x080001ac   Section        8  __main.o(!!!main)
    !!!scatter                               0x080001b4   Section       92  __scatter.o(!!!scatter)
    !!handler_copy                           0x08000210   Section       26  __scatter_copy.o(!!handler_copy)
    !!handler_null                           0x0800022c   Section        2  __scatter.o(!!handler_null)
    !!handler_zi                             0x08000230   Section       28  __scatter_zi.o(!!handler_zi)
    .ARM.Collect$$libinit$$00000000          0x0800024c   Section        2  libinit.o(.ARM.Collect$$libinit$$00000000)
    .ARM.Collect$$libinit$$00000001          0x0800024e   Section        4  libinit2.o(.ARM.Collect$$libinit$$00000001)
    .ARM.Collect$$libinit$$00000004          0x08000252   Section        0  libinit2.o(.ARM.Collect$$libinit$$00000004)
    .ARM.Collect$$libinit$$00000006          0x08000252   Section        0  libinit2.o(.ARM.Collect$$libinit$$00000006)
    .ARM.Collect$$libinit$$0000000C          0x08000252   Section        0  libinit2.o(.ARM.Collect$$libinit$$0000000C)
    .ARM.Collect$$libinit$$0000000E          0x08000252   Section        0  libinit2.o(.ARM.Collect$$libinit$$0000000E)
    .ARM.Collect$$libinit$$00000010          0x08000252   Section        0  libinit2.o(.ARM.Collect$$libinit$$00000010)
    .ARM.Collect$$libinit$$00000013          0x08000252   Section        0  libinit2.o(.ARM.Collect$$libinit$$00000013)
    .ARM.Collect$$libinit$$00000015          0x08000252   Section        0  libinit2.o(.ARM.Collect$$libinit$$00000015)
    .ARM.Collect$$libinit$$00000017          0x08000252   Section        0  libinit2.o(.ARM.Collect$$libinit$$00000017)
    .ARM.Collect$$libinit$$00000019          0x08000252   Section        0  libinit2.o(.ARM.Collect$$libinit$$00000019)
    .ARM.Collect$$libinit$$0000001B          0x08000252   Section        0  libinit2.o(.ARM.Collect$$libinit$$0000001B)
    .ARM.Collect$$libinit$$0000001D          0x08000252   Section        0  libinit2.o(.ARM.Collect$$libinit$$0000001D)
    .ARM.Collect$$libinit$$0000001F          0x08000252   Section        0  libinit2.o(.ARM.Collect$$libinit$$0000001F)
    .ARM.Collect$$libinit$$00000021          0x08000252   Section        0  libinit2.o(.ARM.Collect$$libinit$$00000021)
    .ARM.Collect$$libinit$$00000023          0x08000252   Section        0  libinit2.o(.ARM.Collect$$libinit$$00000023)
    .ARM.Collect$$libinit$$00000025          0x08000252   Section        0  libinit2.o(.ARM.Collect$$libinit$$00000025)
    .ARM.Collect$$libinit$$00000027          0x08000252   Section        0  libinit2.o(.ARM.Collect$$libinit$$00000027)
    .ARM.Collect$$libinit$$0000002E          0x08000252   Section        0  libinit2.o(.ARM.Collect$$libinit$$0000002E)
    .ARM.Collect$$libinit$$00000030          0x08000252   Section        0  libinit2.o(.ARM.Collect$$libinit$$00000030)
    .ARM.Collect$$libinit$$00000032          0x08000252   Section        0  libinit2.o(.ARM.Collect$$libinit$$00000032)
    .ARM.Collect$$libinit$$00000034          0x08000252   Section        0  libinit2.o(.ARM.Collect$$libinit$$00000034)
    .ARM.Collect$$libinit$$00000035          0x08000252   Section        2  libinit2.o(.ARM.Collect$$libinit$$00000035)
    .ARM.Collect$$libshutdown$$00000000      0x08000254   Section        2  libshutdown.o(.ARM.Collect$$libshutdown$$00000000)
    .ARM.Collect$$libshutdown$$00000002      0x08000256   Section        0  libshutdown2.o(.ARM.Collect$$libshutdown$$00000002)
    .ARM.Collect$$libshutdown$$00000004      0x08000256   Section        0  libshutdown2.o(.ARM.Collect$$libshutdown$$00000004)
    .ARM.Collect$$libshutdown$$00000007      0x08000256   Section        0  libshutdown2.o(.ARM.Collect$$libshutdown$$00000007)
    .ARM.Collect$$libshutdown$$0000000A      0x08000256   Section        0  libshutdown2.o(.ARM.Collect$$libshutdown$$0000000A)
    .ARM.Collect$$libshutdown$$0000000C      0x08000256   Section        0  libshutdown2.o(.ARM.Collect$$libshutdown$$0000000C)
    .ARM.Collect$$libshutdown$$0000000F      0x08000256   Section        0  libshutdown2.o(.ARM.Collect$$libshutdown$$0000000F)
    .ARM.Collect$$libshutdown$$00000010      0x08000256   Section        2  libshutdown2.o(.ARM.Collect$$libshutdown$$00000010)
    .ARM.Collect$$rtentry$$00000000          0x08000258   Section        0  __rtentry.o(.ARM.Collect$$rtentry$$00000000)
    .ARM.Collect$$rtentry$$00000002          0x08000258   Section        0  __rtentry2.o(.ARM.Collect$$rtentry$$00000002)
    .ARM.Collect$$rtentry$$00000004          0x08000258   Section        6  __rtentry4.o(.ARM.Collect$$rtentry$$00000004)
    .ARM.Collect$$rtentry$$00000009          0x0800025e   Section        0  __rtentry2.o(.ARM.Collect$$rtentry$$00000009)
    .ARM.Collect$$rtentry$$0000000A          0x0800025e   Section        4  __rtentry2.o(.ARM.Collect$$rtentry$$0000000A)
    .ARM.Collect$$rtentry$$0000000C          0x08000262   Section        0  __rtentry2.o(.ARM.Collect$$rtentry$$0000000C)
    .ARM.Collect$$rtentry$$0000000D          0x08000262   Section        8  __rtentry2.o(.ARM.Collect$$rtentry$$0000000D)
    .ARM.Collect$$rtexit$$00000000           0x0800026a   Section        2  rtexit.o(.ARM.Collect$$rtexit$$00000000)
    .ARM.Collect$$rtexit$$00000002           0x0800026c   Section        0  rtexit2.o(.ARM.Collect$$rtexit$$00000002)
    .ARM.Collect$$rtexit$$00000003           0x0800026c   Section        4  rtexit2.o(.ARM.Collect$$rtexit$$00000003)
    .ARM.Collect$$rtexit$$00000004           0x08000270   Section        6  rtexit2.o(.ARM.Collect$$rtexit$$00000004)
    $v0                                      0x08000278   Number         0  startup_stm32f429xx.o(.text)
    .text                                    0x08000278   Section       64  startup_stm32f429xx.o(.text)
    .text                                    0x080002b8   Section        0  heapauxi.o(.text)
    .text                                    0x080002be   Section        0  _rserrno.o(.text)
    .text                                    0x080002d4   Section        8  rt_errno_addr_intlibspace.o(.text)
    .text                                    0x080002dc   Section        8  libspace.o(.text)
    .text                                    0x080002e4   Section       74  sys_stackheap_outer.o(.text)
    .text                                    0x0800032e   Section        0  exit.o(.text)
    .text                                    0x08000340   Section        0  sys_exit.o(.text)
    .text                                    0x0800034c   Section        2  use_no_semi.o(.text)
    .text                                    0x0800034e   Section        0  indicate_semi.o(.text)
    [Anonymous Symbol]                       0x08000350   Section        0  main.o(.text.ADC_LED_Init)
    [Anonymous Symbol]                       0x0800038c   Section        0  main.o(.text.DAC_Init)
    [Anonymous Symbol]                       0x080003d0   Section        0  main.o(.text.Generate_Sine_Wave)
    [Anonymous Symbol]                       0x08000488   Section        0  main.o(.text.I2C_Config)
    [Anonymous Symbol]                       0x08000544   Section        0  main.o(.text.IWDG_Init)
    [Anonymous Symbol]                       0x08000574   Section        0  main.o(.text.Init_Timer2)
    [Anonymous Symbol]                       0x080005d0   Section        0  main.o(.text.LCD_strobe)
    [Anonymous Symbol]                       0x08000600   Section        0  main.o(.text.LED_Init)
    [Anonymous Symbol]                       0x08000690   Section        0  main.o(.text.PLL_Config)
    [Anonymous Symbol]                       0x08000744   Section        0  main.o(.text.PWM_Init)
    [Anonymous Symbol]                       0x08000768   Section        0  system_stm32f4xx.o(.text.SystemCoreClockUpdate)
    [Anonymous Symbol]                       0x08000898   Section        0  system_stm32f4xx.o(.text.SystemInit)
    [Anonymous Symbol]                       0x08000908   Section        0  main.o(.text.TIM2_IRQHandler)
    [Anonymous Symbol]                       0x08000920   Section        0  main.o(.text.TIM3_IRQHandler)
    [Anonymous Symbol]                       0x08000934   Section        0  main.o(.text.TIM3_Init)
    [Anonymous Symbol]                       0x08000980   Section        0  main.o(.text.TIM4_IRQHandler)
    [Anonymous Symbol]                       0x080009a0   Section        0  main.o(.text.TIM4_Init)
    [Anonymous Symbol]                       0x080009f8   Section        0  main.o(.text.TIM6_DAC_IRQHandler)
    [Anonymous Symbol]                       0x08000a54   Section        0  main.o(.text.TIM6_Delay)
    [Anonymous Symbol]                       0x08000aa4   Section        0  main.o(.text.Timer6_Init)
    [Anonymous Symbol]                       0x08000af8   Section        0  main.o(.text.Toggle_LED1)
    [Anonymous Symbol]                       0x08000b0c   Section        0  main.o(.text.WaitLcdBusy)
    __NVIC_EnableIRQ                         0x08000b2d   Thumb Code    48  main.o(.text.__NVIC_EnableIRQ)
    [Anonymous Symbol]                       0x08000b2c   Section        0  main.o(.text.__NVIC_EnableIRQ)
    [Anonymous Symbol]                       0x08000b5c   Section        0  main.o(.text.cmdLCD)
    [Anonymous Symbol]                       0x08000b8c   Section        0  main.o(.text.initLCD)
    [Anonymous Symbol]                       0x08000c00   Section        0  main.o(.text.init_ADC)
    [Anonymous Symbol]                       0x08000c9c   Section        0  main.o(.text.init_USART)
    [Anonymous Symbol]                       0x08000dbc   Section        0  main.o(.text.lcd_delayus)
    [Anonymous Symbol]                       0x08000e0c   Section        0  main.o(.text.main)
    [Anonymous Symbol]                       0x08000e70   Section        0  main.o(.text.putLCD)
    [Anonymous Symbol]                       0x08000ea0   Section        0  main.o(.text.read_LCD_busy_flag)
    [Anonymous Symbol]                       0x08000f10   Section        0  main.o(.text.scrollTextA)
    [Anonymous Symbol]                       0x08001048   Section        0  main.o(.text.set_LCD_data)
    i.__ARM_fpclassify                       0x08001066   Section        0  fpclassify.o(i.__ARM_fpclassify)
    i.__hardfp_sin                           0x08001098   Section        0  sin.o(i.__hardfp_sin)
    i.__ieee754_rem_pio2                     0x08001160   Section        0  rred.o(i.__ieee754_rem_pio2)
    i.__kernel_cos                           0x08001598   Section        0  cos_i.o(i.__kernel_cos)
    i.__kernel_poly                          0x08001708   Section        0  poly.o(i.__kernel_poly)
    i.__kernel_sin                           0x08001800   Section        0  sin_i.o(i.__kernel_sin)
    i.__mathlib_dbl_infnan                   0x08001930   Section        0  dunder.o(i.__mathlib_dbl_infnan)
    i.__mathlib_dbl_invalid                  0x08001948   Section        0  dunder.o(i.__mathlib_dbl_invalid)
    i.__mathlib_dbl_underflow                0x08001968   Section        0  dunder.o(i.__mathlib_dbl_underflow)
    i.fabs                                   0x08001988   Section        0  fabs.o(i.fabs)
    $v0                                      0x080019a0   Number         0  basic.o(x$fpl$basic)
    x$fpl$basic                              0x080019a0   Section       24  basic.o(x$fpl$basic)
    $v0                                      0x080019b8   Number         0  daddsub_clz.o(x$fpl$dadd)
    x$fpl$dadd                               0x080019b8   Section      336  daddsub_clz.o(x$fpl$dadd)
    _dadd1                                   0x080019c9   Thumb Code     0  daddsub_clz.o(x$fpl$dadd)
    $v0                                      0x08001b08   Number         0  ddiv.o(x$fpl$ddiv)
    x$fpl$ddiv                               0x08001b08   Section      696  ddiv.o(x$fpl$ddiv)
    ddiv_entry                               0x08001b0f   Thumb Code     0  ddiv.o(x$fpl$ddiv)
    $v0                                      0x08001dc0   Number         0  dfix.o(x$fpl$dfix)
    x$fpl$dfix                               0x08001dc0   Section       94  dfix.o(x$fpl$dfix)
    $v0                                      0x08001e1e   Number         0  dflt_clz.o(x$fpl$dflt)
    x$fpl$dflt                               0x08001e1e   Section       46  dflt_clz.o(x$fpl$dflt)
    $v0                                      0x08001e4c   Number         0  dflt_clz.o(x$fpl$dfltu)
    x$fpl$dfltu                              0x08001e4c   Section       38  dflt_clz.o(x$fpl$dfltu)
    $v0                                      0x08001e74   Number         0  dmul.o(x$fpl$dmul)
    x$fpl$dmul                               0x08001e74   Section      340  dmul.o(x$fpl$dmul)
    $v0                                      0x08001fc8   Number         0  dnaninf.o(x$fpl$dnaninf)
    x$fpl$dnaninf                            0x08001fc8   Section      156  dnaninf.o(x$fpl$dnaninf)
    $v0                                      0x08002064   Number         0  dretinf.o(x$fpl$dretinf)
    x$fpl$dretinf                            0x08002064   Section       12  dretinf.o(x$fpl$dretinf)
    $v0                                      0x08002070   Number         0  daddsub_clz.o(x$fpl$drsb)
    x$fpl$drsb                               0x08002070   Section       22  daddsub_clz.o(x$fpl$drsb)
    $v0                                      0x08002088   Number         0  daddsub_clz.o(x$fpl$dsub)
    x$fpl$dsub                               0x08002088   Section      476  daddsub_clz.o(x$fpl$dsub)
    _dsub1                                   0x08002099   Thumb Code     0  daddsub_clz.o(x$fpl$dsub)
    $v0                                      0x08002264   Number         0  fpinit.o(x$fpl$fpinit)
    x$fpl$fpinit                             0x08002264   Section       26  fpinit.o(x$fpl$fpinit)
    x$fpl$usenofp                            0x0800227e   Section        0  usenofp.o(x$fpl$usenofp)
    C                                        0x08002280   Data          48  cos_i.o(.constdata)
    .constdata                               0x08002280   Section       48  cos_i.o(.constdata)
    pio2s                                    0x080022b0   Data          48  rred.o(.constdata)
    .constdata                               0x080022b0   Section      204  rred.o(.constdata)
    twooverpi                                0x080022e0   Data         156  rred.o(.constdata)
    S                                        0x08002380   Data          40  sin_i.o(.constdata)
    .constdata                               0x08002380   Section       40  sin_i.o(.constdata)
    .L.str                                   0x080023b8   Data          43  main.o(.rodata.str1.1)
    [Anonymous Symbol]                       0x080023b8   Section        0  main.o(.rodata.str1.1)
    .bss                                     0x20000008   Section       96  libspace.o(.bss)
    Heap_Mem                                 0x20000138   Data         512  startup_stm32f429xx.o(HEAP)
    HEAP                                     0x20000138   Section      512  startup_stm32f429xx.o(HEAP)
    Stack_Mem                                0x20000338   Data        1024  startup_stm32f429xx.o(STACK)
    STACK                                    0x20000338   Section     1024  startup_stm32f429xx.o(STACK)
    __initial_sp                             0x20000738   Data           0  startup_stm32f429xx.o(STACK)

    Global Symbols

    Symbol Name                              Value     Ov Type        Size  Object(Section)

    BuildAttributes$$THM_ISAv4$E$P$D$K$B$S$7EM$VFPi3$EXTD16$VFPS$VFMA$PE$A:L22UL41UL21$X:L11$S22US41US21$IEEE1$IW$~IW$USESV6$~STKCKD$USESV7$~SHL$OTIME$ROPI$IEEEX$EBA8$UX$STANDARDLIB$REQ8$PRES8$EABIv2 0x00000000   Number         0  anon$$obj.o ABSOLUTE
    __ARM_exceptions_init                     - Undefined Weak Reference
    __alloca_initialize                       - Undefined Weak Reference
    __arm_preinit_                            - Undefined Weak Reference
    __arm_relocate_pie_                       - Undefined Weak Reference
    __cpp_initialize__aeabi_                  - Undefined Weak Reference
    __cxa_finalize                            - Undefined Weak Reference
    __rt_locale                               - Undefined Weak Reference
    __sigvec_lookup                           - Undefined Weak Reference
    _atexit_init                              - Undefined Weak Reference
    _call_atexit_fns                          - Undefined Weak Reference
    _clock_init                               - Undefined Weak Reference
    _fp_trap_init                             - Undefined Weak Reference
    _fp_trap_shutdown                         - Undefined Weak Reference
    _get_lc_collate                           - Undefined Weak Reference
    _get_lc_ctype                             - Undefined Weak Reference
    _get_lc_monetary                          - Undefined Weak Reference
    _get_lc_numeric                           - Undefined Weak Reference
    _get_lc_time                              - Undefined Weak Reference
    _getenv_init                              - Undefined Weak Reference
    _handle_redirection                       - Undefined Weak Reference
    _init_alloc                               - Undefined Weak Reference
    _init_user_alloc                          - Undefined Weak Reference
    _initio                                   - Undefined Weak Reference
    _rand_init                                - Undefined Weak Reference
    _signal_finish                            - Undefined Weak Reference
    _signal_init                              - Undefined Weak Reference
    _terminate_alloc                          - Undefined Weak Reference
    _terminate_user_alloc                     - Undefined Weak Reference
    _terminateio                              - Undefined Weak Reference
    __Vectors_Size                           0x000001ac   Number         0  startup_stm32f429xx.o ABSOLUTE
    __Vectors                                0x08000000   Data           4  startup_stm32f429xx.o(RESET)
    __Vectors_End                            0x080001ac   Data           0  startup_stm32f429xx.o(RESET)
    __main                                   0x080001ad   Thumb Code     8  __main.o(!!!main)
    __scatterload                            0x080001b5   Thumb Code     0  __scatter.o(!!!scatter)
    __scatterload_rt2                        0x080001b5   Thumb Code    84  __scatter.o(!!!scatter)
    __scatterload_rt2_thumb_only             0x080001b5   Thumb Code     0  __scatter.o(!!!scatter)
    __scatterload_loop                       0x080001bf   Thumb Code     0  __scatter.o(!!!scatter)
    __scatterload_copy                       0x08000211   Thumb Code    26  __scatter_copy.o(!!handler_copy)
    __scatterload_null                       0x0800022d   Thumb Code     2  __scatter.o(!!handler_null)
    __scatterload_zeroinit                   0x08000231   Thumb Code    28  __scatter_zi.o(!!handler_zi)
    __rt_lib_init                            0x0800024d   Thumb Code     0  libinit.o(.ARM.Collect$$libinit$$00000000)
    __rt_lib_init_fp_1                       0x0800024f   Thumb Code     0  libinit2.o(.ARM.Collect$$libinit$$00000001)
    __rt_lib_init_alloca_1                   0x08000253   Thumb Code     0  libinit2.o(.ARM.Collect$$libinit$$00000030)
    __rt_lib_init_argv_1                     0x08000253   Thumb Code     0  libinit2.o(.ARM.Collect$$libinit$$0000002E)
    __rt_lib_init_atexit_1                   0x08000253   Thumb Code     0  libinit2.o(.ARM.Collect$$libinit$$0000001D)
    __rt_lib_init_clock_1                    0x08000253   Thumb Code     0  libinit2.o(.ARM.Collect$$libinit$$00000023)
    __rt_lib_init_cpp_1                      0x08000253   Thumb Code     0  libinit2.o(.ARM.Collect$$libinit$$00000034)
    __rt_lib_init_exceptions_1               0x08000253   Thumb Code     0  libinit2.o(.ARM.Collect$$libinit$$00000032)
    __rt_lib_init_fp_trap_1                  0x08000253   Thumb Code     0  libinit2.o(.ARM.Collect$$libinit$$00000021)
    __rt_lib_init_getenv_1                   0x08000253   Thumb Code     0  libinit2.o(.ARM.Collect$$libinit$$00000025)
    __rt_lib_init_heap_1                     0x08000253   Thumb Code     0  libinit2.o(.ARM.Collect$$libinit$$0000000C)
    __rt_lib_init_lc_collate_1               0x08000253   Thumb Code     0  libinit2.o(.ARM.Collect$$libinit$$00000013)
    __rt_lib_init_lc_ctype_1                 0x08000253   Thumb Code     0  libinit2.o(.ARM.Collect$$libinit$$00000015)
    __rt_lib_init_lc_monetary_1              0x08000253   Thumb Code     0  libinit2.o(.ARM.Collect$$libinit$$00000017)
    __rt_lib_init_lc_numeric_1               0x08000253   Thumb Code     0  libinit2.o(.ARM.Collect$$libinit$$00000019)
    __rt_lib_init_lc_time_1                  0x08000253   Thumb Code     0  libinit2.o(.ARM.Collect$$libinit$$0000001B)
    __rt_lib_init_preinit_1                  0x08000253   Thumb Code     0  libinit2.o(.ARM.Collect$$libinit$$00000006)
    __rt_lib_init_rand_1                     0x08000253   Thumb Code     0  libinit2.o(.ARM.Collect$$libinit$$00000010)
    __rt_lib_init_relocate_pie_1             0x08000253   Thumb Code     0  libinit2.o(.ARM.Collect$$libinit$$00000004)
    __rt_lib_init_return                     0x08000253   Thumb Code     0  libinit2.o(.ARM.Collect$$libinit$$00000035)
    __rt_lib_init_signal_1                   0x08000253   Thumb Code     0  libinit2.o(.ARM.Collect$$libinit$$0000001F)
    __rt_lib_init_stdio_1                    0x08000253   Thumb Code     0  libinit2.o(.ARM.Collect$$libinit$$00000027)
    __rt_lib_init_user_alloc_1               0x08000253   Thumb Code     0  libinit2.o(.ARM.Collect$$libinit$$0000000E)
    __rt_lib_shutdown                        0x08000255   Thumb Code     0  libshutdown.o(.ARM.Collect$$libshutdown$$00000000)
    __rt_lib_shutdown_cpp_1                  0x08000257   Thumb Code     0  libshutdown2.o(.ARM.Collect$$libshutdown$$00000002)
    __rt_lib_shutdown_fp_trap_1              0x08000257   Thumb Code     0  libshutdown2.o(.ARM.Collect$$libshutdown$$00000007)
    __rt_lib_shutdown_heap_1                 0x08000257   Thumb Code     0  libshutdown2.o(.ARM.Collect$$libshutdown$$0000000F)
    __rt_lib_shutdown_return                 0x08000257   Thumb Code     0  libshutdown2.o(.ARM.Collect$$libshutdown$$00000010)
    __rt_lib_shutdown_signal_1               0x08000257   Thumb Code     0  libshutdown2.o(.ARM.Collect$$libshutdown$$0000000A)
    __rt_lib_shutdown_stdio_1                0x08000257   Thumb Code     0  libshutdown2.o(.ARM.Collect$$libshutdown$$00000004)
    __rt_lib_shutdown_user_alloc_1           0x08000257   Thumb Code     0  libshutdown2.o(.ARM.Collect$$libshutdown$$0000000C)
    __rt_entry                               0x08000259   Thumb Code     0  __rtentry.o(.ARM.Collect$$rtentry$$00000000)
    __rt_entry_presh_1                       0x08000259   Thumb Code     0  __rtentry2.o(.ARM.Collect$$rtentry$$00000002)
    __rt_entry_sh                            0x08000259   Thumb Code     0  __rtentry4.o(.ARM.Collect$$rtentry$$00000004)
    __rt_entry_li                            0x0800025f   Thumb Code     0  __rtentry2.o(.ARM.Collect$$rtentry$$0000000A)
    __rt_entry_postsh_1                      0x0800025f   Thumb Code     0  __rtentry2.o(.ARM.Collect$$rtentry$$00000009)
    __rt_entry_main                          0x08000263   Thumb Code     0  __rtentry2.o(.ARM.Collect$$rtentry$$0000000D)
    __rt_entry_postli_1                      0x08000263   Thumb Code     0  __rtentry2.o(.ARM.Collect$$rtentry$$0000000C)
    __rt_exit                                0x0800026b   Thumb Code     0  rtexit.o(.ARM.Collect$$rtexit$$00000000)
    __rt_exit_ls                             0x0800026d   Thumb Code     0  rtexit2.o(.ARM.Collect$$rtexit$$00000003)
    __rt_exit_prels_1                        0x0800026d   Thumb Code     0  rtexit2.o(.ARM.Collect$$rtexit$$00000002)
    __rt_exit_exit                           0x08000271   Thumb Code     0  rtexit2.o(.ARM.Collect$$rtexit$$00000004)
    Reset_Handler                            0x08000279   Thumb Code     8  startup_stm32f429xx.o(.text)
    NMI_Handler                              0x08000281   Thumb Code     2  startup_stm32f429xx.o(.text)
    HardFault_Handler                        0x08000283   Thumb Code     2  startup_stm32f429xx.o(.text)
    MemManage_Handler                        0x08000285   Thumb Code     2  startup_stm32f429xx.o(.text)
    BusFault_Handler                         0x08000287   Thumb Code     2  startup_stm32f429xx.o(.text)
    UsageFault_Handler                       0x08000289   Thumb Code     2  startup_stm32f429xx.o(.text)
    SVC_Handler                              0x0800028b   Thumb Code     2  startup_stm32f429xx.o(.text)
    DebugMon_Handler                         0x0800028d   Thumb Code     2  startup_stm32f429xx.o(.text)
    PendSV_Handler                           0x0800028f   Thumb Code     2  startup_stm32f429xx.o(.text)
    SysTick_Handler                          0x08000291   Thumb Code     2  startup_stm32f429xx.o(.text)
    ADC_IRQHandler                           0x08000293   Thumb Code     0  startup_stm32f429xx.o(.text)
    CAN1_RX0_IRQHandler                      0x08000293   Thumb Code     0  startup_stm32f429xx.o(.text)
    CAN1_RX1_IRQHandler                      0x08000293   Thumb Code     0  startup_stm32f429xx.o(.text)
    CAN1_SCE_IRQHandler                      0x08000293   Thumb Code     0  startup_stm32f429xx.o(.text)
    CAN1_TX_IRQHandler                       0x08000293   Thumb Code     0  startup_stm32f429xx.o(.text)
    CAN2_RX0_IRQHandler                      0x08000293   Thumb Code     0  startup_stm32f429xx.o(.text)
    CAN2_RX1_IRQHandler                      0x08000293   Thumb Code     0  startup_stm32f429xx.o(.text)
    CAN2_SCE_IRQHandler                      0x08000293   Thumb Code     0  startup_stm32f429xx.o(.text)
    CAN2_TX_IRQHandler                       0x08000293   Thumb Code     0  startup_stm32f429xx.o(.text)
    DCMI_IRQHandler                          0x08000293   Thumb Code     0  startup_stm32f429xx.o(.text)
    DMA1_Stream0_IRQHandler                  0x08000293   Thumb Code     0  startup_stm32f429xx.o(.text)
    DMA1_Stream1_IRQHandler                  0x08000293   Thumb Code     0  startup_stm32f429xx.o(.text)
    DMA1_Stream2_IRQHandler                  0x08000293   Thumb Code     0  startup_stm32f429xx.o(.text)
    DMA1_Stream3_IRQHandler                  0x08000293   Thumb Code     0  startup_stm32f429xx.o(.text)
    DMA1_Stream4_IRQHandler                  0x08000293   Thumb Code     0  startup_stm32f429xx.o(.text)
    DMA1_Stream5_IRQHandler                  0x08000293   Thumb Code     0  startup_stm32f429xx.o(.text)
    DMA1_Stream6_IRQHandler                  0x08000293   Thumb Code     0  startup_stm32f429xx.o(.text)
    DMA1_Stream7_IRQHandler                  0x08000293   Thumb Code     0  startup_stm32f429xx.o(.text)
    DMA2D_IRQHandler                         0x08000293   Thumb Code     0  startup_stm32f429xx.o(.text)
    DMA2_Stream0_IRQHandler                  0x08000293   Thumb Code     0  startup_stm32f429xx.o(.text)
    DMA2_Stream1_IRQHandler                  0x08000293   Thumb Code     0  startup_stm32f429xx.o(.text)
    DMA2_Stream2_IRQHandler                  0x08000293   Thumb Code     0  startup_stm32f429xx.o(.text)
    DMA2_Stream3_IRQHandler                  0x08000293   Thumb Code     0  startup_stm32f429xx.o(.text)
    DMA2_Stream4_IRQHandler                  0x08000293   Thumb Code     0  startup_stm32f429xx.o(.text)
    DMA2_Stream5_IRQHandler                  0x08000293   Thumb Code     0  startup_stm32f429xx.o(.text)
    DMA2_Stream6_IRQHandler                  0x08000293   Thumb Code     0  startup_stm32f429xx.o(.text)
    DMA2_Stream7_IRQHandler                  0x08000293   Thumb Code     0  startup_stm32f429xx.o(.text)
    ETH_IRQHandler                           0x08000293   Thumb Code     0  startup_stm32f429xx.o(.text)
    ETH_WKUP_IRQHandler                      0x08000293   Thumb Code     0  startup_stm32f429xx.o(.text)
    EXTI0_IRQHandler                         0x08000293   Thumb Code     0  startup_stm32f429xx.o(.text)
    EXTI15_10_IRQHandler                     0x08000293   Thumb Code     0  startup_stm32f429xx.o(.text)
    EXTI1_IRQHandler                         0x08000293   Thumb Code     0  startup_stm32f429xx.o(.text)
    EXTI2_IRQHandler                         0x08000293   Thumb Code     0  startup_stm32f429xx.o(.text)
    EXTI3_IRQHandler                         0x08000293   Thumb Code     0  startup_stm32f429xx.o(.text)
    EXTI4_IRQHandler                         0x08000293   Thumb Code     0  startup_stm32f429xx.o(.text)
    EXTI9_5_IRQHandler                       0x08000293   Thumb Code     0  startup_stm32f429xx.o(.text)
    FLASH_IRQHandler                         0x08000293   Thumb Code     0  startup_stm32f429xx.o(.text)
    FMC_IRQHandler                           0x08000293   Thumb Code     0  startup_stm32f429xx.o(.text)
    FPU_IRQHandler                           0x08000293   Thumb Code     0  startup_stm32f429xx.o(.text)
    HASH_RNG_IRQHandler                      0x08000293   Thumb Code     0  startup_stm32f429xx.o(.text)
    I2C1_ER_IRQHandler                       0x08000293   Thumb Code     0  startup_stm32f429xx.o(.text)
    I2C1_EV_IRQHandler                       0x08000293   Thumb Code     0  startup_stm32f429xx.o(.text)
    I2C2_ER_IRQHandler                       0x08000293   Thumb Code     0  startup_stm32f429xx.o(.text)
    I2C2_EV_IRQHandler                       0x08000293   Thumb Code     0  startup_stm32f429xx.o(.text)
    I2C3_ER_IRQHandler                       0x08000293   Thumb Code     0  startup_stm32f429xx.o(.text)
    I2C3_EV_IRQHandler                       0x08000293   Thumb Code     0  startup_stm32f429xx.o(.text)
    LTDC_ER_IRQHandler                       0x08000293   Thumb Code     0  startup_stm32f429xx.o(.text)
    LTDC_IRQHandler                          0x08000293   Thumb Code     0  startup_stm32f429xx.o(.text)
    OTG_FS_IRQHandler                        0x08000293   Thumb Code     0  startup_stm32f429xx.o(.text)
    OTG_FS_WKUP_IRQHandler                   0x08000293   Thumb Code     0  startup_stm32f429xx.o(.text)
    OTG_HS_EP1_IN_IRQHandler                 0x08000293   Thumb Code     0  startup_stm32f429xx.o(.text)
    OTG_HS_EP1_OUT_IRQHandler                0x08000293   Thumb Code     0  startup_stm32f429xx.o(.text)
    OTG_HS_IRQHandler                        0x08000293   Thumb Code     0  startup_stm32f429xx.o(.text)
    OTG_HS_WKUP_IRQHandler                   0x08000293   Thumb Code     0  startup_stm32f429xx.o(.text)
    PVD_IRQHandler                           0x08000293   Thumb Code     0  startup_stm32f429xx.o(.text)
    RCC_IRQHandler                           0x08000293   Thumb Code     0  startup_stm32f429xx.o(.text)
    RTC_Alarm_IRQHandler                     0x08000293   Thumb Code     0  startup_stm32f429xx.o(.text)
    RTC_WKUP_IRQHandler                      0x08000293   Thumb Code     0  startup_stm32f429xx.o(.text)
    SAI1_IRQHandler                          0x08000293   Thumb Code     0  startup_stm32f429xx.o(.text)
    SDIO_IRQHandler                          0x08000293   Thumb Code     0  startup_stm32f429xx.o(.text)
    SPI1_IRQHandler                          0x08000293   Thumb Code     0  startup_stm32f429xx.o(.text)
    SPI2_IRQHandler                          0x08000293   Thumb Code     0  startup_stm32f429xx.o(.text)
    SPI3_IRQHandler                          0x08000293   Thumb Code     0  startup_stm32f429xx.o(.text)
    SPI4_IRQHandler                          0x08000293   Thumb Code     0  startup_stm32f429xx.o(.text)
    SPI5_IRQHandler                          0x08000293   Thumb Code     0  startup_stm32f429xx.o(.text)
    SPI6_IRQHandler                          0x08000293   Thumb Code     0  startup_stm32f429xx.o(.text)
    TAMP_STAMP_IRQHandler                    0x08000293   Thumb Code     0  startup_stm32f429xx.o(.text)
    TIM1_BRK_TIM9_IRQHandler                 0x08000293   Thumb Code     0  startup_stm32f429xx.o(.text)
    TIM1_CC_IRQHandler                       0x08000293   Thumb Code     0  startup_stm32f429xx.o(.text)
    TIM1_TRG_COM_TIM11_IRQHandler            0x08000293   Thumb Code     0  startup_stm32f429xx.o(.text)
    TIM1_UP_TIM10_IRQHandler                 0x08000293   Thumb Code     0  startup_stm32f429xx.o(.text)
    TIM5_IRQHandler                          0x08000293   Thumb Code     0  startup_stm32f429xx.o(.text)
    TIM7_IRQHandler                          0x08000293   Thumb Code     0  startup_stm32f429xx.o(.text)
    TIM8_BRK_TIM12_IRQHandler                0x08000293   Thumb Code     0  startup_stm32f429xx.o(.text)
    TIM8_CC_IRQHandler                       0x08000293   Thumb Code     0  startup_stm32f429xx.o(.text)
    TIM8_TRG_COM_TIM14_IRQHandler            0x08000293   Thumb Code     0  startup_stm32f429xx.o(.text)
    TIM8_UP_TIM13_IRQHandler                 0x08000293   Thumb Code     0  startup_stm32f429xx.o(.text)
    UART4_IRQHandler                         0x08000293   Thumb Code     0  startup_stm32f429xx.o(.text)
    UART5_IRQHandler                         0x08000293   Thumb Code     0  startup_stm32f429xx.o(.text)
    UART7_IRQHandler                         0x08000293   Thumb Code     0  startup_stm32f429xx.o(.text)
    UART8_IRQHandler                         0x08000293   Thumb Code     0  startup_stm32f429xx.o(.text)
    USART1_IRQHandler                        0x08000293   Thumb Code     0  startup_stm32f429xx.o(.text)
    USART2_IRQHandler                        0x08000293   Thumb Code     0  startup_stm32f429xx.o(.text)
    USART3_IRQHandler                        0x08000293   Thumb Code     0  startup_stm32f429xx.o(.text)
    USART6_IRQHandler                        0x08000293   Thumb Code     0  startup_stm32f429xx.o(.text)
    WWDG_IRQHandler                          0x08000293   Thumb Code     0  startup_stm32f429xx.o(.text)
    __user_initial_stackheap                 0x08000295   Thumb Code     0  startup_stm32f429xx.o(.text)
    __use_two_region_memory                  0x080002b9   Thumb Code     2  heapauxi.o(.text)
    __rt_heap_escrow$2region                 0x080002bb   Thumb Code     2  heapauxi.o(.text)
    __rt_heap_expand$2region                 0x080002bd   Thumb Code     2  heapauxi.o(.text)
    __read_errno                             0x080002bf   Thumb Code    10  _rserrno.o(.text)
    __set_errno                              0x080002c9   Thumb Code    12  _rserrno.o(.text)
    __aeabi_errno_addr                       0x080002d5   Thumb Code     8  rt_errno_addr_intlibspace.o(.text)
    __errno$intlibspace                      0x080002d5   Thumb Code     0  rt_errno_addr_intlibspace.o(.text)
    __rt_errno_addr$intlibspace              0x080002d5   Thumb Code     0  rt_errno_addr_intlibspace.o(.text)
    __user_libspace                          0x080002dd   Thumb Code     8  libspace.o(.text)
    __user_perproc_libspace                  0x080002dd   Thumb Code     0  libspace.o(.text)
    __user_perthread_libspace                0x080002dd   Thumb Code     0  libspace.o(.text)
    __user_setup_stackheap                   0x080002e5   Thumb Code    74  sys_stackheap_outer.o(.text)
    exit                                     0x0800032f   Thumb Code    18  exit.o(.text)
    _sys_exit                                0x08000341   Thumb Code     8  sys_exit.o(.text)
    __I$use$semihosting                      0x0800034d   Thumb Code     0  use_no_semi.o(.text)
    __use_no_semihosting_swi                 0x0800034d   Thumb Code     2  use_no_semi.o(.text)
    __semihosting_library_function           0x0800034f   Thumb Code     0  indicate_semi.o(.text)
    ADC_LED_Init                             0x08000351   Thumb Code    58  main.o(.text.ADC_LED_Init)
    DAC_Init                                 0x0800038d   Thumb Code    64  main.o(.text.DAC_Init)
    Generate_Sine_Wave                       0x080003d1   Thumb Code   152  main.o(.text.Generate_Sine_Wave)
    I2C_Config                               0x08000489   Thumb Code   186  main.o(.text.I2C_Config)
    IWDG_Init                                0x08000545   Thumb Code    48  main.o(.text.IWDG_Init)
    Init_Timer2                              0x08000575   Thumb Code    92  main.o(.text.Init_Timer2)
    LCD_strobe                               0x080005d1   Thumb Code    46  main.o(.text.LCD_strobe)
    LED_Init                                 0x08000601   Thumb Code   144  main.o(.text.LED_Init)
    PLL_Config                               0x08000691   Thumb Code   180  main.o(.text.PLL_Config)
    PWM_Init                                 0x08000745   Thumb Code    34  main.o(.text.PWM_Init)
    SystemCoreClockUpdate                    0x08000769   Thumb Code   302  system_stm32f4xx.o(.text.SystemCoreClockUpdate)
    SystemInit                               0x08000899   Thumb Code   110  system_stm32f4xx.o(.text.SystemInit)
    TIM2_IRQHandler                          0x08000909   Thumb Code    22  main.o(.text.TIM2_IRQHandler)
    TIM3_IRQHandler                          0x08000921   Thumb Code    18  main.o(.text.TIM3_IRQHandler)
    TIM3_Init                                0x08000935   Thumb Code    76  main.o(.text.TIM3_Init)
    TIM4_IRQHandler                          0x08000981   Thumb Code    30  main.o(.text.TIM4_IRQHandler)
    TIM4_Init                                0x080009a1   Thumb Code    88  main.o(.text.TIM4_Init)
    TIM6_DAC_IRQHandler                      0x080009f9   Thumb Code    92  main.o(.text.TIM6_DAC_IRQHandler)
    TIM6_Delay                               0x08000a55   Thumb Code    80  main.o(.text.TIM6_Delay)
    Timer6_Init                              0x08000aa5   Thumb Code    84  main.o(.text.Timer6_Init)
    Toggle_LED1                              0x08000af9   Thumb Code    18  main.o(.text.Toggle_LED1)
    WaitLcdBusy                              0x08000b0d   Thumb Code    32  main.o(.text.WaitLcdBusy)
    cmdLCD                                   0x08000b5d   Thumb Code    48  main.o(.text.cmdLCD)
    initLCD                                  0x08000b8d   Thumb Code   116  main.o(.text.initLCD)
    init_ADC                                 0x08000c01   Thumb Code   154  main.o(.text.init_ADC)
    init_USART                               0x08000c9d   Thumb Code   288  main.o(.text.init_USART)
    lcd_delayus                              0x08000dbd   Thumb Code    80  main.o(.text.lcd_delayus)
    main                                     0x08000e0d   Thumb Code   100  main.o(.text.main)
    putLCD                                   0x08000e71   Thumb Code    48  main.o(.text.putLCD)
    read_LCD_busy_flag                       0x08000ea1   Thumb Code   110  main.o(.text.read_LCD_busy_flag)
    scrollTextA                              0x08000f11   Thumb Code   310  main.o(.text.scrollTextA)
    set_LCD_data                             0x08001049   Thumb Code    30  main.o(.text.set_LCD_data)
    __ARM_fpclassify                         0x08001067   Thumb Code    48  fpclassify.o(i.__ARM_fpclassify)
    __hardfp_sin                             0x08001099   Thumb Code   180  sin.o(i.__hardfp_sin)
    __ieee754_rem_pio2                       0x08001161   Thumb Code   938  rred.o(i.__ieee754_rem_pio2)
    __kernel_cos                             0x08001599   Thumb Code   322  cos_i.o(i.__kernel_cos)
    __kernel_poly                            0x08001709   Thumb Code   248  poly.o(i.__kernel_poly)
    __kernel_sin                             0x08001801   Thumb Code   280  sin_i.o(i.__kernel_sin)
    __mathlib_dbl_infnan                     0x08001931   Thumb Code    20  dunder.o(i.__mathlib_dbl_infnan)
    __mathlib_dbl_invalid                    0x08001949   Thumb Code    24  dunder.o(i.__mathlib_dbl_invalid)
    __mathlib_dbl_underflow                  0x08001969   Thumb Code    24  dunder.o(i.__mathlib_dbl_underflow)
    fabs                                     0x08001989   Thumb Code    24  fabs.o(i.fabs)
    __aeabi_dneg                             0x080019a1   Thumb Code     0  basic.o(x$fpl$basic)
    _dneg                                    0x080019a1   Thumb Code     6  basic.o(x$fpl$basic)
    __aeabi_fneg                             0x080019a7   Thumb Code     0  basic.o(x$fpl$basic)
    _fneg                                    0x080019a7   Thumb Code     6  basic.o(x$fpl$basic)
    _dabs                                    0x080019ad   Thumb Code     6  basic.o(x$fpl$basic)
    _fabs                                    0x080019b3   Thumb Code     6  basic.o(x$fpl$basic)
    __aeabi_dadd                             0x080019b9   Thumb Code     0  daddsub_clz.o(x$fpl$dadd)
    _dadd                                    0x080019b9   Thumb Code   332  daddsub_clz.o(x$fpl$dadd)
    __aeabi_ddiv                             0x08001b09   Thumb Code     0  ddiv.o(x$fpl$ddiv)
    _ddiv                                    0x08001b09   Thumb Code   560  ddiv.o(x$fpl$ddiv)
    __aeabi_d2iz                             0x08001dc1   Thumb Code     0  dfix.o(x$fpl$dfix)
    _dfix                                    0x08001dc1   Thumb Code    94  dfix.o(x$fpl$dfix)
    __aeabi_i2d                              0x08001e1f   Thumb Code     0  dflt_clz.o(x$fpl$dflt)
    _dflt                                    0x08001e1f   Thumb Code    46  dflt_clz.o(x$fpl$dflt)
    __aeabi_ui2d                             0x08001e4d   Thumb Code     0  dflt_clz.o(x$fpl$dfltu)
    _dfltu                                   0x08001e4d   Thumb Code    38  dflt_clz.o(x$fpl$dfltu)
    __aeabi_dmul                             0x08001e75   Thumb Code     0  dmul.o(x$fpl$dmul)
    _dmul                                    0x08001e75   Thumb Code   332  dmul.o(x$fpl$dmul)
    __fpl_dnaninf                            0x08001fc9   Thumb Code   156  dnaninf.o(x$fpl$dnaninf)
    __fpl_dretinf                            0x08002065   Thumb Code    12  dretinf.o(x$fpl$dretinf)
    __aeabi_drsub                            0x08002071   Thumb Code     0  daddsub_clz.o(x$fpl$drsb)
    _drsb                                    0x08002071   Thumb Code    22  daddsub_clz.o(x$fpl$drsb)
    __aeabi_dsub                             0x08002089   Thumb Code     0  daddsub_clz.o(x$fpl$dsub)
    _dsub                                    0x08002089   Thumb Code   472  daddsub_clz.o(x$fpl$dsub)
    _fp_init                                 0x08002265   Thumb Code    26  fpinit.o(x$fpl$fpinit)
    __fplib_config_fpu_vfp                   0x0800227d   Thumb Code     0  fpinit.o(x$fpl$fpinit)
    __fplib_config_pureend_doubles           0x0800227d   Thumb Code     0  fpinit.o(x$fpl$fpinit)
    __I$use$fp                               0x0800227e   Number         0  usenofp.o(x$fpl$usenofp)
    AHBPrescTable                            0x080023a8   Data          16  system_stm32f4xx.o(.rodata.AHBPrescTable)
    Region$$Table$$Base                      0x080023e4   Number         0  anon$$obj.o(Region$$Table)
    Region$$Table$$Limit                     0x08002404   Number         0  anon$$obj.o(Region$$Table)
    SystemCoreClock                          0x20000000   Data           4  system_stm32f4xx.o(.data.SystemCoreClock)
    __libspace_start                         0x20000008   Data          96  libspace.o(.bss)
    __temporary_stack_top$libspace           0x20000068   Data           0  libspace.o(.bss)
    index                                    0x20000068   Data           1  main.o(.bss.index)
    sine_wave                                0x2000006a   Data         200  main.o(.bss.sine_wave)



==============================================================================

Memory Map of the image

  Image Entry point : 0x08000279

  Load Region LR_1 (Base: 0x08000000, Size: 0x00002408, Max: 0xffffffff, ABSOLUTE)

    Execution Region ER_RO (Exec base: 0x08000000, Load base: 0x08000000, Size: 0x00002404, Max: 0xffffffff, ABSOLUTE)

    Exec Addr    Load Addr    Size         Type   Attr      Idx    E Section Name        Object

    0x08000000   0x08000000   0x000001ac   Data   RO          128    RESET               startup_stm32f429xx.o
    0x080001ac   0x080001ac   0x00000008   Code   RO          152  * !!!main             c_w.l(__main.o)
    0x080001b4   0x080001b4   0x0000005c   Code   RO          394    !!!scatter          c_w.l(__scatter.o)
    0x08000210   0x08000210   0x0000001a   Code   RO          398    !!handler_copy      c_w.l(__scatter_copy.o)
    0x0800022a   0x0800022a   0x00000002   PAD
    0x0800022c   0x0800022c   0x00000002   Code   RO          395    !!handler_null      c_w.l(__scatter.o)
    0x0800022e   0x0800022e   0x00000002   PAD
    0x08000230   0x08000230   0x0000001c   Code   RO          400    !!handler_zi        c_w.l(__scatter_zi.o)
    0x0800024c   0x0800024c   0x00000002   Code   RO          259    .ARM.Collect$$libinit$$00000000  c_w.l(libinit.o)
    0x0800024e   0x0800024e   0x00000004   Code   RO          262    .ARM.Collect$$libinit$$00000001  c_w.l(libinit2.o)
    0x08000252   0x08000252   0x00000000   Code   RO          265    .ARM.Collect$$libinit$$00000004  c_w.l(libinit2.o)
    0x08000252   0x08000252   0x00000000   Code   RO          267    .ARM.Collect$$libinit$$00000006  c_w.l(libinit2.o)
    0x08000252   0x08000252   0x00000000   Code   RO          270    .ARM.Collect$$libinit$$0000000C  c_w.l(libinit2.o)
    0x08000252   0x08000252   0x00000000   Code   RO          272    .ARM.Collect$$libinit$$0000000E  c_w.l(libinit2.o)
    0x08000252   0x08000252   0x00000000   Code   RO          274    .ARM.Collect$$libinit$$00000010  c_w.l(libinit2.o)
    0x08000252   0x08000252   0x00000000   Code   RO          277    .ARM.Collect$$libinit$$00000013  c_w.l(libinit2.o)
    0x08000252   0x08000252   0x00000000   Code   RO          279    .ARM.Collect$$libinit$$00000015  c_w.l(libinit2.o)
    0x08000252   0x08000252   0x00000000   Code   RO          281    .ARM.Collect$$libinit$$00000017  c_w.l(libinit2.o)
    0x08000252   0x08000252   0x00000000   Code   RO          283    .ARM.Collect$$libinit$$00000019  c_w.l(libinit2.o)
    0x08000252   0x08000252   0x00000000   Code   RO          285    .ARM.Collect$$libinit$$0000001B  c_w.l(libinit2.o)
    0x08000252   0x08000252   0x00000000   Code   RO          287    .ARM.Collect$$libinit$$0000001D  c_w.l(libinit2.o)
    0x08000252   0x08000252   0x00000000   Code   RO          289    .ARM.Collect$$libinit$$0000001F  c_w.l(libinit2.o)
    0x08000252   0x08000252   0x00000000   Code   RO          291    .ARM.Collect$$libinit$$00000021  c_w.l(libinit2.o)
    0x08000252   0x08000252   0x00000000   Code   RO          293    .ARM.Collect$$libinit$$00000023  c_w.l(libinit2.o)
    0x08000252   0x08000252   0x00000000   Code   RO          295    .ARM.Collect$$libinit$$00000025  c_w.l(libinit2.o)
    0x08000252   0x08000252   0x00000000   Code   RO          297    .ARM.Collect$$libinit$$00000027  c_w.l(libinit2.o)
    0x08000252   0x08000252   0x00000000   Code   RO          301    .ARM.Collect$$libinit$$0000002E  c_w.l(libinit2.o)
    0x08000252   0x08000252   0x00000000   Code   RO          303    .ARM.Collect$$libinit$$00000030  c_w.l(libinit2.o)
    0x08000252   0x08000252   0x00000000   Code   RO          305    .ARM.Collect$$libinit$$00000032  c_w.l(libinit2.o)
    0x08000252   0x08000252   0x00000000   Code   RO          307    .ARM.Collect$$libinit$$00000034  c_w.l(libinit2.o)
    0x08000252   0x08000252   0x00000002   Code   RO          308    .ARM.Collect$$libinit$$00000035  c_w.l(libinit2.o)
    0x08000254   0x08000254   0x00000002   Code   RO          330    .ARM.Collect$$libshutdown$$00000000  c_w.l(libshutdown.o)
    0x08000256   0x08000256   0x00000000   Code   RO          345    .ARM.Collect$$libshutdown$$00000002  c_w.l(libshutdown2.o)
    0x08000256   0x08000256   0x00000000   Code   RO          347    .ARM.Collect$$libshutdown$$00000004  c_w.l(libshutdown2.o)
    0x08000256   0x08000256   0x00000000   Code   RO          350    .ARM.Collect$$libshutdown$$00000007  c_w.l(libshutdown2.o)
    0x08000256   0x08000256   0x00000000   Code   RO          353    .ARM.Collect$$libshutdown$$0000000A  c_w.l(libshutdown2.o)
    0x08000256   0x08000256   0x00000000   Code   RO          355    .ARM.Collect$$libshutdown$$0000000C  c_w.l(libshutdown2.o)
    0x08000256   0x08000256   0x00000000   Code   RO          358    .ARM.Collect$$libshutdown$$0000000F  c_w.l(libshutdown2.o)
    0x08000256   0x08000256   0x00000002   Code   RO          359    .ARM.Collect$$libshutdown$$00000010  c_w.l(libshutdown2.o)
    0x08000258   0x08000258   0x00000000   Code   RO          182    .ARM.Collect$$rtentry$$00000000  c_w.l(__rtentry.o)
    0x08000258   0x08000258   0x00000000   Code   RO          218    .ARM.Collect$$rtentry$$00000002  c_w.l(__rtentry2.o)
    0x08000258   0x08000258   0x00000006   Code   RO          230    .ARM.Collect$$rtentry$$00000004  c_w.l(__rtentry4.o)
    0x0800025e   0x0800025e   0x00000000   Code   RO          220    .ARM.Collect$$rtentry$$00000009  c_w.l(__rtentry2.o)
    0x0800025e   0x0800025e   0x00000004   Code   RO          221    .ARM.Collect$$rtentry$$0000000A  c_w.l(__rtentry2.o)
    0x08000262   0x08000262   0x00000000   Code   RO          223    .ARM.Collect$$rtentry$$0000000C  c_w.l(__rtentry2.o)
    0x08000262   0x08000262   0x00000008   Code   RO          224    .ARM.Collect$$rtentry$$0000000D  c_w.l(__rtentry2.o)
    0x0800026a   0x0800026a   0x00000002   Code   RO          260    .ARM.Collect$$rtexit$$00000000  c_w.l(rtexit.o)
    0x0800026c   0x0800026c   0x00000000   Code   RO          310    .ARM.Collect$$rtexit$$00000002  c_w.l(rtexit2.o)
    0x0800026c   0x0800026c   0x00000004   Code   RO          311    .ARM.Collect$$rtexit$$00000003  c_w.l(rtexit2.o)
    0x08000270   0x08000270   0x00000006   Code   RO          312    .ARM.Collect$$rtexit$$00000004  c_w.l(rtexit2.o)
    0x08000276   0x08000276   0x00000002   PAD
    0x08000278   0x08000278   0x00000040   Code   RO          129  * .text               startup_stm32f429xx.o
    0x080002b8   0x080002b8   0x00000006   Code   RO          150    .text               c_w.l(heapauxi.o)
    0x080002be   0x080002be   0x00000016   Code   RO          183    .text               c_w.l(_rserrno.o)
    0x080002d4   0x080002d4   0x00000008   Code   RO          235    .text               c_w.l(rt_errno_addr_intlibspace.o)
    0x080002dc   0x080002dc   0x00000008   Code   RO          247    .text               c_w.l(libspace.o)
    0x080002e4   0x080002e4   0x0000004a   Code   RO          250    .text               c_w.l(sys_stackheap_outer.o)
    0x0800032e   0x0800032e   0x00000012   Code   RO          252    .text               c_w.l(exit.o)
    0x08000340   0x08000340   0x0000000c   Code   RO          320    .text               c_w.l(sys_exit.o)
    0x0800034c   0x0800034c   0x00000002   Code   RO          335    .text               c_w.l(use_no_semi.o)
    0x0800034e   0x0800034e   0x00000000   Code   RO          337    .text               c_w.l(indicate_semi.o)
    0x0800034e   0x0800034e   0x00000002   PAD
    0x08000350   0x08000350   0x0000003a   Code   RO           18    .text.ADC_LED_Init  main.o
    0x0800038a   0x0800038a   0x00000002   PAD
    0x0800038c   0x0800038c   0x00000040   Code   RO           62    .text.DAC_Init      main.o
    0x080003cc   0x080003cc   0x00000004   PAD
    0x080003d0   0x080003d0   0x000000b8   Code   RO           70    .text.Generate_Sine_Wave  main.o
    0x08000488   0x08000488   0x000000ba   Code   RO           48    .text.I2C_Config    main.o
    0x08000542   0x08000542   0x00000002   PAD
    0x08000544   0x08000544   0x00000030   Code   RO           44    .text.IWDG_Init     main.o
    0x08000574   0x08000574   0x0000005c   Code   RO            6    .text.Init_Timer2   main.o
    0x080005d0   0x080005d0   0x0000002e   Code   RO           82    .text.LCD_strobe    main.o
    0x080005fe   0x080005fe   0x00000002   PAD
    0x08000600   0x08000600   0x00000090   Code   RO            4    .text.LED_Init      main.o
    0x08000690   0x08000690   0x000000b4   Code   RO            2    .text.PLL_Config    main.o
    0x08000744   0x08000744   0x00000022   Code   RO           30    .text.PWM_Init      main.o
    0x08000766   0x08000766   0x00000002   PAD
    0x08000768   0x08000768   0x0000012e   Code   RO          138    .text.SystemCoreClockUpdate  system_stm32f4xx.o
    0x08000896   0x08000896   0x00000002   PAD
    0x08000898   0x08000898   0x0000006e   Code   RO          136    .text.SystemInit    system_stm32f4xx.o
    0x08000906   0x08000906   0x00000002   PAD
    0x08000908   0x08000908   0x00000016   Code   RO            8    .text.TIM2_IRQHandler  main.o
    0x0800091e   0x0800091e   0x00000002   PAD
    0x08000920   0x08000920   0x00000012   Code   RO           36    .text.TIM3_IRQHandler  main.o
    0x08000932   0x08000932   0x00000002   PAD
    0x08000934   0x08000934   0x0000004c   Code   RO           20    .text.TIM3_Init     main.o
    0x08000980   0x08000980   0x0000001e   Code   RO           34    .text.TIM4_IRQHandler  main.o
    0x0800099e   0x0800099e   0x00000002   PAD
    0x080009a0   0x080009a0   0x00000058   Code   RO           32    .text.TIM4_Init     main.o
    0x080009f8   0x080009f8   0x0000005c   Code   RO           72    .text.TIM6_DAC_IRQHandler  main.o
    0x08000a54   0x08000a54   0x00000050   Code   RO           38    .text.TIM6_Delay    main.o
    0x08000aa4   0x08000aa4   0x00000054   Code   RO           66    .text.Timer6_Init   main.o
    0x08000af8   0x08000af8   0x00000012   Code   RO           10    .text.Toggle_LED1   main.o
    0x08000b0a   0x08000b0a   0x00000002   PAD
    0x08000b0c   0x08000b0c   0x00000020   Code   RO           76    .text.WaitLcdBusy   main.o
    0x08000b2c   0x08000b2c   0x00000030   Code   RO           68    .text.__NVIC_EnableIRQ  main.o
    0x08000b5c   0x08000b5c   0x00000030   Code   RO           84    .text.cmdLCD        main.o
    0x08000b8c   0x08000b8c   0x00000074   Code   RO           88    .text.initLCD       main.o
    0x08000c00   0x08000c00   0x0000009a   Code   RO           22    .text.init_ADC      main.o
    0x08000c9a   0x08000c9a   0x00000002   PAD
    0x08000c9c   0x08000c9c   0x00000120   Code   RO           16    .text.init_USART    main.o
    0x08000dbc   0x08000dbc   0x00000050   Code   RO           74    .text.lcd_delayus   main.o
    0x08000e0c   0x08000e0c   0x00000064   Code   RO          104    .text.main          main.o
    0x08000e70   0x08000e70   0x00000030   Code   RO           86    .text.putLCD        main.o
    0x08000ea0   0x08000ea0   0x0000006e   Code   RO           78    .text.read_LCD_busy_flag  main.o
    0x08000f0e   0x08000f0e   0x00000002   PAD
    0x08000f10   0x08000f10   0x00000136   Code   RO           90    .text.scrollTextA   main.o
    0x08001046   0x08001046   0x00000002   PAD
    0x08001048   0x08001048   0x0000001e   Code   RO           80    .text.set_LCD_data  main.o
    0x08001066   0x08001066   0x00000030   Code   RO          243    i.__ARM_fpclassify  m_wm.l(fpclassify.o)
    0x08001096   0x08001096   0x00000002   PAD
    0x08001098   0x08001098   0x000000c8   Code   RO          176    i.__hardfp_sin      m_wm.l(sin.o)
    0x08001160   0x08001160   0x00000438   Code   RO          209    i.__ieee754_rem_pio2  m_wm.l(rred.o)
    0x08001598   0x08001598   0x00000170   Code   RO          192    i.__kernel_cos      m_wm.l(cos_i.o)
    0x08001708   0x08001708   0x000000f8   Code   RO          245    i.__kernel_poly     m_wm.l(poly.o)
    0x08001800   0x08001800   0x00000130   Code   RO          214    i.__kernel_sin      m_wm.l(sin_i.o)
    0x08001930   0x08001930   0x00000014   Code   RO          196    i.__mathlib_dbl_infnan  m_wm.l(dunder.o)
    0x08001944   0x08001944   0x00000004   PAD
    0x08001948   0x08001948   0x00000020   Code   RO          198    i.__mathlib_dbl_invalid  m_wm.l(dunder.o)
    0x08001968   0x08001968   0x00000020   Code   RO          201    i.__mathlib_dbl_underflow  m_wm.l(dunder.o)
    0x08001988   0x08001988   0x00000018   Code   RO          239    i.fabs              m_wm.l(fabs.o)
    0x080019a0   0x080019a0   0x00000018   Code   RO          185    x$fpl$basic         fz_wm.l(basic.o)
    0x080019b8   0x080019b8   0x00000150   Code   RO          154    x$fpl$dadd          fz_wm.l(daddsub_clz.o)
    0x08001b08   0x08001b08   0x000002b8   Code   RO          161    x$fpl$ddiv          fz_wm.l(ddiv.o)
    0x08001dc0   0x08001dc0   0x0000005e   Code   RO          164    x$fpl$dfix          fz_wm.l(dfix.o)
    0x08001e1e   0x08001e1e   0x0000002e   Code   RO          169    x$fpl$dflt          fz_wm.l(dflt_clz.o)
    0x08001e4c   0x08001e4c   0x00000026   Code   RO          168    x$fpl$dfltu         fz_wm.l(dflt_clz.o)
    0x08001e72   0x08001e72   0x00000002   PAD
    0x08001e74   0x08001e74   0x00000154   Code   RO          174    x$fpl$dmul          fz_wm.l(dmul.o)
    0x08001fc8   0x08001fc8   0x0000009c   Code   RO          187    x$fpl$dnaninf       fz_wm.l(dnaninf.o)
    0x08002064   0x08002064   0x0000000c   Code   RO          189    x$fpl$dretinf       fz_wm.l(dretinf.o)
    0x08002070   0x08002070   0x00000016   Code   RO          155    x$fpl$drsb          fz_wm.l(daddsub_clz.o)
    0x08002086   0x08002086   0x00000002   PAD
    0x08002088   0x08002088   0x000001dc   Code   RO          156    x$fpl$dsub          fz_wm.l(daddsub_clz.o)
    0x08002264   0x08002264   0x0000001a   Code   RO          318    x$fpl$fpinit        fz_wm.l(fpinit.o)
    0x0800227e   0x0800227e   0x00000000   Code   RO          191    x$fpl$usenofp       fz_wm.l(usenofp.o)
    0x0800227e   0x0800227e   0x00000002   PAD
    0x08002280   0x08002280   0x00000030   Data   RO          193    .constdata          m_wm.l(cos_i.o)
    0x080022b0   0x080022b0   0x000000cc   Data   RO          211    .constdata          m_wm.l(rred.o)
    0x0800237c   0x0800237c   0x00000004   PAD
    0x08002380   0x08002380   0x00000028   Data   RO          215    .constdata          m_wm.l(sin_i.o)
    0x080023a8   0x080023a8   0x00000010   Data   RO          141    .rodata.AHBPrescTable  system_stm32f4xx.o
    0x080023b8   0x080023b8   0x0000002b   Data   RO          113    .rodata.str1.1      main.o
    0x080023e3   0x080023e3   0x00000001   PAD
    0x080023e4   0x080023e4   0x00000020   Data   RO          393    Region$$Table       anon$$obj.o


    Execution Region ER_RW (Exec base: 0x20000000, Load base: 0x08002404, Size: 0x00000004, Max: 0xffffffff, ABSOLUTE)

    Exec Addr    Load Addr    Size         Type   Attr      Idx    E Section Name        Object

    0x20000000   0x08002404   0x00000004   Data   RW          140    .data.SystemCoreClock  system_stm32f4xx.o


    Execution Region ER_ZI (Exec base: 0x20000008, Load base: 0x08002408, Size: 0x00000730, Max: 0xffffffff, ABSOLUTE)

    Exec Addr    Load Addr    Size         Type   Attr      Idx    E Section Name        Object

    0x20000008        -       0x00000060   Zero   RW          248    .bss                c_w.l(libspace.o)
    0x20000068        -       0x00000001   Zero   RW          106    .bss.index          main.o
    0x20000069   0x08002408   0x00000001   PAD
    0x2000006a        -       0x000000c8   Zero   RW          107    .bss.sine_wave      main.o
    0x20000132   0x08002408   0x00000006   PAD
    0x20000138        -       0x00000200   Zero   RW          127    HEAP                startup_stm32f429xx.o
    0x20000338        -       0x00000400   Zero   RW          126    STACK               startup_stm32f429xx.o


==============================================================================

Image component sizes


      Code (inc. data)   RO Data    RW Data    ZI Data      Debug   Object Name

      2908         32         43          0        201      13404   main.o
        64         26        428          0       1536        932   startup_stm32f429xx.o
       412          0         16          4          0       2828   system_stm32f4xx.o

    ----------------------------------------------------------------------
      3414         58        520          4       1744      17164   Object Totals
         0          0         32          0          0          0   (incl. Generated)
        30          0          1          0          7          0   (incl. Padding)

    ----------------------------------------------------------------------

      Code (inc. data)   RO Data    RW Data    ZI Data      Debug   Library Member Name

         8          0          0          0          0         68   __main.o
         0          0          0          0          0          0   __rtentry.o
        12          0          0          0          0          0   __rtentry2.o
         6          0          0          0          0          0   __rtentry4.o
        94          8          0          0          0          0   __scatter.o
        26          0          0          0          0          0   __scatter_copy.o
        28          0          0          0          0          0   __scatter_zi.o
        22          0          0          0          0        100   _rserrno.o
        18          0          0          0          0         80   exit.o
         6          0          0          0          0        152   heapauxi.o
         0          0          0          0          0          0   indicate_semi.o
         2          0          0          0          0          0   libinit.o
         6          0          0          0          0          0   libinit2.o
         2          0          0          0          0          0   libshutdown.o
         2          0          0          0          0          0   libshutdown2.o
         8          4          0          0         96         68   libspace.o
         8          4          0          0          0         68   rt_errno_addr_intlibspace.o
         2          0          0          0          0          0   rtexit.o
        10          0          0          0          0          0   rtexit2.o
        12          4          0          0          0         68   sys_exit.o
        74          0          0          0          0         80   sys_stackheap_outer.o
         2          0          0          0          0         68   use_no_semi.o
        24          0          0          0          0        164   basic.o
       834         16          0          0          0        516   daddsub_clz.o
       696        140          0          0          0        264   ddiv.o
        94          4          0          0          0        140   dfix.o
        84          0          0          0          0        232   dflt_clz.o
       340         12          0          0          0        152   dmul.o
       156          4          0          0          0        140   dnaninf.o
        12          0          0          0          0        116   dretinf.o
        26          0          0          0          0        116   fpinit.o
         0          0          0          0          0          0   usenofp.o
       368         46         48          0          0        200   cos_i.o
        84         16          0          0          0        372   dunder.o
        24          0          0          0          0        124   fabs.o
        48          0          0          0          0        124   fpclassify.o
       248          0          0          0          0        152   poly.o
      1080        142        204          0          0        188   rred.o
       200         20          0          0          0        164   sin.o
       304         24         40          0          0        208   sin_i.o

    ----------------------------------------------------------------------
      4990        444        296          0         96       4124   Library Totals
        20          0          4          0          0          0   (incl. Padding)

    ----------------------------------------------------------------------

      Code (inc. data)   RO Data    RW Data    ZI Data      Debug   Library Name

       348         20          0          0         96        752   c_w.l
      2266        176          0          0          0       1840   fz_wm.l
      2356        248        292          0          0       1532   m_wm.l

    ----------------------------------------------------------------------
      4990        444        296          0         96       4124   Library Totals

    ----------------------------------------------------------------------

==============================================================================


      Code (inc. data)   RO Data    RW Data    ZI Data      Debug   

      8404        502        816          4       1840      19076   Grand Totals
      8404        502        816          4       1840      19076   ELF Image Totals
      8404        502        816          4          0          0   ROM Totals

==============================================================================

    Total RO  Size (Code + RO Data)                 9220 (   9.00kB)
    Total RW  Size (RW Data + ZI Data)              1844 (   1.80kB)
    Total ROM Size (Code + RO Data + RW Data)       9224 (   9.01kB)

==============================================================================

