Component: Arm Compiler for Embedded 6.18 Tool: armlink [5e4cc100]

==============================================================================

Section Cross References

    main.o(.text) refers (Special) to _printf_percent.o(.ARM.Collect$$_printf_percent$$00000000) for _printf_percent
    main.o(.text) refers (Special) to _printf_u.o(.ARM.Collect$$_printf_percent$$0000000A) for _printf_u
    main.o(.text) refers (Special) to _printf_dec.o(.text) for _printf_int_dec
    main.o(.text.TIM3_IRQHandler) refers (Special) to _printf_percent.o(.ARM.Collect$$_printf_percent$$00000000) for _printf_percent
    main.o(.text.TIM3_IRQHandler) refers (Special) to _printf_u.o(.ARM.Collect$$_printf_percent$$0000000A) for _printf_u
    main.o(.text.TIM3_IRQHandler) refers (Special) to _printf_dec.o(.text) for _printf_int_dec
    main.o(.text.TIM3_IRQHandler) refers to main.o(.bss..L_MergedGlobals) for [Anonymous Symbol]
    main.o(.ARM.exidx.text.TIM3_IRQHandler) refers (Special) to _printf_percent.o(.ARM.Collect$$_printf_percent$$00000000) for _printf_percent
    main.o(.ARM.exidx.text.TIM3_IRQHandler) refers (Special) to _printf_u.o(.ARM.Collect$$_printf_percent$$0000000A) for _printf_u
    main.o(.ARM.exidx.text.TIM3_IRQHandler) refers (Special) to _printf_dec.o(.text) for _printf_int_dec
    main.o(.ARM.exidx.text.TIM3_IRQHandler) refers to main.o(.text.TIM3_IRQHandler) for [Anonymous Symbol]
    main.o(.text.process_heart_rate) refers (Special) to _printf_percent.o(.ARM.Collect$$_printf_percent$$00000000) for _printf_percent
    main.o(.text.process_heart_rate) refers (Special) to _printf_u.o(.ARM.Collect$$_printf_percent$$0000000A) for _printf_u
    main.o(.text.process_heart_rate) refers (Special) to _printf_dec.o(.text) for _printf_int_dec
    main.o(.text.process_heart_rate) refers to adc.o(.text.read_adc) for read_adc
    main.o(.text.process_heart_rate) refers to led.o(.text.Toggle_LED2) for Toggle_LED2
    main.o(.text.process_heart_rate) refers to main.o(.bss..L_MergedGlobals) for [Anonymous Symbol]
    main.o(.ARM.exidx.text.process_heart_rate) refers (Special) to _printf_percent.o(.ARM.Collect$$_printf_percent$$00000000) for _printf_percent
    main.o(.ARM.exidx.text.process_heart_rate) refers (Special) to _printf_u.o(.ARM.Collect$$_printf_percent$$0000000A) for _printf_u
    main.o(.ARM.exidx.text.process_heart_rate) refers (Special) to _printf_dec.o(.text) for _printf_int_dec
    main.o(.ARM.exidx.text.process_heart_rate) refers to main.o(.text.process_heart_rate) for [Anonymous Symbol]
    main.o(.text.main) refers (Special) to _printf_percent.o(.ARM.Collect$$_printf_percent$$00000000) for _printf_percent
    main.o(.text.main) refers (Special) to _printf_u.o(.ARM.Collect$$_printf_percent$$0000000A) for _printf_u
    main.o(.text.main) refers (Special) to _printf_dec.o(.text) for _printf_int_dec
    main.o(.text.main) refers to usart.o(.text.init_USART) for init_USART
    main.o(.text.main) refers to adc.o(.text.init_ADC) for init_ADC
    main.o(.text.main) refers to adc.o(.text.Init_Timer3) for Init_Timer3
    main.o(.text.main) refers to led.o(.text.Init_LED) for Init_LED
    main.o(.text.main) refers to led.o(.text.Init_Timer2) for Init_Timer2
    main.o(.text.main) refers to lcd.o(.text.initLCD) for initLCD
    main.o(.text.main) refers to lcd.o(.text.LCD_UpdateDisplay) for LCD_UpdateDisplay
    main.o(.text.main) refers to main.o(.text.process_heart_rate) for process_heart_rate
    main.o(.text.main) refers to noretval__2snprintf.o(.text) for __2snprintf
    main.o(.text.main) refers to usart.o(.text.send_usart) for send_usart
    main.o(.text.main) refers to lcd.o(.text.LCD_DisplayHeartRate) for LCD_DisplayHeartRate
    main.o(.text.main) refers to main.o(.bss..L_MergedGlobals) for [Anonymous Symbol]
    main.o(.ARM.exidx.text.main) refers (Special) to _printf_percent.o(.ARM.Collect$$_printf_percent$$00000000) for _printf_percent
    main.o(.ARM.exidx.text.main) refers (Special) to _printf_u.o(.ARM.Collect$$_printf_percent$$0000000A) for _printf_u
    main.o(.ARM.exidx.text.main) refers (Special) to _printf_dec.o(.text) for _printf_int_dec
    main.o(.ARM.exidx.text.main) refers to main.o(.text.main) for [Anonymous Symbol]
    main.o(.ARM.use_no_argv) refers (Special) to _printf_percent.o(.ARM.Collect$$_printf_percent$$00000000) for _printf_percent
    main.o(.ARM.use_no_argv) refers (Special) to _printf_u.o(.ARM.Collect$$_printf_percent$$0000000A) for _printf_u
    main.o(.ARM.use_no_argv) refers (Special) to _printf_dec.o(.text) for _printf_int_dec
    main.o(.bss..L_MergedGlobals) refers (Special) to _printf_percent.o(.ARM.Collect$$_printf_percent$$00000000) for _printf_percent
    main.o(.bss..L_MergedGlobals) refers (Special) to _printf_u.o(.ARM.Collect$$_printf_percent$$0000000A) for _printf_u
    main.o(.bss..L_MergedGlobals) refers (Special) to _printf_dec.o(.text) for _printf_int_dec
[...]
    lcd.o(.ARM.exidx.text.cmdLCD) refers (Special) to _printf_dec.o(.text) for _printf_int_dec
    lcd.o(.ARM.exidx.text.cmdLCD) refers to lcd.o(.text.cmdLCD) for [Anonymous Symbol]
    lcd.o(.text.putLCD) refers (Special) to _printf_percent.o(.ARM.Collect$$_printf_percent$$00000000) for _printf_percent
    lcd.o(.text.putLCD) refers (Special) to _printf_u.o(.ARM.Collect$$_printf_percent$$0000000A) for _printf_u
    lcd.o(.text.putLCD) refers (Special) to _printf_dec.o(.text) for _printf_int_dec
    lcd.o(.text.putLCD) refers to lcd.o(.text.WaitLcdBusy) for WaitLcdBusy
    lcd.o(.text.putLCD) refers to lcd.o(.text.OUTLINED_FUNCTION_0) for OUTLINED_FUNCTION_0
    lcd.o(.text.putLCD) refers to lcd.o(.text.LCD_strobe) for LCD_strobe
    lcd.o(.ARM.exidx.text.putLCD) refers (Special) to _printf_percent.o(.ARM.Collect$$_printf_percent$$00000000) for _printf_percent
    lcd.o(.ARM.exidx.text.putLCD) refers (Special) to _printf_u.o(.ARM.Collect$$_printf_percent$$0000000A) for _printf_u
    lcd.o(.ARM.exidx.text.putLCD) refers (Special) to _printf_dec.o(.text) for _printf_int_dec
    lcd.o(.ARM.exidx.text.putLCD) refers to lcd.o(.text.putLCD) for [Anonymous Symbol]
    lcd.o(.text.initLCD) refers (Special) to _printf_percent.o(.ARM.Collect$$_printf_percent$$00000000) for _printf_percent
    lcd.o(.text.initLCD) refers (Special) to _printf_u.o(.ARM.Collect$$_printf_percent$$0000000A) for _printf_u
    lcd.o(.text.initLCD) refers (Special) to _printf_dec.o(.text) for _printf_int_dec
    lcd.o(.text.initLCD) refers to system_stm32f4xx.o(.text.SystemCoreClockUpdate) for SystemCoreClockUpdate
    lcd.o(.text.initLCD) refers to lcd.o(.text.lcd_delayus) for lcd_delayus
    lcd.o(.text.initLCD) refers to lcd.o(.text.cmdLCD) for cmdLCD
    lcd.o(.ARM.exidx.text.initLCD) refers (Special) to _printf_percent.o(.ARM.Collect$$_printf_percent$$00000000) for _printf_percent
    lcd.o(.ARM.exidx.text.initLCD) refers (Special) to _printf_u.o(.ARM.Collect$$_printf_percent$$0000000A) for _printf_u
    lcd.o(.ARM.exidx.text.initLCD) refers (Special) to _printf_dec.o(.text) for _printf_int_dec
    lcd.o(.ARM.exidx.text.initLCD) refers to lcd.o(.text.initLCD) for [Anonymous Symbol]
    lcd.o(.text.LCD_String) refers (Special) to _printf_percent.o(.ARM.Collect$$_printf_percent$$00000000) for _printf_percent
    lcd.o(.text.LCD_String) refers (Special) to _printf_u.o(.ARM.Collect$$_printf_percent$$0000000A) for _printf_u
    lcd.o(.text.LCD_String) refers (Special) to _printf_dec.o(.text) for _printf_int_dec
    lcd.o(.text.LCD_String) refers to lcd.o(.text.putLCD) for putLCD
    lcd.o(.ARM.exidx.text.LCD_String) refers (Special) to _printf_percent.o(.ARM.Collect$$_printf_percent$$00000000) for _printf_percent
    lcd.o(.ARM.exidx.text.LCD_String) refers (Special) to _printf_u.o(.ARM.Collect$$_printf_percent$$0000000A) for _printf_u
    lcd.o(.ARM.exidx.text.LCD_String) refers (Special) to _printf_dec.o(.text) for _printf_int_dec
    lcd.o(.ARM.exidx.text.LCD_String) refers to lcd.o(.text.LCD_String) for [Anonymous Symbol]
    lcd.o(.text.LCD_DisplayHeartRate) refers (Special) to _printf_percent.o(.ARM.Collect$$_printf_percent$$00000000) for _printf_percent
    lcd.o(.text.LCD_DisplayHeartRate) refers (Special) to _printf_u.o(.ARM.Collect$$_printf_percent$$0000000A) for _printf_u
    lcd.o(.text.LCD_DisplayHeartRate) refers (Special) to _printf_dec.o(.text) for _printf_int_dec
    lcd.o(.text.LCD_DisplayHeartRate) refers to noretval__2snprintf.o(.text) for __2snprintf
    lcd.o(.text.LCD_DisplayHeartRate) refers to lcd.o(.text.cmdLCD) for cmdLCD
    lcd.o(.text.LCD_DisplayHeartRate) refers to lcd.o(.text.LCD_String) for LCD_String
    lcd.o(.ARM.exidx.text.LCD_DisplayHeartRate) refers (Special) to _printf_percent.o(.ARM.Collect$$_printf_percent$$00000000) for _printf_percent
    lcd.o(.ARM.exidx.text.LCD_DisplayHeartRate) refers (Special) to _printf_u.o(.ARM.Collect$$_printf_percent$$0000000A) for _printf_u
    lcd.o(.ARM.exidx.text.LCD_DisplayHeartRate) refers (Special) to _printf_dec.o(.text) for _printf_int_dec
    lcd.o(.ARM.exidx.text.LCD_DisplayHeartRate) refers to lcd.o(.text.LCD_DisplayHeartRate) for [Anonymous Symbol]
    lcd.o(.text.LCD_DisplaySampleRate) refers (Special) to _printf_percent.o(.ARM.Collect$$_printf_percent$$00000000) for _printf_percent
    lcd.o(.text.LCD_DisplaySampleRate) refers (Special) to _printf_u.o(.ARM.Collect$$_printf_percent$$0000000A) for _printf_u
    lcd.o(.text.LCD_DisplaySampleRate) refers (Special) to _printf_dec.o(.text) for _printf_int_dec
    lcd.o(.text.LCD_DisplaySampleRate) refers to noretval__2snprintf.o(.text) for __2snprintf
    lcd.o(.text.LCD_DisplaySampleRate) refers to lcd.o(.text.cmdLCD) for cmdLCD
    lcd.o(.text.LCD_DisplaySampleRate) refers to lcd.o(.text.LCD_String) for LCD_String
    lcd.o(.ARM.exidx.text.LCD_DisplaySampleRate) refers (Special) to _printf_percent.o(.ARM.Collect$$_printf_percent$$00000000) for _printf_percent
    lcd.o(.ARM.exidx.text.LCD_DisplaySampleRate) refers (Special) to _printf_u.o(.ARM.Collect$$_printf_percent$$0000000A) for _printf_u
    lcd.o(.ARM.exidx.text.LCD_DisplaySampleRate) refers (Special) to _printf_dec.o(.text) for _printf_int_dec
    lcd.o(.ARM.exidx.text.LCD_DisplaySampleRate) refers to lcd.o(.text.LCD_DisplaySampleRate) for [Anonymous Symbol]
    lcd.o(.text.LCD_UpdateDisplay) refers (Special) to _printf_percent.o(.ARM.Collect$$_printf_percent$$00000000) for _printf_percent
    lcd.o(.text.LCD_UpdateDisplay) refers (Special) to _printf_u.o(.ARM.Collect$$_printf_percent$$0000000A) for _printf_u
    lcd.o(.text.LCD_UpdateDisplay) refers (Special) to _printf_dec.o(.text) for _printf_int_dec
    lcd.o(.text.LCD_UpdateDisplay) refers to lcd.o(.text.cmdLCD) for cmdLCD
    lcd.o(.text.LCD_UpdateDisplay) refers to lcd.o(.text.lcd_delayus) for lcd_delayus
    lcd.o(.text.LCD_UpdateDisplay) refers to lcd.o(.text.LCD_DisplaySampleRate) for LCD_DisplaySampleRate
    lcd.o(.text.LCD_UpdateDisplay) refers to lcd.o(.text.LCD_DisplayHeartRate) for LCD_DisplayHeartRate
    lcd.o(.ARM.exidx.text.LCD_UpdateDisplay) refers (Special) to _printf_percent.o(.ARM.Collect$$_printf_percent$$00000000) for _printf_percent
    lcd.o(.ARM.exidx.text.LCD_UpdateDisplay) refers (Special) to _printf_u.o(.ARM.Collect$$_printf_percent$$0000000A) for _printf_u
    lcd.o(.ARM.exidx.text.LCD_UpdateDisplay) refers (Special) to _printf_dec.o(.text) for _printf_int_dec
    lcd.o(.ARM.exidx.text.LCD_UpdateDisplay) refers to lcd.o(.text.LCD_UpdateDisplay) for [Anonymous Symbol]
    lcd.o(.text.OUTLINED_FUNCTION_0) refers (Special) to _printf_percent.o(.ARM.Collect$$_printf_percent$$00000000) for _printf_percent
    lcd.o(.text.OUTLINED_FUNCTION_0) refers (Special) to _printf_u.o(.ARM.Collect$$_printf_percent$$0000000A) for _printf_u
    lcd.o(.text.OUTLINED_FUNCTION_0) refers (Special) to _printf_dec.o(.text) for _printf_int_dec
    lcd.o(.ARM.exidx.text.OUTLINED_FUNCTION_0) refers (Special) to _printf_percent.o(.ARM.Collect$$_printf_percent$$00000000) for _printf_percent
    lcd.o(.ARM.exidx.text.OUTLINED_FUNCTION_0) refers (Special) to _printf_u.o(.ARM.Collect$$_printf_percent$$0000000A) for _printf_u
    lcd.o(.ARM.exidx.text.OUTLINED_FUNCTION_0) refers (Special) to _printf_dec.o(.text) for _printf_int_dec
    lcd.o(.ARM.exidx.text.OUTLINED_FUNCTION_0) refers to lcd.o(.text.OUTLINED_FUNCTION_0) for [Anonymous Symbol]
    lcd.o(.text.OUTLINED_FUNCTION_1) refers (Special) to _printf_percent.o(.ARM.Collect$$_printf_percent$$00000000) for _printf_percent
    lcd.o(.text.OUTLINED_FUNCTION_1) refers (Special) to _printf_u.o(.ARM.Collect$$_printf_percent$$0000000A) for _printf_u
    lcd.o(.text.OUTLINED_FUNCTION_1) refers (Special) to _printf_dec.o(.text) for _printf_int_dec
    lcd.o(.text.OUTLINED_FUNCTION_1) refers to lcd.o(.text.lcd_delayus) for lcd_delayus
    lcd.o(.ARM.exidx.text.OUTLINED_FUNCTION_1) refers (Special) to _printf_percent.o(.ARM.Collect$$_printf_percent$$00000000) for _printf_percent
    lcd.o(.ARM.exidx.text.OUTLINED_FUNCTION_1) refers (Special) to _printf_u.o(.ARM.Collect$$_printf_percent$$0000000A) for _printf_u
    lcd.o(.ARM.exidx.text.OUTLINED_FUNCTION_1) refers (Special) to _printf_dec.o(.text) for _printf_int_dec
    lcd.o(.ARM.exidx.text.OUTLINED_FUNCTION_1) refers to lcd.o(.text.OUTLINED_FUNCTION_1) for [Anonymous Symbol]
    startup_stm32f429xx.o(STACK) refers (Special) to heapauxi.o(.text) for __use_two_region_memory
    startup_stm32f429xx.o(HEAP) refers (Special) to heapauxi.o(.text) for __use_two_region_memory
    startup_stm32f429xx.o(RESET) refers (Special) to heapauxi.o(.text) for __use_two_region_memory
    startup_stm32f429xx.o(RESET) refers to startup_stm32f429xx.o(STACK) for __initial_sp
    startup_stm32f429xx.o(RESET) refers to startup_stm32f429xx.o(.text) for Reset_Handler
    startup_stm32f429xx.o(RESET) refers to led.o(.text.TIM2_IRQHandler) for TIM2_IRQHandler
    startup_stm32f429xx.o(RESET) refers to main.o(.text.TIM3_IRQHandler) for TIM3_IRQHandler
    startup_stm32f429xx.o(.text) refers (Special) to heapauxi.o(.text) for __use_two_region_memory
    startup_stm32f429xx.o(.text) refers to system_stm32f4xx.o(.text.SystemInit) for SystemInit
    startup_stm32f429xx.o(.text) refers to __main.o(!!!main) for __main
    startup_stm32f429xx.o(.text) refers to startup_stm32f429xx.o(HEAP) for Heap_Mem
    startup_stm32f429xx.o(.text) refers to startup_stm32f429xx.o(STACK) for Stack_Mem
    system_stm32f4xx.o(.ARM.exidx.text.SystemInit) refers to system_stm32f4xx.o(.text.SystemInit) for [Anonymous Symbol]
    system_stm32f4xx.o(.text.SystemCoreClockUpdate) refers to system_stm32f4xx.o(.data.SystemCoreClock) for SystemCoreClock
    system_stm32f4xx.o(.text.SystemCoreClockUpdate) refers to system_stm32f4xx.o(.rodata.AHBPrescTable) for AHBPrescTable
    system_stm32f4xx.o(.ARM.exidx.text.SystemCoreClockUpdate) refers to system_stm32f4xx.o(.text.SystemCoreClockUpdate) for [Anonymous Symbol]
    __2snprintf.o(.text) refers to _printf_char_common.o(.text) for _printf_char_common
    __2snprintf.o(.text) refers to _snputc.o(.text) for _snputc
    noretval__2snprintf.o(.text) refers to _printf_char_common.o(.text) for _printf_char_common
    noretval__2snprintf.o(.text) refers to _snputc.o(.text) for _snputc
    __printf.o(.text) refers to _printf_percent.o(.ARM.Collect$$_printf_percent$$00000000) for _printf_percent
    _printf_dec.o(.text) refers to _printf_intcommon.o(.text) for _printf_int_common
    __printf_flags.o(.text) refers to _printf_percent.o(.ARM.Collect$$_printf_percent$$00000000) for _printf_percent
    __printf_flags.o(.text) refers to __printf_flags.o(.constdata) for .constdata
    __printf_ss.o(.text) refers to _printf_percent.o(.ARM.Collect$$_printf_percent$$00000000) for _printf_percent
    __printf_flags_ss.o(.text) refers to _printf_percent.o(.ARM.Collect$$_printf_percent$$00000000) for _printf_percent
    __printf_flags_ss.o(.text) refers to __printf_flags_ss.o(.constdata) for .constdata
    __printf_wp.o(.text) refers to __printf_wp.o(i._is_digit) for _is_digit
    __printf_wp.o(.text) refers to _printf_percent.o(.ARM.Collect$$_printf_percent$$00000000) for _printf_percent
    __printf_flags_wp.o(.text) refers to __printf_wp.o(i._is_digit) for _is_digit
    __printf_flags_wp.o(.text) refers to _printf_percent.o(.ARM.Collect$$_printf_percent$$00000000) for _printf_percent
    __printf_flags_wp.o(.text) refers to __printf_flags_wp.o(.constdata) for .constdata
    __printf_ss_wp.o(.text) refers to __printf_wp.o(i._is_digit) for _is_digit
    __printf_ss_wp.o(.text) refers to _printf_percent.o(.ARM.Collect$$_printf_percent$$00000000) for _printf_percent
    __printf_flags_ss_wp.o(.text) refers to __printf_wp.o(i._is_digit) for _is_digit
    __printf_flags_ss_wp.o(.text) refers to _printf_percent.o(.ARM.Collect$$_printf_percent$$00000000) for _printf_percent
    __printf_flags_ss_wp.o(.text) refers to __printf_flags_ss_wp.o(.constdata) for .constdata
    _printf_u.o(.ARM.Collect$$_printf_percent$$0000000A) refers (Weak) to _printf_dec.o(.text) for _printf_int_dec
    _printf_percent.o(.ARM.Collect$$_printf_percent$$00000000) refers (Special) to _printf_percent_end.o(.ARM.Collect$$_printf_percent$$00000017) for _printf_percent_end
    __main.o(!!!main) refers to __rtentry.o(.ARM.Collect$$rtentry$$00000000) for __rt_entry
    __rtentry.o(.ARM.Collect$$rtentry$$00000000) refers (Special) to __rtentry2.o(.ARM.Collect$$rtentry$$0000000A) for __rt_entry_li
    __rtentry.o(.ARM.Collect$$rtentry$$00000000) refers (Special) to __rtentry2.o(.ARM.Collect$$rtentry$$0000000D) for __rt_entry_main
    __rtentry.o(.ARM.Collect$$rtentry$$00000000) refers (Special) to __rtentry2.o(.ARM.Collect$$rtentry$$0000000C) for __rt_entry_postli_1
    __rtentry.o(.ARM.Collect$$rtentry$$00000000) refers (Special) to __rtentry2.o(.ARM.Collect$$rtentry$$00000009) for __rt_entry_postsh_1
    __rtentry.o(.ARM.Collect$$rtentry$$00000000) refers (Special) to __rtentry2.o(.ARM.Collect$$rtentry$$00000002) for __rt_entry_presh_1
    __rtentry.o(.ARM.Collect$$rtentry$$00000000) refers (Special) to __rtentry4.o(.ARM.Collect$$rtentry$$00000004) for __rt_entry_sh
    _printf_char_common.o(.text) refers to __printf.o(.text) for __printf
    __rtentry2.o(.ARM.Collect$$rtentry$$00000008) refers to boardinit2.o(.text) for _platform_post_stackheap_init
    __rtentry2.o(.ARM.Collect$$rtentry$$0000000A) refers to libinit.o(.ARM.Collect$$libinit$$00000000) for __rt_lib_init
    __rtentry2.o(.ARM.Collect$$rtentry$$0000000B) refers to boardinit3.o(.text) for _platform_post_lib_init
    __rtentry2.o(.ARM.Collect$$rtentry$$0000000D) refers to main.o(.text.main) for main
    __rtentry2.o(.ARM.Collect$$rtentry$$0000000D) refers to exit.o(.text) for exit
    __rtentry2.o(.ARM.exidx) refers to __rtentry2.o(.ARM.Collect$$rtentry$$00000001) for .ARM.Collect$$rtentry$$00000001
    __rtentry2.o(.ARM.exidx) refers to __rtentry2.o(.ARM.Collect$$rtentry$$00000008) for .ARM.Collect$$rtentry$$00000008
    __rtentry2.o(.ARM.exidx) refers to __rtentry2.o(.ARM.Collect$$rtentry$$0000000A) for .ARM.Collect$$rtentry$$0000000A
    __rtentry2.o(.ARM.exidx) refers to __rtentry2.o(.ARM.Collect$$rtentry$$0000000B) for .ARM.Collect$$rtentry$$0000000B
    __rtentry2.o(.ARM.exidx) refers to __rtentry2.o(.ARM.Collect$$rtentry$$0000000D) for .ARM.Collect$$rtentry$$0000000D
    __rtentry4.o(.ARM.Collect$$rtentry$$00000004) refers to sys_stackheap_outer.o(.text) for __user_setup_stackheap
    __rtentry4.o(.ARM.exidx) refers to __rtentry4.o(.ARM.Collect$$rtentry$$00000004) for .ARM.Collect$$rtentry$$00000004
    sys_stackheap_outer.o(.text) refers to libspace.o(.text) for __user_perproc_libspace
    sys_stackheap_outer.o(.text) refers to startup_stm32f429xx.o(.text) for __user_initial_stackheap
    exit.o(.text) refers to rtexit.o(.ARM.Collect$$rtexit$$00000000) for __rt_exit
    libinit.o(.ARM.Collect$$libinit$$00000000) refers (Special) to libinit2.o(.ARM.Collect$$libinit$$00000030) for __rt_lib_init_alloca_1
    libinit.o(.ARM.Collect$$libinit$$00000000) refers (Special) to libinit2.o(.ARM.Collect$$libinit$$0000002E) for __rt_lib_init_argv_1
    libinit.o(.ARM.Collect$$libinit$$00000000) refers (Special) to libinit2.o(.ARM.Collect$$libinit$$0000001D) for __rt_lib_init_atexit_1
    libinit.o(.ARM.Collect$$libinit$$00000000) refers (Special) to libinit2.o(.ARM.Collect$$libinit$$00000023) for __rt_lib_init_clock_1
    libinit.o(.ARM.Collect$$libinit$$00000000) refers (Special) to libinit2.o(.ARM.Collect$$libinit$$00000034) for __rt_lib_init_cpp_1
    libinit.o(.ARM.Collect$$libinit$$00000000) refers (Special) to libinit2.o(.ARM.Collect$$libinit$$00000032) for __rt_lib_init_exceptions_1
    libinit.o(.ARM.Collect$$libinit$$00000000) refers (Special) to libinit2.o(.ARM.Collect$$libinit$$00000001) for __rt_lib_init_fp_1
    libinit.o(.ARM.Collect$$libinit$$00000000) refers (Special) to libinit2.o(.ARM.Collect$$libinit$$00000021) for __rt_lib_init_fp_trap_1
    libinit.o(.ARM.Collect$$libinit$$00000000) refers (Special) to libinit2.o(.ARM.Collect$$libinit$$00000025) for __rt_lib_init_getenv_1
    libinit.o(.ARM.Collect$$libinit$$00000000) refers (Special) to libinit2.o(.ARM.Collect$$libinit$$0000000C) for __rt_lib_init_heap_1
    libinit.o(.ARM.Collect$$libinit$$00000000) refers (Special) to libinit2.o(.ARM.Collect$$libinit$$00000013) for __rt_lib_init_lc_collate_1
    libinit.o(.ARM.Collect$$libinit$$00000000) refers (Special) to libinit2.o(.ARM.Collect$$libinit$$00000015) for __rt_lib_init_lc_ctype_1
    libinit.o(.ARM.Collect$$libinit$$00000000) refers (Special) to libinit2.o(.ARM.Collect$$libinit$$00000017) for __rt_lib_init_lc_monetary_1
    libinit.o(.ARM.Collect$$libinit$$00000000) refers (Special) to libinit2.o(.ARM.Collect$$libinit$$00000019) for __rt_lib_init_lc_numeric_1
    libinit.o(.ARM.Collect$$libinit$$00000000) refers (Special) to libinit2.o(.ARM.Collect$$libinit$$0000001B) for __rt_lib_init_lc_time_1
    libinit.o(.ARM.Collect$$libinit$$00000000) refers (Special) to libinit2.o(.ARM.Collect$$libinit$$00000006) for __rt_lib_init_preinit_1
    libinit.o(.ARM.Collect$$libinit$$00000000) refers (Special) to libinit2.o(.ARM.Collect$$libinit$$00000010) for __rt_lib_init_rand_1
    libinit.o(.ARM.Collect$$libinit$$00000000) refers (Special) to libinit2.o(.ARM.Collect$$libinit$$00000004) for __rt_lib_init_relocate_pie_1
    libinit.o(.ARM.Collect$$libinit$$00000000) refers (Special) to libinit2.o(.ARM.Collect$$libinit$$00000035) for __rt_lib_init_return
    libinit.o(.ARM.Collect$$libinit$$00000000) refers (Special) to libinit2.o(.ARM.Collect$$libinit$$0000001F) for __rt_lib_init_signal_1
    libinit.o(.ARM.Collect$$libinit$$00000000) refers (Special) to libinit2.o(.ARM.Collect$$libinit$$00000027) for __rt_lib_init_stdio_1
    libinit.o(.ARM.Collect$$libinit$$00000000) refers (Special) to libinit2.o(.ARM.Collect$$libinit$$0000000E) for __rt_lib_init_user_alloc_1
    libspace.o(.text) refers to libspace.o(.bss) for __libspace_start
    rtexit.o(.ARM.Collect$$rtexit$$00000000) refers (Special) to rtexit2.o(.ARM.Collect$$rtexit$$00000004) for __rt_exit_exit
    rtexit.o(.ARM.Collect$$rtexit$$00000000) refers (Special) to rtexit2.o(.ARM.Collect$$rtexit$$00000003) for __rt_exit_ls
    rtexit.o(.ARM.Collect$$rtexit$$00000000) refers (Special) to rtexit2.o(.ARM.Collect$$rtexit$$00000002) for __rt_exit_prels_1
    rtexit.o(.ARM.exidx) refers (Special) to rtexit2.o(.ARM.Collect$$rtexit$$00000004) for __rt_exit_exit
    rtexit.o(.ARM.exidx) refers (Special) to rtexit2.o(.ARM.Collect$$rtexit$$00000003) for __rt_exit_ls
    rtexit.o(.ARM.exidx) refers (Special) to rtexit2.o(.ARM.Collect$$rtexit$$00000002) for __rt_exit_prels_1
    rtexit.o(.ARM.exidx) refers to rtexit.o(.ARM.Collect$$rtexit$$00000000) for .ARM.Collect$$rtexit$$00000000
    libinit2.o(.ARM.Collect$$libinit$$00000001) refers to fpinit.o(x$fpl$fpinit) for _fp_init
    libinit2.o(.ARM.Collect$$libinit$$00000012) refers to libinit2.o(.ARM.Collect$$libinit$$00000011) for .ARM.Collect$$libinit$$00000011
    libinit2.o(.ARM.Collect$$libinit$$00000014) refers to libinit2.o(.ARM.Collect$$libinit$$00000011) for .ARM.Collect$$libinit$$00000011
    libinit2.o(.ARM.Collect$$libinit$$00000016) refers to libinit2.o(.ARM.Collect$$libinit$$00000011) for .ARM.Collect$$libinit$$00000011
    libinit2.o(.ARM.Collect$$libinit$$00000018) refers to libinit2.o(.ARM.Collect$$libinit$$00000011) for .ARM.Collect$$libinit$$00000011
    libinit2.o(.ARM.Collect$$libinit$$0000001A) refers to libinit2.o(.ARM.Collect$$libinit$$00000011) for .ARM.Collect$$libinit$$00000011
    libinit2.o(.ARM.Collect$$libinit$$00000028) refers to argv_veneer.o(.emb_text) for __ARM_argv_veneer
    libinit2.o(.ARM.Collect$$libinit$$00000029) refers to argv_veneer.o(.emb_text) for __ARM_argv_veneer
    rtexit2.o(.ARM.Collect$$rtexit$$00000003) refers to libshutdown.o(.ARM.Collect$$libshutdown$$00000000) for __rt_lib_shutdown
    rtexit2.o(.ARM.Collect$$rtexit$$00000004) refers to sys_exit.o(.text) for _sys_exit
    rtexit2.o(.ARM.exidx) refers to rtexit2.o(.ARM.Collect$$rtexit$$00000001) for .ARM.Collect$$rtexit$$00000001
    rtexit2.o(.ARM.exidx) refers to rtexit2.o(.ARM.Collect$$rtexit$$00000003) for .ARM.Collect$$rtexit$$00000003
    rtexit2.o(.ARM.exidx) refers to rtexit2.o(.ARM.Collect$$rtexit$$00000004) for .ARM.Collect$$rtexit$$00000004
    argv_veneer.o(.emb_text) refers to no_argv.o(.text) for __ARM_get_argv
    sys_exit.o(.text) refers (Special) to use_no_semi.o(.text) for __I$use$semihosting
    sys_exit.o(.text) refers (Special) to indicate_semi.o(.text) for __semihosting_library_function
    sys_exit_hlt.o(.text) refers (Special) to use_no_semi.o(.text) for __I$use$semihosting
    sys_exit_hlt.o(.text) refers (Special) to indicate_semi.o(.text) for __semihosting_library_function
    _get_argv_nomalloc.o(.text) refers (Special) to hrguard.o(.text) for __heap_region$guard
    _get_argv_nomalloc.o(.text) refers to defsig_rtmem_outer.o(.text) for __rt_SIGRTMEM
    _get_argv_nomalloc.o(.text) refers to sys_command.o(.text) for _sys_command_string
    libshutdown.o(.ARM.Collect$$libshutdown$$00000000) refers (Special) to libshutdown2.o(.ARM.Collect$$libshutdown$$00000002) for __rt_lib_shutdown_cpp_1
    libshutdown.o(.ARM.Collect$$libshutdown$$00000000) refers (Special) to libshutdown2.o(.ARM.Collect$$libshutdown$$00000007) for __rt_lib_shutdown_fp_trap_1
    libshutdown.o(.ARM.Collect$$libshutdown$$00000000) refers (Special) to libshutdown2.o(.ARM.Collect$$libshutdown$$0000000F) for __rt_lib_shutdown_heap_1
    libshutdown.o(.ARM.Collect$$libshutdown$$00000000) refers (Special) to libshutdown2.o(.ARM.Collect$$libshutdown$$00000010) for __rt_lib_shutdown_return
    libshutdown.o(.ARM.Collect$$libshutdown$$00000000) refers (Special) to libshutdown2.o(.ARM.Collect$$libshutdown$$0000000A) for __rt_lib_shutdown_signal_1
    libshutdown.o(.ARM.Collect$$libshutdown$$00000000) refers (Special) to libshutdown2.o(.ARM.Collect$$libshutdown$$00000004) for __rt_lib_shutdown_stdio_1
    libshutdown.o(.ARM.Collect$$libshutdown$$00000000) refers (Special) to libshutdown2.o(.ARM.Collect$$libshutdown$$0000000C) for __rt_lib_shutdown_user_alloc_1
    sys_command.o(.text) refers (Special) to use_no_semi.o(.text) for __I$use$semihosting
    sys_command.o(.text) refers (Special) to indicate_semi.o(.text) for __semihosting_library_function
    sys_command_hlt.o(.text) refers (Special) to use_no_semi.o(.text) for __I$use$semihosting
    sys_command_hlt.o(.text) refers (Special) to indicate_semi.o(.text) for __semihosting_library_function
    defsig_rtmem_outer.o(.text) refers to defsig_rtmem_inner.o(.text) for __rt_SIGRTMEM_inner
    defsig_rtmem_outer.o(.text) refers to defsig_exit.o(.text) for __sig_exit
    defsig_rtmem_formal.o(.text) refers to rt_raise.o(.text) for __rt_raise
    rt_raise.o(.text) refers to __raise.o(.text) for __raise
    rt_raise.o(.text) refers to sys_exit.o(.text) for _sys_exit
    defsig_exit.o(.text) refers to sys_exit.o(.text) for _sys_exit
    defsig_rtmem_inner.o(.text) refers to defsig_general.o(.text) for __default_signal_display
    __raise.o(.text) refers to defsig.o(CL$$defsig) for __default_signal_handler
    defsig_general.o(.text) refers to sys_wrch.o(.text) for _ttywrch
    sys_wrch.o(.text) refers (Special) to use_no_semi.o(.text) for __I$use$semihosting
    sys_wrch.o(.text) refers (Special) to indicate_semi.o(.text) for __semihosting_library_function
    sys_wrch_hlt.o(.text) refers (Special) to use_no_semi.o(.text) for __I$use$semihosting
    sys_wrch_hlt.o(.text) refers (Special) to indicate_semi.o(.text) for __semihosting_library_function
    defsig.o(CL$$defsig) refers to defsig_rtmem_inner.o(.text) for __rt_SIGRTMEM_inner
    defsig_abrt_inner.o(.text) refers to defsig_general.o(.text) for __default_signal_display
    defsig_fpe_inner.o(.text) refers to defsig_general.o(.text) for __default_signal_display
    defsig_rtred_inner.o(.text) refers to defsig_general.o(.text) for __default_signal_display
    defsig_stak_inner.o(.text) refers to defsig_general.o(.text) for __default_signal_display
    defsig_pvfn_inner.o(.text) refers to defsig_general.o(.text) for __default_signal_display
    defsig_cppl_inner.o(.text) refers to defsig_general.o(.text) for __default_signal_display
    defsig_segv_inner.o(.text) refers to defsig_general.o(.text) for __default_signal_display
    defsig_other.o(.text) refers to defsig_general.o(.text) for __default_signal_display


==============================================================================

Removing Unused input sections from the image.

    Removing main.o(.text), (0 bytes).
    Removing main.o(.ARM.exidx.text.TIM3_IRQHandler), (8 bytes).
    Removing main.o(.ARM.exidx.text.process_heart_rate), (8 bytes).
    Removing main.o(.ARM.exidx.text.main), (8 bytes).
    Removing main.o(.ARM.use_no_argv), (4 bytes).
    Removing usart.o(.text), (0 bytes).
    Removing usart.o(.ARM.exidx.text.send_usart), (8 bytes).
    Removing usart.o(.ARM.exidx.text.init_USART), (8 bytes).
    Removing adc.o(.text), (0 bytes).
    Removing adc.o(.ARM.exidx.text.init_ADC), (8 bytes).
    Removing adc.o(.ARM.exidx.text.read_adc), (8 bytes).
    Removing adc.o(.ARM.exidx.text.Init_Timer3), (8 bytes).
    Removing led.o(.text), (0 bytes).
    Removing led.o(.ARM.exidx.text.Init_LED), (8 bytes).
    Removing led.o(.text.Toggle_LED), (12 bytes).
    Removing led.o(.ARM.exidx.text.Toggle_LED), (8 bytes).
    Removing led.o(.ARM.exidx.text.Toggle_LED2), (8 bytes).
    Removing led.o(.ARM.exidx.text.Init_Timer2), (8 bytes).
    Removing led.o(.ARM.exidx.text.TIM2_IRQHandler), (8 bytes).
    Removing led.o(.ARM.exidx.text.OUTLINED_FUNCTION_0), (8 bytes).
    Removing heartrate.o(.text), (0 bytes).
    Removing lcd.o(.text), (0 bytes).
    Removing lcd.o(.ARM.exidx.text.lcd_delayus), (8 bytes).
    Removing lcd.o(.ARM.exidx.text.WaitLcdBusy), (8 bytes).
    Removing lcd.o(.ARM.exidx.text.read_LCD_busy_flag), (8 bytes).
    Removing lcd.o(.text.set_LCD_data), (16 bytes).
    Removing lcd.o(.ARM.exidx.text.set_LCD_data), (8 bytes).
    Removing lcd.o(.ARM.exidx.text.LCD_strobe), (8 bytes).
    Removing lcd.o(.ARM.exidx.text.cmdLCD), (8 bytes).
    Removing lcd.o(.ARM.exidx.text.putLCD), (8 bytes).
    Removing lcd.o(.ARM.exidx.text.initLCD), (8 bytes).
    Removing lcd.o(.ARM.exidx.text.LCD_String), (8 bytes).
    Removing lcd.o(.ARM.exidx.text.LCD_DisplayHeartRate), (8 bytes).
    Removing lcd.o(.ARM.exidx.text.LCD_DisplaySampleRate), (8 bytes).
    Removing lcd.o(.ARM.exidx.text.LCD_UpdateDisplay), (8 bytes).
    Removing lcd.o(.ARM.exidx.text.OUTLINED_FUNCTION_0), (8 bytes).
    Removing lcd.o(.ARM.exidx.text.OUTLINED_FUNCTION_1), (8 bytes).
    Removing system_stm32f4xx.o(.text), (0 bytes).
    Removing system_stm32f4xx.o(.ARM.exidx.text.SystemInit), (8 bytes).
    Removing system_stm32f4xx.o(.ARM.exidx.text.SystemCoreClockUpdate), (8 bytes).

40 unused section(s) (total 272 bytes) removed from the image.

==============================================================================

Image Symbol Table

    Local Symbols

    Symbol Name                              Value     Ov Type        Size  Object(Section)

    ../clib/angel/boardlib.s                 0x00000000   Number         0  boardinit1.o ABSOLUTE
    ../clib/angel/boardlib.s                 0x00000000   Number         0  boardinit2.o ABSOLUTE
    ../clib/angel/boardlib.s                 0x00000000   Number         0  boardinit3.o ABSOLUTE
    ../clib/angel/boardlib.s                 0x00000000   Number         0  boardshut.o ABSOLUTE
    ../clib/angel/handlers.s                 0x00000000   Number         0  __scatter_copy.o ABSOLUTE
    ../clib/angel/handlers.s                 0x00000000   Number         0  __scatter_zi.o ABSOLUTE
    ../clib/angel/kernel.s                   0x00000000   Number         0  __rtentry.o ABSOLUTE
    ../clib/angel/kernel.s                   0x00000000   Number         0  __rtentry2.o ABSOLUTE
    ../clib/angel/kernel.s                   0x00000000   Number         0  __rtentry4.o ABSOLUTE
    ../clib/angel/kernel.s                   0x00000000   Number         0  rtexit.o ABSOLUTE
    ../clib/angel/kernel.s                   0x00000000   Number         0  rtexit2.o ABSOLUTE
    ../clib/angel/rt.s                       0x00000000   Number         0  rt_raise.o ABSOLUTE
    ../clib/angel/scatter.s                  0x00000000   Number         0  __scatter.o ABSOLUTE
    ../clib/angel/startup.s                  0x00000000   Number         0  __main.o ABSOLUTE
    ../clib/angel/sys.s                      0x00000000   Number         0  sys_stackheap_outer.o ABSOLUTE
    ../clib/angel/sys.s                      0x00000000   Number         0  libspace.o ABSOLUTE
    ../clib/angel/sys.s                      0x00000000   Number         0  use_no_semi.o ABSOLUTE
    ../clib/angel/sys.s                      0x00000000   Number         0  indicate_semi.o ABSOLUTE
    ../clib/angel/sysapp.c                   0x00000000   Number         0  sys_exit.o ABSOLUTE
    ../clib/angel/sysapp.c                   0x00000000   Number         0  sys_exit_hlt.o ABSOLUTE
    ../clib/angel/sysapp.c                   0x00000000   Number         0  sys_command.o ABSOLUTE
    ../clib/angel/sysapp.c                   0x00000000   Number         0  sys_command_hlt.o ABSOLUTE
    ../clib/angel/sysapp.c                   0x00000000   Number         0  sys_wrch.o ABSOLUTE
    ../clib/angel/sysapp.c                   0x00000000   Number         0  sys_wrch_hlt.o ABSOLUTE
    ../clib/armsys.c                         0x00000000   Number         0  argv_veneer.o ABSOLUTE
    ../clib/armsys.c                         0x00000000   Number         0  argv_veneer.o ABSOLUTE
    ../clib/armsys.c                         0x00000000   Number         0  _get_argv_nomalloc.o ABSOLUTE
    ../clib/armsys.c                         0x00000000   Number         0  no_argv.o ABSOLUTE
    ../clib/heapalloc.c                      0x00000000   Number         0  hrguard.o ABSOLUTE
    ../clib/heapaux.c                        0x00000000   Number         0  heapauxi.o ABSOLUTE
    ../clib/libinit.s                        0x00000000   Number         0  libinit.o ABSOLUTE
    ../clib/libinit.s                        0x00000000   Number         0  libinit2.o ABSOLUTE
    ../clib/libinit.s                        0x00000000   Number         0  libshutdown.o ABSOLUTE
    ../clib/libinit.s                        0x00000000   Number         0  libshutdown2.o ABSOLUTE
    ../clib/printf.c                         0x00000000   Number         0  __2snprintf.o ABSOLUTE
    ../clib/printf.c                         0x00000000   Number         0  noretval__2snprintf.o ABSOLUTE
    ../clib/printf.c                         0x00000000   Number         0  __printf.o ABSOLUTE
    ../clib/printf.c                         0x00000000   Number         0  _printf_dec.o ABSOLUTE
    ../clib/printf.c                         0x00000000   Number         0  __printf_flags.o ABSOLUTE
    ../clib/printf.c                         0x00000000   Number         0  __printf_ss.o ABSOLUTE
    ../clib/printf.c                         0x00000000   Number         0  __printf_flags_ss.o ABSOLUTE
    ../clib/printf.c                         0x00000000   Number         0  __printf_wp.o ABSOLUTE
    ../clib/printf.c                         0x00000000   Number         0  __printf_flags_wp.o ABSOLUTE
    ../clib/printf.c                         0x00000000   Number         0  __printf_ss_wp.o ABSOLUTE
    ../clib/printf.c                         0x00000000   Number         0  __printf_flags_ss_wp.o ABSOLUTE
    ../clib/printf.c                         0x00000000   Number         0  _printf_intcommon.o ABSOLUTE
    ../clib/printf.c                         0x00000000   Number         0  _printf_char_common.o ABSOLUTE
    ../clib/printf.c                         0x00000000   Number         0  _snputc.o ABSOLUTE
    ../clib/printf.c                         0x00000000   Number         0  __printf_nopercent.o ABSOLUTE
    ../clib/printf_percent.s                 0x00000000   Number         0  _printf_u.o ABSOLUTE
    ../clib/printf_percent.s                 0x00000000   Number         0  _printf_percent.o ABSOLUTE
    ../clib/printf_percent.s                 0x00000000   Number         0  _printf_percent_end.o ABSOLUTE
    ../clib/signal.c                         0x00000000   Number         0  defsig_rtmem_outer.o ABSOLUTE
    ../clib/signal.c                         0x00000000   Number         0  defsig_rtmem_formal.o ABSOLUTE
    ../clib/signal.c                         0x00000000   Number         0  defsig_exit.o ABSOLUTE
    ../clib/signal.c                         0x00000000   Number         0  defsig_rtmem_inner.o ABSOLUTE
    ../clib/signal.c                         0x00000000   Number         0  __raise.o ABSOLUTE
    ../clib/signal.c                         0x00000000   Number         0  defsig_general.o ABSOLUTE
    ../clib/signal.c                         0x00000000   Number         0  defsig_abrt_inner.o ABSOLUTE
    ../clib/signal.c                         0x00000000   Number         0  defsig_fpe_inner.o ABSOLUTE
    ../clib/signal.c                         0x00000000   Number         0  defsig_rtred_inner.o ABSOLUTE
    ../clib/signal.c                         0x00000000   Number         0  defsig_stak_inner.o ABSOLUTE
    ../clib/signal.c                         0x00000000   Number         0  defsig_pvfn_inner.o ABSOLUTE
    ../clib/signal.c                         0x00000000   Number         0  defsig_cppl_inner.o ABSOLUTE
    ../clib/signal.c                         0x00000000   Number         0  defsig_segv_inner.o ABSOLUTE
    ../clib/signal.c                         0x00000000   Number         0  defsig_other.o ABSOLUTE
    ../clib/signal.s                         0x00000000   Number         0  defsig.o ABSOLUTE
    ../clib/stdlib.c                         0x00000000   Number         0  exit.o ABSOLUTE
    ../fplib/fpinit.s                        0x00000000   Number         0  fpinit.o ABSOLUTE
    RTE/Device/STM32F429ZITx/startup_stm32f429xx.s 0x00000000   Number         0  startup_stm32f429xx.o ABSOLUTE
    adc.c                                    0x00000000   Number         0  adc.o ABSOLUTE
    dc.s                                     0x00000000   Number         0  dc.o ABSOLUTE
    heartrate.c                              0x00000000   Number         0  heartrate.o ABSOLUTE
    lcd.c                                    0x00000000   Number         0  lcd.o ABSOLUTE
    led.c                                    0x00000000   Number         0  led.o ABSOLUTE
    main.c                                   0x00000000   Number         0  main.o ABSOLUTE
    system_stm32f4xx.c                       0x00000000   Number         0  system_stm32f4xx.o ABSOLUTE
    usart.c                                  0x00000000   Number         0  usart.o ABSOLUTE
    RESET                                    0x08000000   Section      428  startup_stm32f429xx.o(RESET)
    !!!main                                  0x080001ac   Section        8  __main.o(!!!main)
    !!!scatter                               0x080001b4   Section       52  __scatter.o(!!!scatter)
    !!handler_copy                           0x080001e8   Section       26  __scatter_copy.o(!!handler_copy)
    !!handler_zi                             0x08000204   Section       28  __scatter_zi.o(!!handler_zi)
    .ARM.Collect$$_printf_percent$$00000000  0x08000220   Section        0  _printf_percent.o(.ARM.Collect$$_printf_percent$$00000000)
    .ARM.Collect$$_printf_percent$$0000000A  0x08000220   Section        6  _printf_u.o(.ARM.Collect$$_printf_percent$$0000000A)
    .ARM.Collect$$_printf_percent$$00000017  0x08000226   Section        4  _printf_percent_end.o(.ARM.Collect$$_printf_percent$$00000017)
    .ARM.Collect$$libinit$$00000000          0x0800022a   Section        2  libinit.o(.ARM.Collect$$libinit$$00000000)
    .ARM.Collect$$libinit$$00000001          0x0800022c   Section        4  libinit2.o(.ARM.Collect$$libinit$$00000001)
    .ARM.Collect$$libinit$$00000004          0x08000230   Section        0  libinit2.o(.ARM.Collect$$libinit$$00000004)
    .ARM.Collect$$libinit$$00000006          0x08000230   Section        0  libinit2.o(.ARM.Collect$$libinit$$00000006)
    .ARM.Collect$$libinit$$0000000C          0x08000230   Section        0  libinit2.o(.ARM.Collect$$libinit$$0000000C)
    .ARM.Collect$$libinit$$0000000E          0x08000230   Section        0  libinit2.o(.ARM.Collect$$libinit$$0000000E)
    .ARM.Collect$$libinit$$00000010          0x08000230   Section        0  libinit2.o(.ARM.Collect$$libinit$$00000010)
    .ARM.Collect$$libinit$$00000013          0x08000230   Section        0  libinit2.o(.ARM.Collect$$libinit$$00000013)
    .ARM.Collect$$libinit$$00000015          0x08000230   Section        0  libinit2.o(.ARM.Collect$$libinit$$00000015)
    .ARM.Collect$$libinit$$00000017          0x08000230   Section        0  libinit2.o(.ARM.Collect$$libinit$$00000017)
    .ARM.Collect$$libinit$$00000019          0x08000230   Section        0  libinit2.o(.ARM.Collect$$libinit$$00000019)
    .ARM.Collect$$libinit$$0000001B          0x08000230   Section        0  libinit2.o(.ARM.Collect$$libinit$$0000001B)
    .ARM.Collect$$libinit$$0000001D          0x08000230   Section        0  libinit2.o(.ARM.Collect$$libinit$$0000001D)
    .ARM.Collect$$libinit$$0000001F          0x08000230   Section        0  libinit2.o(.ARM.Collect$$libinit$$0000001F)
    .ARM.Collect$$libinit$$00000021          0x08000230   Section        0  libinit2.o(.ARM.Collect$$libinit$$00000021)
    .ARM.Collect$$libinit$$00000023          0x08000230   Section        0  libinit2.o(.ARM.Collect$$libinit$$00000023)
    .ARM.Collect$$libinit$$00000025          0x08000230   Section        0  libinit2.o(.ARM.Collect$$libinit$$00000025)
    .ARM.Collect$$libinit$$00000027          0x08000230   Section        0  libinit2.o(.ARM.Collect$$libinit$$00000027)
    .ARM.Collect$$libinit$$0000002E          0x08000230   Section        0  libinit2.o(.ARM.Collect$$libinit$$0000002E)
    .ARM.Collect$$libinit$$00000030          0x08000230   Section        0  libinit2.o(.ARM.Collect$$libinit$$00000030)
    .ARM.Collect$$libinit$$00000032          0x08000230   Section        0  libinit2.o(.ARM.Collect$$libinit$$00000032)
    .ARM.Collect$$libinit$$00000034          0x08000230   Section        0  libinit2.o(.ARM.Collect$$libinit$$00000034)
    .ARM.Collect$$libinit$$00000035          0x08000230   Section        2  libinit2.o(.ARM.Collect$$libinit$$00000035)
    .ARM.Collect$$libshutdown$$00000000      0x08000232   Section        2  libshutdown.o(.ARM.Collect$$libshutdown$$00000000)
    .ARM.Collect$$libshutdown$$00000002      0x08000234   Section        0  libshutdown2.o(.ARM.Collect$$libshutdown$$00000002)
    .ARM.Collect$$libshutdown$$00000004      0x08000234   Section        0  libshutdown2.o(.ARM.Collect$$libshutdown$$00000004)
    .ARM.Collect$$libshutdown$$00000007      0x08000234   Section        0  libshutdown2.o(.ARM.Collect$$libshutdown$$00000007)
    .ARM.Collect$$libshutdown$$0000000A      0x08000234   Section        0  libshutdown2.o(.ARM.Collect$$libshutdown$$0000000A)
    .ARM.Collect$$libshutdown$$0000000C      0x08000234   Section        0  libshutdown2.o(.ARM.Collect$$libshutdown$$0000000C)
    .ARM.Collect$$libshutdown$$0000000F      0x08000234   Section        0  libshutdown2.o(.ARM.Collect$$libshutdown$$0000000F)
    .ARM.Collect$$libshutdown$$00000010      0x08000234   Section        2  libshutdown2.o(.ARM.Collect$$libshutdown$$00000010)
    .ARM.Collect$$rtentry$$00000000          0x08000236   Section        0  __rtentry.o(.ARM.Collect$$rtentry$$00000000)
    .ARM.Collect$$rtentry$$00000002          0x08000236   Section        0  __rtentry2.o(.ARM.Collect$$rtentry$$00000002)
    .ARM.Collect$$rtentry$$00000004          0x08000236   Section        6  __rtentry4.o(.ARM.Collect$$rtentry$$00000004)
    .ARM.Collect$$rtentry$$00000009          0x0800023c   Section        0  __rtentry2.o(.ARM.Collect$$rtentry$$00000009)
    .ARM.Collect$$rtentry$$0000000A          0x0800023c   Section        4  __rtentry2.o(.ARM.Collect$$rtentry$$0000000A)
    .ARM.Collect$$rtentry$$0000000C          0x08000240   Section        0  __rtentry2.o(.ARM.Collect$$rtentry$$0000000C)
    .ARM.Collect$$rtentry$$0000000D          0x08000240   Section        8  __rtentry2.o(.ARM.Collect$$rtentry$$0000000D)
    .ARM.Collect$$rtexit$$00000000           0x08000248   Section        2  rtexit.o(.ARM.Collect$$rtexit$$00000000)
    .ARM.Collect$$rtexit$$00000002           0x0800024a   Section        0  rtexit2.o(.ARM.Collect$$rtexit$$00000002)
    .ARM.Collect$$rtexit$$00000003           0x0800024a   Section        4  rtexit2.o(.ARM.Collect$$rtexit$$00000003)
    .ARM.Collect$$rtexit$$00000004           0x0800024e   Section        6  rtexit2.o(.ARM.Collect$$rtexit$$00000004)
    $v0                                      0x08000254   Number         0  startup_stm32f429xx.o(.text)
    .text                                    0x08000254   Section       64  startup_stm32f429xx.o(.text)
    .text                                    0x08000294   Section        0  noretval__2snprintf.o(.text)
    .text                                    0x080002d4   Section        0  __printf.o(.text)
    .text                                    0x0800033c   Section        0  _printf_dec.o(.text)
    .text                                    0x080003b4   Section        0  heapauxi.o(.text)
    .text                                    0x080003ba   Section        0  _printf_intcommon.o(.text)
    _printf_input_char                       0x0800046d   Thumb Code    10  _printf_char_common.o(.text)
    .text                                    0x0800046c   Section        0  _printf_char_common.o(.text)
    .text                                    0x0800049c   Section        0  _snputc.o(.text)
    .text                                    0x080004ac   Section       74  sys_stackheap_outer.o(.text)
    .text                                    0x080004f6   Section        0  exit.o(.text)
    .text                                    0x08000508   Section        8  libspace.o(.text)
    .text                                    0x08000510   Section        0  sys_exit.o(.text)
    .text                                    0x0800051c   Section        2  use_no_semi.o(.text)
    .text                                    0x0800051e   Section        0  indicate_semi.o(.text)
    [Anonymous Symbol]                       0x08000520   Section        0  led.o(.text.Init_LED)
    __arm_cp.0_1                             0x08000568   Number         4  led.o(.text.Init_LED)
    [Anonymous Symbol]                       0x0800056c   Section        0  led.o(.text.Init_Timer2)
    __arm_cp.3_3                             0x080005ac   Number         4  led.o(.text.Init_Timer2)
    [Anonymous Symbol]                       0x080005b0   Section        0  adc.o(.text.Init_Timer3)
    __arm_cp.2_0                             0x080005ec   Number         4  adc.o(.text.Init_Timer3)
    __arm_cp.2_2                             0x080005f0   Number         4  adc.o(.text.Init_Timer3)
    __arm_cp.2_3                             0x080005f4   Number         4  adc.o(.text.Init_Timer3)
    __arm_cp.2_4                             0x080005f8   Number         4  adc.o(.text.Init_Timer3)
    [Anonymous Symbol]                       0x080005fc   Section        0  lcd.o(.text.LCD_DisplayHeartRate)
    [Anonymous Symbol]                       0x0800062c   Section        0  lcd.o(.text.LCD_DisplaySampleRate)
    [Anonymous Symbol]                       0x0800065c   Section        0  lcd.o(.text.LCD_String)
    [Anonymous Symbol]                       0x0800066e   Section        0  lcd.o(.text.LCD_UpdateDisplay)
    [Anonymous Symbol]                       0x08000694   Section        0  lcd.o(.text.LCD_strobe)
    OUTLINED_FUNCTION_0                      0x080006b1   Thumb Code    18  led.o(.text.OUTLINED_FUNCTION_0)
    [Anonymous Symbol]                       0x080006b0   Section        0  led.o(.text.OUTLINED_FUNCTION_0)
    OUTLINED_FUNCTION_0                      0x080006c3   Thumb Code    18  lcd.o(.text.OUTLINED_FUNCTION_0)
    [Anonymous Symbol]                       0x080006c2   Section        0  lcd.o(.text.OUTLINED_FUNCTION_0)
    OUTLINED_FUNCTION_1                      0x080006d5   Thumb Code     6  lcd.o(.text.OUTLINED_FUNCTION_1)
    [Anonymous Symbol]                       0x080006d4   Section        0  lcd.o(.text.OUTLINED_FUNCTION_1)
    [Anonymous Symbol]                       0x080006dc   Section        0  system_stm32f4xx.o(.text.SystemCoreClockUpdate)
    __arm_cp.1_0                             0x08000734   Number         4  system_stm32f4xx.o(.text.SystemCoreClockUpdate)
    __arm_cp.1_1                             0x08000738   Number         4  system_stm32f4xx.o(.text.SystemCoreClockUpdate)
    __arm_cp.1_2                             0x0800073c   Number         4  system_stm32f4xx.o(.text.SystemCoreClockUpdate)
    __arm_cp.1_4                             0x08000740   Number         4  system_stm32f4xx.o(.text.SystemCoreClockUpdate)
    [Anonymous Symbol]                       0x08000744   Section        0  system_stm32f4xx.o(.text.SystemInit)
    __arm_cp.0_0                             0x08000780   Number         4  system_stm32f4xx.o(.text.SystemInit)
    __arm_cp.0_1                             0x08000784   Number         4  system_stm32f4xx.o(.text.SystemInit)
    __arm_cp.0_2                             0x08000788   Number         4  system_stm32f4xx.o(.text.SystemInit)
    __arm_cp.0_3                             0x0800078c   Number         4  system_stm32f4xx.o(.text.SystemInit)
    [Anonymous Symbol]                       0x08000790   Section        0  led.o(.text.TIM2_IRQHandler)
    __arm_cp.4_0                             0x080007a0   Number         4  led.o(.text.TIM2_IRQHandler)
    __arm_cp.4_1                             0x080007a4   Number         4  led.o(.text.TIM2_IRQHandler)
    [Anonymous Symbol]                       0x080007a8   Section        0  main.o(.text.TIM3_IRQHandler)
    __arm_cp.0_0                             0x080007c8   Number         4  main.o(.text.TIM3_IRQHandler)
    [Anonymous Symbol]                       0x080007cc   Section        0  led.o(.text.Toggle_LED2)
    __arm_cp.2_0                             0x080007d8   Number         4  led.o(.text.Toggle_LED2)
    [Anonymous Symbol]                       0x080007dc   Section        0  lcd.o(.text.WaitLcdBusy)
    [Anonymous Symbol]                       0x080007ec   Section        0  lcd.o(.text.cmdLCD)
    [Anonymous Symbol]                       0x08000808   Section        0  lcd.o(.text.initLCD)
    __arm_cp.7_2                             0x0800085c   Number         4  lcd.o(.text.initLCD)
    __arm_cp.7_3                             0x08000860   Number         4  lcd.o(.text.initLCD)
    __arm_cp.7_4                             0x08000864   Number         4  lcd.o(.text.initLCD)
    [Anonymous Symbol]                       0x08000868   Section        0  adc.o(.text.init_ADC)
    __arm_cp.0_0                             0x080008a8   Number         4  adc.o(.text.init_ADC)
    __arm_cp.0_1                             0x080008ac   Number         4  adc.o(.text.init_ADC)
    __arm_cp.0_2                             0x080008b0   Number         4  adc.o(.text.init_ADC)
    [Anonymous Symbol]                       0x080008b4   Section        0  usart.o(.text.init_USART)
    __arm_cp.1_0                             0x08000914   Number         4  usart.o(.text.init_USART)
    __arm_cp.1_2                             0x08000918   Number         4  usart.o(.text.init_USART)
    [Anonymous Symbol]                       0x0800091c   Section        0  lcd.o(.text.lcd_delayus)
    __arm_cp.0_0                             0x0800093c   Number         4  lcd.o(.text.lcd_delayus)
    __arm_cp.0_1                             0x08000940   Number         4  lcd.o(.text.lcd_delayus)
    [Anonymous Symbol]                       0x08000944   Section        0  main.o(.text.main)
    __arm_cp.2_0                             0x080009b0   Number         4  main.o(.text.main)
    __arm_cp.2_1                             0x080009b4   Number         4  main.o(.text.main)
    __arm_cp.2_2                             0x080009b8   Number         4  main.o(.text.main)
    [Anonymous Symbol]                       0x080009cc   Section        0  main.o(.text.process_heart_rate)
    __arm_cp.1_0                             0x08000a50   Number         4  main.o(.text.process_heart_rate)
    [Anonymous Symbol]                       0x08000a54   Section        0  lcd.o(.text.putLCD)
    __arm_cp.6_0                             0x08000a70   Number         4  lcd.o(.text.putLCD)
    [Anonymous Symbol]                       0x08000a74   Section        0  lcd.o(.text.read_LCD_busy_flag)
    __arm_cp.2_0                             0x08000ab4   Number         4  lcd.o(.text.read_LCD_busy_flag)
    [Anonymous Symbol]                       0x08000ab8   Section        0  adc.o(.text.read_adc)
    __arm_cp.1_0                             0x08000ad4   Number         4  adc.o(.text.read_adc)
    [Anonymous Symbol]                       0x08000ad8   Section        0  usart.o(.text.send_usart)
    __arm_cp.0_0                             0x08000ae4   Number         4  usart.o(.text.send_usart)
    $v0                                      0x08000ae8   Number         0  fpinit.o(x$fpl$fpinit)
    x$fpl$fpinit                             0x08000ae8   Section       26  fpinit.o(x$fpl$fpinit)
    .bss                                     0x20000008   Section       96  libspace.o(.bss)
    [Anonymous Symbol]                       0x20000068   Section        0  main.o(.bss..L_MergedGlobals)
    Heap_Mem                                 0x20000090   Data         512  startup_stm32f429xx.o(HEAP)
    HEAP                                     0x20000090   Section      512  startup_stm32f429xx.o(HEAP)
    Stack_Mem                                0x20000290   Data        1024  startup_stm32f429xx.o(STACK)
    STACK                                    0x20000290   Section     1024  startup_stm32f429xx.o(STACK)
    __initial_sp                             0x20000690   Data           0  startup_stm32f429xx.o(STACK)

    Global Symbols

    Symbol Name                              Value     Ov Type        Size  Object(Section)

    BuildAttributes$$THM_ISAv4$E$P$D$K$B$S$7EM$VFPi3$EXTD16$VFPS$VFMA$PE$A:L22UL41UL21$X:L11$S22US41US21$IEEE1$IW$~IW$USESV6$~STKCKD$USESV7$WCHAR32$ENUMINT$~SHL$OSPACE$ROPI$EBA8$UX$STANDARDLIB$REQ8$PRES8$EABIv2 0x00000000   Number         0  anon$$obj.o ABSOLUTE
    __ARM_exceptions_init                     - Undefined Weak Reference
    __alloca_initialize                       - Undefined Weak Reference
    __arm_preinit_                            - Undefined Weak Reference
    __arm_relocate_pie_                       - Undefined Weak Reference
    __cpp_initialize__aeabi_                  - Undefined Weak Reference
    __cxa_finalize                            - Undefined Weak Reference
    __rt_locale                               - Undefined Weak Reference
    __sigvec_lookup                           - Undefined Weak Reference
    _atexit_init                              - Undefined Weak Reference
    _call_atexit_fns                          - Undefined Weak Reference
    _clock_init                               - Undefined Weak Reference
    _fp_trap_init                             - Undefined Weak Reference
    _fp_trap_shutdown                         - Undefined Weak Reference
    _get_lc_collate                           - Undefined Weak Reference
    _get_lc_ctype                             - Undefined Weak Reference
    _get_lc_monetary                          - Undefined Weak Reference
    _get_lc_numeric                           - Undefined Weak Reference
    _get_lc_time                              - Undefined Weak Reference
    _getenv_init                              - Undefined Weak Reference
    _handle_redirection                       - Undefined Weak Reference
    _init_alloc                               - Undefined Weak Reference
    _init_user_alloc                          - Undefined Weak Reference
    _initio                                   - Undefined Weak Reference
    _printf_post_padding                      - Undefined Weak Reference
    _printf_pre_padding                       - Undefined Weak Reference
    _printf_truncate_signed                   - Undefined Weak Reference
    _printf_truncate_unsigned                 - Undefined Weak Reference
    _rand_init                                - Undefined Weak Reference
    _signal_finish                            - Undefined Weak Reference
    _signal_init                              - Undefined Weak Reference
    _terminate_alloc                          - Undefined Weak Reference
    _terminate_user_alloc                     - Undefined Weak Reference
    _terminateio                              - Undefined Weak Reference
    __Vectors_Size                           0x000001ac   Number         0  startup_stm32f429xx.o ABSOLUTE
    __Vectors                                0x08000000   Data           4  startup_stm32f429xx.o(RESET)
    __Vectors_End                            0x080001ac   Data           0  startup_stm32f429xx.o(RESET)
    __main                                   0x080001ad   Thumb Code     8  __main.o(!!!main)
    __scatterload                            0x080001b5   Thumb Code     0  __scatter.o(!!!scatter)
    __scatterload_rt2                        0x080001b5   Thumb Code    44  __scatter.o(!!!scatter)
    __scatterload_rt2_thumb_only             0x080001b5   Thumb Code     0  __scatter.o(!!!scatter)
    __scatterload_null                       0x080001c3   Thumb Code     0  __scatter.o(!!!scatter)
    __scatterload_copy                       0x080001e9   Thumb Code    26  __scatter_copy.o(!!handler_copy)
    __scatterload_zeroinit                   0x08000205   Thumb Code    28  __scatter_zi.o(!!handler_zi)
    _printf_percent                          0x08000221   Thumb Code     0  _printf_percent.o(.ARM.Collect$$_printf_percent$$00000000)
    _printf_u                                0x08000221   Thumb Code     0  _printf_u.o(.ARM.Collect$$_printf_percent$$0000000A)
    _printf_percent_end                      0x08000227   Thumb Code     0  _printf_percent_end.o(.ARM.Collect$$_printf_percent$$00000017)
    __rt_lib_init                            0x0800022b   Thumb Code     0  libinit.o(.ARM.Collect$$libinit$$00000000)
    __rt_lib_init_fp_1                       0x0800022d   Thumb Code     0  libinit2.o(.ARM.Collect$$libinit$$00000001)
    __rt_lib_init_alloca_1                   0x08000231   Thumb Code     0  libinit2.o(.ARM.Collect$$libinit$$00000030)
    __rt_lib_init_argv_1                     0x08000231   Thumb Code     0  libinit2.o(.ARM.Collect$$libinit$$0000002E)
    __rt_lib_init_atexit_1                   0x08000231   Thumb Code     0  libinit2.o(.ARM.Collect$$libinit$$0000001D)
    __rt_lib_init_clock_1                    0x08000231   Thumb Code     0  libinit2.o(.ARM.Collect$$libinit$$00000023)
    __rt_lib_init_cpp_1                      0x08000231   Thumb Code     0  libinit2.o(.ARM.Collect$$libinit$$00000034)
    __rt_lib_init_exceptions_1               0x08000231   Thumb Code     0  libinit2.o(.ARM.Collect$$libinit$$00000032)
    __rt_lib_init_fp_trap_1                  0x08000231   Thumb Code     0  libinit2.o(.ARM.Collect$$libinit$$00000021)
    __rt_lib_init_getenv_1                   0x08000231   Thumb Code     0  libinit2.o(.ARM.Collect$$libinit$$00000025)
    __rt_lib_init_heap_1                     0x08000231   Thumb Code     0  libinit2.o(.ARM.Collect$$libinit$$0000000C)
    __rt_lib_init_lc_collate_1               0x08000231   Thumb Code     0  libinit2.o(.ARM.Collect$$libinit$$00000013)
    __rt_lib_init_lc_ctype_1                 0x08000231   Thumb Code     0  libinit2.o(.ARM.Collect$$libinit$$00000015)
    __rt_lib_init_lc_monetary_1              0x08000231   Thumb Code     0  libinit2.o(.ARM.Collect$$libinit$$00000017)
    __rt_lib_init_lc_numeric_1               0x08000231   Thumb Code     0  libinit2.o(.ARM.Collect$$libinit$$00000019)
    __rt_lib_init_lc_time_1                  0x08000231   Thumb Code     0  libinit2.o(.ARM.Collect$$libinit$$0000001B)
    __rt_lib_init_preinit_1                  0x08000231   Thumb Code     0  libinit2.o(.ARM.Collect$$libinit$$00000006)
    __rt_lib_init_rand_1                     0x08000231   Thumb Code     0  libinit2.o(.ARM.Collect$$libinit$$00000010)
    __rt_lib_init_relocate_pie_1             0x08000231   Thumb Code     0  libinit2.o(.ARM.Collect$$libinit$$00000004)
    __rt_lib_init_return                     0x08000231   Thumb Code     0  libinit2.o(.ARM.Collect$$libinit$$00000035)
    __rt_lib_init_signal_1                   0x08000231   Thumb Code     0  libinit2.o(.ARM.Collect$$libinit$$0000001F)
    __rt_lib_init_stdio_1                    0x08000231   Thumb Code     0  libinit2.o(.ARM.Collect$$libinit$$00000027)
    __rt_lib_init_user_alloc_1               0x08000231   Thumb Code     0  libinit2.o(.ARM.Collect$$libinit$$0000000E)
    __rt_lib_shutdown                        0x08000233   Thumb Code     0  libshutdown.o(.ARM.Collect$$libshutdown$$00000000)
    __rt_lib_shutdown_cpp_1                  0x08000235   Thumb Code     0  libshutdown2.o(.ARM.Collect$$libshutdown$$00000002)
    __rt_lib_shutdown_fp_trap_1              0x08000235   Thumb Code     0  libshutdown2.o(.ARM.Collect$$libshutdown$$00000007)
    __rt_lib_shutdown_heap_1                 0x08000235   Thumb Code     0  libshutdown2.o(.ARM.Collect$$libshutdown$$0000000F)
    __rt_lib_shutdown_return                 0x08000235   Thumb Code     0  libshutdown2.o(.ARM.Collect$$libshutdown$$00000010)
    __rt_lib_shutdown_signal_1               0x08000235   Thumb Code     0  libshutdown2.o(.ARM.Collect$$libshutdown$$0000000A)
    __rt_lib_shutdown_stdio_1                0x08000235   Thumb Code     0  libshutdown2.o(.ARM.Collect$$libshutdown$$00000004)
    __rt_lib_shutdown_user_alloc_1           0x08000235   Thumb Code     0  libshutdown2.o(.ARM.Collect$$libshutdown$$0000000C)
    __rt_entry                               0x08000237   Thumb Code     0  __rtentry.o(.ARM.Collect$$rtentry$$00000000)
    __rt_entry_presh_1                       0x08000237   Thumb Code     0  __rtentry2.o(.ARM.Collect$$rtentry$$00000002)
    __rt_entry_sh                            0x08000237   Thumb Code     0  __rtentry4.o(.ARM.Collect$$rtentry$$00000004)
    __rt_entry_li                            0x0800023d   Thumb Code     0  __rtentry2.o(.ARM.Collect$$rtentry$$0000000A)
    __rt_entry_postsh_1                      0x0800023d   Thumb Code     0  __rtentry2.o(.ARM.Collect$$rtentry$$00000009)
    __rt_entry_main                          0x08000241   Thumb Code     0  __rtentry2.o(.ARM.Collect$$rtentry$$0000000D)
    __rt_entry_postli_1                      0x08000241   Thumb Code     0  __rtentry2.o(.ARM.Collect$$rtentry$$0000000C)
    __rt_exit                                0x08000249   Thumb Code     0  rtexit.o(.ARM.Collect$$rtexit$$00000000)
    __rt_exit_ls                             0x0800024b   Thumb Code     0  rtexit2.o(.ARM.Collect$$rtexit$$00000003)
    __rt_exit_prels_1                        0x0800024b   Thumb Code     0  rtexit2.o(.ARM.Collect$$rtexit$$00000002)
    __rt_exit_exit                           0x0800024f   Thumb Code     0  rtexit2.o(.ARM.Collect$$rtexit$$00000004)
    Reset_Handler                            0x08000255   Thumb Code     8  startup_stm32f429xx.o(.text)
    NMI_Handler                              0x0800025d   Thumb Code     2  startup_stm32f429xx.o(.text)
    HardFault_Handler                        0x0800025f   Thumb Code     2  startup_stm32f429xx.o(.text)
    MemManage_Handler                        0x08000261   Thumb Code     2  startup_stm32f429xx.o(.text)
    BusFault_Handler                         0x08000263   Thumb Code     2  startup_stm32f429xx.o(.text)
    UsageFault_Handler                       0x08000265   Thumb Code     2  startup_stm32f429xx.o(.text)
    SVC_Handler                              0x08000267   Thumb Code     2  startup_stm32f429xx.o(.text)
    DebugMon_Handler                         0x08000269   Thumb Code     2  startup_stm32f429xx.o(.text)
    PendSV_Handler                           0x0800026b   Thumb Code     2  startup_stm32f429xx.o(.text)
    SysTick_Handler                          0x0800026d   Thumb Code     2  startup_stm32f429xx.o(.text)
    ADC_IRQHandler                           0x0800026f   Thumb Code     0  startup_stm32f429xx.o(.text)
    CAN1_RX0_IRQHandler                      0x0800026f   Thumb Code     0  startup_stm32f429xx.o(.text)
    CAN1_RX1_IRQHandler                      0x0800026f   Thumb Code     0  startup_stm32f429xx.o(.text)
    CAN1_SCE_IRQHandler                      0x0800026f   Thumb Code     0  startup_stm32f429xx.o(.text)
    CAN1_TX_IRQHandler                       0x0800026f   Thumb Code     0  startup_stm32f429xx.o(.text)
    CAN2_RX0_IRQHandler                      0x0800026f   Thumb Code     0  startup_stm32f429xx.o(.text)
    CAN2_RX1_IRQHandler                      0x0800026f   Thumb Code     0  startup_stm32f429xx.o(.text)
    CAN2_SCE_IRQHandler                      0x0800026f   Thumb Code     0  startup_stm32f429xx.o(.text)
    CAN2_TX_IRQHandler                       0x0800026f   Thumb Code     0  startup_stm32f429xx.o(.text)
    DCMI_IRQHandler                          0x0800026f   Thumb Code     0  startup_stm32f429xx.o(.text)
    DMA1_Stream0_IRQHandler                  0x0800026f   Thumb Code     0  startup_stm32f429xx.o(.text)
    DMA1_Stream1_IRQHandler                  0x0800026f   Thumb Code     0  startup_stm32f429xx.o(.text)
    DMA1_Stream2_IRQHandler                  0x0800026f   Thumb Code     0  startup_stm32f429xx.o(.text)
    DMA1_Stream3_IRQHandler                  0x0800026f   Thumb Code     0  startup_stm32f429xx.o(.text)
    DMA1_Stream4_IRQHandler                  0x0800026f   Thumb Code     0  startup_stm32f429xx.o(.text)
    DMA1_Stream5_IRQHandler                  0x0800026f   Thumb Code     0  startup_stm32f429xx.o(.text)
    DMA1_Stream6_IRQHandler                  0x0800026f   Thumb Code     0  startup_stm32f429xx.o(.text)
    DMA1_Stream7_IRQHandler                  0x0800026f   Thumb Code     0  startup_stm32f429xx.o(.text)
    DMA2D_IRQHandler                         0x0800026f   Thumb Code     0  startup_stm32f429xx.o(.text)
    DMA2_Stream0_IRQHandler                  0x0800026f   Thumb Code     0  startup_stm32f429xx.o(.text)
    DMA2_Stream1_IRQHandler                  0x0800026f   Thumb Code     0  startup_stm32f429xx.o(.text)
    DMA2_Stream2_IRQHandler                  0x0800026f   Thumb Code     0  startup_stm32f429xx.o(.text)
    DMA2_Stream3_IRQHandler                  0x0800026f   Thumb Code     0  startup_stm32f429xx.o(.text)
    DMA2_Stream4_IRQHandler                  0x0800026f   Thumb Code     0  startup_stm32f429xx.o(.text)
    DMA2_Stream5_IRQHandler                  0x0800026f   Thumb Code     0  startup_stm32f429xx.o(.text)
    DMA2_Stream6_IRQHandler                  0x0800026f   Thumb Code     0  startup_stm32f429xx.o(.text)
    DMA2_Stream7_IRQHandler                  0x0800026f   Thumb Code     0  startup_stm32f429xx.o(.text)
    ETH_IRQHandler                           0x0800026f   Thumb Code     0  startup_stm32f429xx.o(.text)
    ETH_WKUP_IRQHandler                      0x0800026f   Thumb Code     0  startup_stm32f429xx.o(.text)
    EXTI0_IRQHandler                         0x0800026f   Thumb Code     0  startup_stm32f429xx.o(.text)
    EXTI15_10_IRQHandler                     0x0800026f   Thumb Code     0  startup_stm32f429xx.o(.text)
    EXTI1_IRQHandler                         0x0800026f   Thumb Code     0  startup_stm32f429xx.o(.text)
    EXTI2_IRQHandler                         0x0800026f   Thumb Code     0  startup_stm32f429xx.o(.text)
    EXTI3_IRQHandler                         0x0800026f   Thumb Code     0  startup_stm32f429xx.o(.text)
    EXTI4_IRQHandler                         0x0800026f   Thumb Code     0  startup_stm32f429xx.o(.text)
    EXTI9_5_IRQHandler                       0x0800026f   Thumb Code     0  startup_stm32f429xx.o(.text)
    FLASH_IRQHandler                         0x0800026f   Thumb Code     0  startup_stm32f429xx.o(.text)
    FMC_IRQHandler                           0x0800026f   Thumb Code     0  startup_stm32f429xx.o(.text)
    FPU_IRQHandler                           0x0800026f   Thumb Code     0  startup_stm32f429xx.o(.text)
    HASH_RNG_IRQHandler                      0x0800026f   Thumb Code     0  startup_stm32f429xx.o(.text)
    I2C1_ER_IRQHandler                       0x0800026f   Thumb Code     0  startup_stm32f429xx.o(.text)
    I2C1_EV_IRQHandler                       0x0800026f   Thumb Code     0  startup_stm32f429xx.o(.text)
    I2C2_ER_IRQHandler                       0x0800026f   Thumb Code     0  startup_stm32f429xx.o(.text)
    I2C2_EV_IRQHandler                       0x0800026f   Thumb Code     0  startup_stm32f429xx.o(.text)
    I2C3_ER_IRQHandler                       0x0800026f   Thumb Code     0  startup_stm32f429xx.o(.text)
    I2C3_EV_IRQHandler                       0x0800026f   Thumb Code     0  startup_stm32f429xx.o(.text)
    LTDC_ER_IRQHandler                       0x0800026f   Thumb Code     0  startup_stm32f429xx.o(.text)
    LTDC_IRQHandler                          0x0800026f   Thumb Code     0  startup_stm32f429xx.o(.text)
    OTG_FS_IRQHandler                        0x0800026f   Thumb Code     0  startup_stm32f429xx.o(.text)
    OTG_FS_WKUP_IRQHandler                   0x0800026f   Thumb Code     0  startup_stm32f429xx.o(.text)
    OTG_HS_EP1_IN_IRQHandler                 0x0800026f   Thumb Code     0  startup_stm32f429xx.o(.text)
    OTG_HS_EP1_OUT_IRQHandler                0x0800026f   Thumb Code     0  startup_stm32f429xx.o(.text)
    OTG_HS_IRQHandler                        0x0800026f   Thumb Code     0  startup_stm32f429xx.o(.text)
    OTG_HS_WKUP_IRQHandler                   0x0800026f   Thumb Code     0  startup_stm32f429xx.o(.text)
    PVD_IRQHandler                           0x0800026f   Thumb Code     0  startup_stm32f429xx.o(.text)
    RCC_IRQHandler                           0x0800026f   Thumb Code     0  startup_stm32f429xx.o(.text)
    RTC_Alarm_IRQHandler                     0x0800026f   Thumb Code     0  startup_stm32f429xx.o(.text)
    RTC_WKUP_IRQHandler                      0x0800026f   Thumb Code     0  startup_stm32f429xx.o(.text)
    SAI1_IRQHandler                          0x0800026f   Thumb Code     0  startup_stm32f429xx.o(.text)
    SDIO_IRQHandler                          0x0800026f   Thumb Code     0  startup_stm32f429xx.o(.text)
    SPI1_IRQHandler                          0x0800026f   Thumb Code     0  startup_stm32f429xx.o(.text)
    SPI2_IRQHandler                          0x0800026f   Thumb Code     0  startup_stm32f429xx.o(.text)
    SPI3_IRQHandler                          0x0800026f   Thumb Code     0  startup_stm32f429xx.o(.text)
    SPI4_IRQHandler                          0x0800026f   Thumb Code     0  startup_stm32f429xx.o(.text)
    SPI5_IRQHandler                          0x0800026f   Thumb Code     0  startup_stm32f429xx.o(.text)
    SPI6_IRQHandler                          0x0800026f   Thumb Code     0  startup_stm32f429xx.o(.text)
    TAMP_STAMP_IRQHandler                    0x0800026f   Thumb Code     0  startup_stm32f429xx.o(.text)
    TIM1_BRK_TIM9_IRQHandler                 0x0800026f   Thumb Code     0  startup_stm32f429xx.o(.text)
    TIM1_CC_IRQHandler                       0x0800026f   Thumb Code     0  startup_stm32f429xx.o(.text)
    TIM1_TRG_COM_TIM11_IRQHandler            0x0800026f   Thumb Code     0  startup_stm32f429xx.o(.text)
    TIM1_UP_TIM10_IRQHandler                 0x0800026f   Thumb Code     0  startup_stm32f429xx.o(.text)
    TIM4_IRQHandler                          0x0800026f   Thumb Code     0  startup_stm32f429xx.o(.text)
    TIM5_IRQHandler                          0x0800026f   Thumb Code     0  startup_stm32f429xx.o(.text)
    TIM6_DAC_IRQHandler                      0x0800026f   Thumb Code     0  startup_stm32f429xx.o(.text)
    TIM7_IRQHandler                          0x0800026f   Thumb Code     0  startup_stm32f429xx.o(.text)
    TIM8_BRK_TIM12_IRQHandler                0x0800026f   Thumb Code     0  startup_stm32f429xx.o(.text)
    TIM8_CC_IRQHandler                       0x0800026f   Thumb Code     0  startup_stm32f429xx.o(.text)
    TIM8_TRG_COM_TIM14_IRQHandler            0x0800026f   Thumb Code     0  startup_stm32f429xx.o(.text)
    TIM8_UP_TIM13_IRQHandler                 0x0800026f   Thumb Code     0  startup_stm32f429xx.o(.text)
    UART4_IRQHandler                         0x0800026f   Thumb Code     0  startup_stm32f429xx.o(.text)
    UART5_IRQHandler                         0x0800026f   Thumb Code     0  startup_stm32f429xx.o(.text)
    UART7_IRQHandler                         0x0800026f   Thumb Code     0  startup_stm32f429xx.o(.text)
    UART8_IRQHandler                         0x0800026f   Thumb Code     0  startup_stm32f429xx.o(.text)
    USART1_IRQHandler                        0x0800026f   Thumb Code     0  startup_stm32f429xx.o(.text)
    USART2_IRQHandler                        0x0800026f   Thumb Code     0  startup_stm32f429xx.o(.text)
    USART3_IRQHandler                        0x0800026f   Thumb Code     0  startup_stm32f429xx.o(.text)
    USART6_IRQHandler                        0x0800026f   Thumb Code     0  startup_stm32f429xx.o(.text)
    WWDG_IRQHandler                          0x0800026f   Thumb Code     0  startup_stm32f429xx.o(.text)
    __user_initial_stackheap                 0x08000271   Thumb Code     0  startup_stm32f429xx.o(.text)
    __2snprintf                              0x08000295   Thumb Code    58  noretval__2snprintf.o(.text)
    __printf                                 0x080002d5   Thumb Code   104  __printf.o(.text)
    _printf_int_dec                          0x0800033d   Thumb Code   104  _printf_dec.o(.text)
    __use_two_region_memory                  0x080003b5   Thumb Code     2  heapauxi.o(.text)
    __rt_heap_escrow$2region                 0x080003b7   Thumb Code     2  heapauxi.o(.text)
    __rt_heap_expand$2region                 0x080003b9   Thumb Code     2  heapauxi.o(.text)
    _printf_int_common                       0x080003bb   Thumb Code   178  _printf_intcommon.o(.text)
    _printf_char_common                      0x08000477   Thumb Code    32  _printf_char_common.o(.text)
    _snputc                                  0x0800049d   Thumb Code    16  _snputc.o(.text)
    __user_setup_stackheap                   0x080004ad   Thumb Code    74  sys_stackheap_outer.o(.text)
    exit                                     0x080004f7   Thumb Code    18  exit.o(.text)
    __user_libspace                          0x08000509   Thumb Code     8  libspace.o(.text)
    __user_perproc_libspace                  0x08000509   Thumb Code     0  libspace.o(.text)
    __user_perthread_libspace                0x08000509   Thumb Code     0  libspace.o(.text)
    _sys_exit                                0x08000511   Thumb Code     8  sys_exit.o(.text)
    __I$use$semihosting                      0x0800051d   Thumb Code     0  use_no_semi.o(.text)
    __use_no_semihosting_swi                 0x0800051d   Thumb Code     2  use_no_semi.o(.text)
    __semihosting_library_function           0x0800051f   Thumb Code     0  indicate_semi.o(.text)
    Init_LED                                 0x08000521   Thumb Code    72  led.o(.text.Init_LED)
    Init_Timer2                              0x0800056d   Thumb Code    64  led.o(.text.Init_Timer2)
    Init_Timer3                              0x080005b1   Thumb Code    60  adc.o(.text.Init_Timer3)
    LCD_DisplayHeartRate                     0x080005fd   Thumb Code    36  lcd.o(.text.LCD_DisplayHeartRate)
    LCD_DisplaySampleRate                    0x0800062d   Thumb Code    36  lcd.o(.text.LCD_DisplaySampleRate)
    LCD_String                               0x0800065d   Thumb Code    18  lcd.o(.text.LCD_String)
    LCD_UpdateDisplay                        0x0800066f   Thumb Code    36  lcd.o(.text.LCD_UpdateDisplay)
    LCD_strobe                               0x08000695   Thumb Code    28  lcd.o(.text.LCD_strobe)
    SystemCoreClockUpdate                    0x080006dd   Thumb Code    88  system_stm32f4xx.o(.text.SystemCoreClockUpdate)
    SystemInit                               0x08000745   Thumb Code    60  system_stm32f4xx.o(.text.SystemInit)
    TIM2_IRQHandler                          0x08000791   Thumb Code    16  led.o(.text.TIM2_IRQHandler)
    TIM3_IRQHandler                          0x080007a9   Thumb Code    32  main.o(.text.TIM3_IRQHandler)
    Toggle_LED2                              0x080007cd   Thumb Code    12  led.o(.text.Toggle_LED2)
    WaitLcdBusy                              0x080007dd   Thumb Code    14  lcd.o(.text.WaitLcdBusy)
    cmdLCD                                   0x080007ed   Thumb Code    28  lcd.o(.text.cmdLCD)
    initLCD                                  0x08000809   Thumb Code    84  lcd.o(.text.initLCD)
    init_ADC                                 0x08000869   Thumb Code    64  adc.o(.text.init_ADC)
    init_USART                               0x080008b5   Thumb Code    96  usart.o(.text.init_USART)
    lcd_delayus                              0x0800091d   Thumb Code    32  lcd.o(.text.lcd_delayus)
    main                                     0x08000945   Thumb Code   108  main.o(.text.main)
    process_heart_rate                       0x080009cd   Thumb Code   132  main.o(.text.process_heart_rate)
    putLCD                                   0x08000a55   Thumb Code    28  lcd.o(.text.putLCD)
    read_LCD_busy_flag                       0x08000a75   Thumb Code    64  lcd.o(.text.read_LCD_busy_flag)
    read_adc                                 0x08000ab9   Thumb Code    28  adc.o(.text.read_adc)
    send_usart                               0x08000ad9   Thumb Code    12  usart.o(.text.send_usart)
    _fp_init                                 0x08000ae9   Thumb Code    26  fpinit.o(x$fpl$fpinit)
    __fplib_config_fpu_vfp                   0x08000b01   Thumb Code     0  fpinit.o(x$fpl$fpinit)
    __fplib_config_pureend_doubles           0x08000b01   Thumb Code     0  fpinit.o(x$fpl$fpinit)
    AHBPrescTable                            0x08000b02   Data          16  system_stm32f4xx.o(.rodata.AHBPrescTable)
    Region$$Table$$Base                      0x08000b14   Number         0  anon$$obj.o(Region$$Table)
    Region$$Table$$Limit                     0x08000b34   Number         0  anon$$obj.o(Region$$Table)
    SystemCoreClock                          0x20000000   Data           4  system_stm32f4xx.o(.data.SystemCoreClock)
    __libspace_start                         0x20000008   Data          96  libspace.o(.bss)
    __temporary_stack_top$libspace           0x20000068   Data           0  libspace.o(.bss)
    new_adc_sample                           0x20000068   Data           1  main.o(.bss..L_MergedGlobals)
    bpm_index                                0x20000069   Data           1  main.o(.bss..L_MergedGlobals)
    adc_value                                0x2000006a   Data           2  main.o(.bss..L_MergedGlobals)
    prev_adc_value                           0x2000006c   Data           2  main.o(.bss..L_MergedGlobals)
    heart_rate                               0x2000006e   Data           2  main.o(.bss..L_MergedGlobals)
    ms_counter                               0x20000070   Data           4  main.o(.bss..L_MergedGlobals)
    last_peak_time                           0x20000074   Data           4  main.o(.bss..L_MergedGlobals)
    bpm_buffer                               0x20000078   Data          20  main.o(.bss..L_MergedGlobals)



==============================================================================

Memory Map of the image

  Image Entry point : 0x08000255

  Load Region LR_1 (Base: 0x08000000, Size: 0x00000b38, Max: 0xffffffff, ABSOLUTE)

    Execution Region ER_RO (Exec base: 0x08000000, Load base: 0x08000000, Size: 0x00000b34, Max: 0xffffffff, ABSOLUTE)

    Exec Addr    Load Addr    Size         Type   Attr      Idx    E Section Name        Object

    0x08000000   0x08000000   0x000001ac   Data   RO          100    RESET               startup_stm32f429xx.o
    0x080001ac   0x080001ac   0x00000008   Code   RO          155  * !!!main             c_wu.l(__main.o)
    0x080001b4   0x080001b4   0x00000034   Code   RO          329    !!!scatter          c_wu.l(__scatter.o)
    0x080001e8   0x080001e8   0x0000001a   Code   RO          331    !!handler_copy      c_wu.l(__scatter_copy.o)
    0x08000202   0x08000202   0x00000002   PAD
    0x08000204   0x08000204   0x0000001c   Code   RO          333    !!handler_zi        c_wu.l(__scatter_zi.o)
    0x08000220   0x08000220   0x00000000   Code   RO          152    .ARM.Collect$$_printf_percent$$00000000  c_wu.l(_printf_percent.o)
    0x08000220   0x08000220   0x00000006   Code   RO          151    .ARM.Collect$$_printf_percent$$0000000A  c_wu.l(_printf_u.o)
    0x08000226   0x08000226   0x00000004   Code   RO          164    .ARM.Collect$$_printf_percent$$00000017  c_wu.l(_printf_percent_end.o)
    0x0800022a   0x0800022a   0x00000002   Code   RO          191    .ARM.Collect$$libinit$$00000000  c_wu.l(libinit.o)
    0x0800022c   0x0800022c   0x00000004   Code   RO          197    .ARM.Collect$$libinit$$00000001  c_wu.l(libinit2.o)
    0x08000230   0x08000230   0x00000000   Code   RO          200    .ARM.Collect$$libinit$$00000004  c_wu.l(libinit2.o)
    0x08000230   0x08000230   0x00000000   Code   RO          202    .ARM.Collect$$libinit$$00000006  c_wu.l(libinit2.o)
    0x08000230   0x08000230   0x00000000   Code   RO          205    .ARM.Collect$$libinit$$0000000C  c_wu.l(libinit2.o)
    0x08000230   0x08000230   0x00000000   Code   RO          207    .ARM.Collect$$libinit$$0000000E  c_wu.l(libinit2.o)
    0x08000230   0x08000230   0x00000000   Code   RO          209    .ARM.Collect$$libinit$$00000010  c_wu.l(libinit2.o)
    0x08000230   0x08000230   0x00000000   Code   RO          212    .ARM.Collect$$libinit$$00000013  c_wu.l(libinit2.o)
    0x08000230   0x08000230   0x00000000   Code   RO          214    .ARM.Collect$$libinit$$00000015  c_wu.l(libinit2.o)
    0x08000230   0x08000230   0x00000000   Code   RO          216    .ARM.Collect$$libinit$$00000017  c_wu.l(libinit2.o)
    0x08000230   0x08000230   0x00000000   Code   RO          218    .ARM.Collect$$libinit$$00000019  c_wu.l(libinit2.o)
    0x08000230   0x08000230   0x00000000   Code   RO          220    .ARM.Collect$$libinit$$0000001B  c_wu.l(libinit2.o)
    0x08000230   0x08000230   0x00000000   Code   RO          222    .ARM.Collect$$libinit$$0000001D  c_wu.l(libinit2.o)
    0x08000230   0x08000230   0x00000000   Code   RO          224    .ARM.Collect$$libinit$$0000001F  c_wu.l(libinit2.o)
    0x08000230   0x08000230   0x00000000   Code   RO          226    .ARM.Collect$$libinit$$00000021  c_wu.l(libinit2.o)
    0x08000230   0x08000230   0x00000000   Code   RO          228    .ARM.Collect$$libinit$$00000023  c_wu.l(libinit2.o)
    0x08000230   0x08000230   0x00000000   Code   RO          230    .ARM.Collect$$libinit$$00000025  c_wu.l(libinit2.o)
    0x08000230   0x08000230   0x00000000   Code   RO          232    .ARM.Collect$$libinit$$00000027  c_wu.l(libinit2.o)
    0x08000230   0x08000230   0x00000000   Code   RO          236    .ARM.Collect$$libinit$$0000002E  c_wu.l(libinit2.o)
    0x08000230   0x08000230   0x00000000   Code   RO          238    .ARM.Collect$$libinit$$00000030  c_wu.l(libinit2.o)
    0x08000230   0x08000230   0x00000000   Code   RO          240    .ARM.Collect$$libinit$$00000032  c_wu.l(libinit2.o)
    0x08000230   0x08000230   0x00000000   Code   RO          242    .ARM.Collect$$libinit$$00000034  c_wu.l(libinit2.o)
    0x08000230   0x08000230   0x00000002   Code   RO          243    .ARM.Collect$$libinit$$00000035  c_wu.l(libinit2.o)
    0x08000232   0x08000232   0x00000002   Code   RO          265    .ARM.Collect$$libshutdown$$00000000  c_wu.l(libshutdown.o)
    0x08000234   0x08000234   0x00000000   Code   RO          280    .ARM.Collect$$libshutdown$$00000002  c_wu.l(libshutdown2.o)
    0x08000234   0x08000234   0x00000000   Code   RO          282    .ARM.Collect$$libshutdown$$00000004  c_wu.l(libshutdown2.o)
    0x08000234   0x08000234   0x00000000   Code   RO          285    .ARM.Collect$$libshutdown$$00000007  c_wu.l(libshutdown2.o)
    0x08000234   0x08000234   0x00000000   Code   RO          288    .ARM.Collect$$libshutdown$$0000000A  c_wu.l(libshutdown2.o)
    0x08000234   0x08000234   0x00000000   Code   RO          290    .ARM.Collect$$libshutdown$$0000000C  c_wu.l(libshutdown2.o)
    0x08000234   0x08000234   0x00000000   Code   RO          293    .ARM.Collect$$libshutdown$$0000000F  c_wu.l(libshutdown2.o)
    0x08000234   0x08000234   0x00000002   Code   RO          294    .ARM.Collect$$libshutdown$$00000010  c_wu.l(libshutdown2.o)
    0x08000236   0x08000236   0x00000000   Code   RO          157    .ARM.Collect$$rtentry$$00000000  c_wu.l(__rtentry.o)
    0x08000236   0x08000236   0x00000000   Code   RO          166    .ARM.Collect$$rtentry$$00000002  c_wu.l(__rtentry2.o)
    0x08000236   0x08000236   0x00000006   Code   RO          178    .ARM.Collect$$rtentry$$00000004  c_wu.l(__rtentry4.o)
    0x0800023c   0x0800023c   0x00000000   Code   RO          168    .ARM.Collect$$rtentry$$00000009  c_wu.l(__rtentry2.o)
    0x0800023c   0x0800023c   0x00000004   Code   RO          169    .ARM.Collect$$rtentry$$0000000A  c_wu.l(__rtentry2.o)
    0x08000240   0x08000240   0x00000000   Code   RO          171    .ARM.Collect$$rtentry$$0000000C  c_wu.l(__rtentry2.o)
    0x08000240   0x08000240   0x00000008   Code   RO          172    .ARM.Collect$$rtentry$$0000000D  c_wu.l(__rtentry2.o)
    0x08000248   0x08000248   0x00000002   Code   RO          195    .ARM.Collect$$rtexit$$00000000  c_wu.l(rtexit.o)
    0x0800024a   0x0800024a   0x00000000   Code   RO          245    .ARM.Collect$$rtexit$$00000002  c_wu.l(rtexit2.o)
    0x0800024a   0x0800024a   0x00000004   Code   RO          246    .ARM.Collect$$rtexit$$00000003  c_wu.l(rtexit2.o)
    0x0800024e   0x0800024e   0x00000006   Code   RO          247    .ARM.Collect$$rtexit$$00000004  c_wu.l(rtexit2.o)
    0x08000254   0x08000254   0x00000040   Code   RO          101  * .text               startup_stm32f429xx.o
    0x08000294   0x08000294   0x00000040   Code   RO          125    .text               c_wu.l(noretval__2snprintf.o)
    0x080002d4   0x080002d4   0x00000068   Code   RO          127    .text               c_wu.l(__printf.o)
    0x0800033c   0x0800033c   0x00000078   Code   RO          129    .text               c_wu.l(_printf_dec.o)
    0x080003b4   0x080003b4   0x00000006   Code   RO          153    .text               c_wu.l(heapauxi.o)
    0x080003ba   0x080003ba   0x000000b2   Code   RO          158    .text               c_wu.l(_printf_intcommon.o)
    0x0800046c   0x0800046c   0x00000030   Code   RO          160    .text               c_wu.l(_printf_char_common.o)
    0x0800049c   0x0800049c   0x00000010   Code   RO          162    .text               c_wu.l(_snputc.o)
    0x080004ac   0x080004ac   0x0000004a   Code   RO          182    .text               c_wu.l(sys_stackheap_outer.o)
    0x080004f6   0x080004f6   0x00000012   Code   RO          184    .text               c_wu.l(exit.o)
    0x08000508   0x08000508   0x00000008   Code   RO          192    .text               c_wu.l(libspace.o)
    0x08000510   0x08000510   0x0000000c   Code   RO          255    .text               c_wu.l(sys_exit.o)
    0x0800051c   0x0800051c   0x00000002   Code   RO          270    .text               c_wu.l(use_no_semi.o)
    0x0800051e   0x0800051e   0x00000000   Code   RO          272    .text               c_wu.l(indicate_semi.o)
    0x0800051e   0x0800051e   0x00000002   PAD
    0x08000520   0x08000520   0x0000004c   Code   RO           43    .text.Init_LED      led.o
    0x0800056c   0x0800056c   0x00000044   Code   RO           49    .text.Init_Timer2   led.o
    0x080005b0   0x080005b0   0x0000004c   Code   RO           34    .text.Init_Timer3   adc.o
    0x080005fc   0x080005fc   0x00000030   Code   RO           81    .text.LCD_DisplayHeartRate  lcd.o
    0x0800062c   0x0800062c   0x00000030   Code   RO           83    .text.LCD_DisplaySampleRate  lcd.o
    0x0800065c   0x0800065c   0x00000012   Code   RO           79    .text.LCD_String    lcd.o
    0x0800066e   0x0800066e   0x00000024   Code   RO           85    .text.LCD_UpdateDisplay  lcd.o
    0x08000692   0x08000692   0x00000002   PAD
    0x08000694   0x08000694   0x0000001c   Code   RO           71    .text.LCD_strobe    lcd.o
    0x080006b0   0x080006b0   0x00000012   Code   RO           53    .text.OUTLINED_FUNCTION_0  led.o
    0x080006c2   0x080006c2   0x00000012   Code   RO           87    .text.OUTLINED_FUNCTION_0  lcd.o
    0x080006d4   0x080006d4   0x00000006   Code   RO           89    .text.OUTLINED_FUNCTION_1  lcd.o
    0x080006da   0x080006da   0x00000002   PAD
    0x080006dc   0x080006dc   0x00000068   Code   RO          110    .text.SystemCoreClockUpdate  system_stm32f4xx.o
    0x08000744   0x08000744   0x0000004c   Code   RO          108    .text.SystemInit    system_stm32f4xx.o
    0x08000790   0x08000790   0x00000018   Code   RO           51    .text.TIM2_IRQHandler  led.o
    0x080007a8   0x080007a8   0x00000024   Code   RO            2    .text.TIM3_IRQHandler  main.o
    0x080007cc   0x080007cc   0x00000010   Code   RO           47    .text.Toggle_LED2   led.o
    0x080007dc   0x080007dc   0x0000000e   Code   RO           65    .text.WaitLcdBusy   lcd.o
    0x080007ea   0x080007ea   0x00000002   PAD
    0x080007ec   0x080007ec   0x0000001c   Code   RO           73    .text.cmdLCD        lcd.o
    0x08000808   0x08000808   0x00000060   Code   RO           77    .text.initLCD       lcd.o
    0x08000868   0x08000868   0x0000004c   Code   RO           30    .text.init_ADC      adc.o
    0x080008b4   0x080008b4   0x00000068   Code   RO           20    .text.init_USART    usart.o
    0x0800091c   0x0800091c   0x00000028   Code   RO           63    .text.lcd_delayus   lcd.o
    0x08000944   0x08000944   0x00000088   Code   RO            6    .text.main          main.o
    0x080009cc   0x080009cc   0x00000088   Code   RO            4    .text.process_heart_rate  main.o
    0x08000a54   0x08000a54   0x00000020   Code   RO           75    .text.putLCD        lcd.o
    0x08000a74   0x08000a74   0x00000044   Code   RO           67    .text.read_LCD_busy_flag  lcd.o
    0x08000ab8   0x08000ab8   0x00000020   Code   RO           32    .text.read_adc      adc.o
    0x08000ad8   0x08000ad8   0x00000010   Code   RO           18    .text.send_usart    usart.o
    0x08000ae8   0x08000ae8   0x0000001a   Code   RO          253    x$fpl$fpinit        fz_wm.l(fpinit.o)
    0x08000b02   0x08000b02   0x00000010   Data   RO          113    .rodata.AHBPrescTable  system_stm32f4xx.o
    0x08000b12   0x08000b12   0x00000002   PAD
    0x08000b14   0x08000b14   0x00000020   Data   RO          328    Region$$Table       anon$$obj.o


    Execution Region ER_RW (Exec base: 0x20000000, Load base: 0x08000b34, Size: 0x00000004, Max: 0xffffffff, ABSOLUTE)

    Exec Addr    Load Addr    Size         Type   Attr      Idx    E Section Name        Object

    0x20000000   0x08000b34   0x00000004   Data   RW          112    .data.SystemCoreClock  system_stm32f4xx.o


    Execution Region ER_ZI (Exec base: 0x20000008, Load base: 0x08000b38, Size: 0x00000688, Max: 0xffffffff, ABSOLUTE)

    Exec Addr    Load Addr    Size         Type   Attr      Idx    E Section Name        Object

    0x20000008        -       0x00000060   Zero   RW          193    .bss                c_wu.l(libspace.o)
    0x20000068        -       0x00000024   Zero   RW            9    .bss..L_MergedGlobals  main.o
    0x2000008c   0x08000b38   0x00000004   PAD
    0x20000090        -       0x00000200   Zero   RW           99    HEAP                startup_stm32f429xx.o
    0x20000290        -       0x00000400   Zero   RW           98    STACK               startup_stm32f429xx.o


==============================================================================

Image component sizes


      Code (inc. data)   RO Data    RW Data    ZI Data      Debug   Object Name

       184         32          0          0          0       5387   adc.o
       480         52          0          0          0       3917   lcd.o
       202         20          0          0          0       5186   led.o
       308         36          0          0         36       2394   main.o
        64         26        428          0       1536        928   startup_stm32f429xx.o
       180         32         16          4          0       2798   system_stm32f4xx.o
       120         12          0          0          0       2097   usart.o

    ----------------------------------------------------------------------
      1544        210        478          4       1576      22707   Object Totals
         0          0         32          0          0          0   (incl. Generated)
         6          0          2          0          4          0   (incl. Padding)

    ----------------------------------------------------------------------

      Code (inc. data)   RO Data    RW Data    ZI Data      Debug   Library Member Name

         8          0          0          0          0         68   __main.o
       104          0          0          0          0         84   __printf.o
         0          0          0          0          0          0   __rtentry.o
        12          0          0          0          0          0   __rtentry2.o
         6          0          0          0          0          0   __rtentry4.o
        52          8          0          0          0          0   __scatter.o
        26          0          0          0          0          0   __scatter_copy.o
        28          0          0          0          0          0   __scatter_zi.o
        48          6          0          0          0         96   _printf_char_common.o
       120         16          0          0          0         92   _printf_dec.o
       178          0          0          0          0         88   _printf_intcommon.o
         0          0          0          0          0          0   _printf_percent.o
         4          0          0          0          0          0   _printf_percent_end.o
         6          0          0          0          0          0   _printf_u.o
        16          0          0          0          0         68   _snputc.o
        18          0          0          0          0         80   exit.o
         6          0          0          0          0        152   heapauxi.o
         0          0          0          0          0          0   indicate_semi.o
         2          0          0          0          0          0   libinit.o
         6          0          0          0          0          0   libinit2.o
         2          0          0          0          0          0   libshutdown.o
         2          0          0          0          0          0   libshutdown2.o
         8          4          0          0         96         68   libspace.o
        64          6          0          0          0         84   noretval__2snprintf.o
         2          0          0          0          0          0   rtexit.o
        10          0          0          0          0          0   rtexit2.o
        12          4          0          0          0         68   sys_exit.o
        74          0          0          0          0         80   sys_stackheap_outer.o
         2          0          0          0          0         68   use_no_semi.o
        26          0          0          0          0        116   fpinit.o

    ----------------------------------------------------------------------
       846         44          0          0         96       1212   Library Totals
         4          0          0          0          0          0   (incl. Padding)

    ----------------------------------------------------------------------

      Code (inc. data)   RO Data    RW Data    ZI Data      Debug   Library Name

       816         44          0          0         96       1096   c_wu.l
        26          0          0          0          0        116   fz_wm.l

    ----------------------------------------------------------------------
       846         44          0          0         96       1212   Library Totals

    ----------------------------------------------------------------------

==============================================================================


      Code (inc. data)   RO Data    RW Data    ZI Data      Debug   

      2390        254        478          4       1672      23351   Grand Totals
      2390        254        478          4       1672      23351   ELF Image Totals
      2390        254        478          4          0          0   ROM Totals

==============================================================================

    Total RO  Size (Code + RO Data)                 2868 (   2.80kB)
    Total RW  Size (RW Data + ZI Data)              1676 (   1.64kB)
    Total ROM Size (Code + RO Data + RW Data)       2872 (   2.80kB)

==============================================================================

